<!-- 
RSS generated by JIRA (8.20.10#820010-sha1:ace47f9899e9ee25d7157d59aa17ab06aee30d3d) at Tue Nov 11 23:13:00 UTC 2025

It is possible to restrict the fields that are returned in this document by specifying the 'field' parameter in your request.
For example, to request only the issue key and summary append 'field=key&field=summary' to the URL of your request.
-->
<rss version="0.92" >
<channel>
    <title>ASF JIRA</title>
    <link>https://issues.apache.org/jira</link>
    <description>This file is an XML representation of an issue</description>
    <language>en-uk</language>    <build-info>
        <version>8.20.10</version>
        <build-number>820010</build-number>
        <build-date>22-06-2022</build-date>
    </build-info>


<item>
            <title>[CASSANDRA-14096] Cassandra 3.11.1 Repair Causes Out of Memory</title>
                <link>https://issues.apache.org/jira/browse/CASSANDRA-14096</link>
                <project id="12310865" key="CASSANDRA">Apache Cassandra</project>
                    <description>&lt;p&gt;Number of nodes: 9&lt;br/&gt;
System resources: 8 Core, 16GB RAM&lt;br/&gt;
Replication factor: 3&lt;br/&gt;
Number of vnodes: 256&lt;/p&gt;

&lt;p&gt;We get out of memory errors while repairing (incremental or full) our keyspace. I had tried to increase node&apos;s memory from 16GB to 32GB but result did not change. Repairing tables one by one in our keyspace was not completed successfully for all tables too. &lt;/p&gt;

&lt;p&gt;Only subrange repair with cassandra-reaper worked for me.&lt;/p&gt;

&lt;p&gt;Here is the output of heap utils before oom:&lt;/p&gt;

&lt;div class=&quot;code panel&quot; style=&quot;border-width: 1px;&quot;&gt;&lt;div class=&quot;codeContent panelContent&quot;&gt;
&lt;pre class=&quot;code-java&quot;&gt;

ERROR [MessagingService-Incoming-/192.168.199.121] 2017-12-05 11:38:08,121 JVMStabilityInspector.java:142 - JVM state determined to be unstable.  Exiting forcefully due to:
java.lang.OutOfMemoryError: Java heap space
	at org.apache.cassandra.gms.GossipDigestSerializationHelper.deserialize(GossipDigestSyn.java:66) ~[apache-cassandra-3.11.1.jar:3.11.1]
	at org.apache.cassandra.gms.GossipDigestSynSerializer.deserialize(GossipDigestSyn.java:95) ~[apache-cassandra-3.11.1.jar:3.11.1]
	at org.apache.cassandra.gms.GossipDigestSynSerializer.deserialize(GossipDigestSyn.java:81) ~[apache-cassandra-3.11.1.jar:3.11.1]
	at org.apache.cassandra.net.MessageIn.read(MessageIn.java:123) ~[apache-cassandra-3.11.1.jar:3.11.1]
	at org.apache.cassandra.net.IncomingTcpConnection.receiveMessage(IncomingTcpConnection.java:192) ~[apache-cassandra-3.11.1.jar:3.11.1]
	at org.apache.cassandra.net.IncomingTcpConnection.receiveMessages(IncomingTcpConnection.java:180) ~[apache-cassandra-3.11.1.jar:3.11.1]
	at org.apache.cassandra.net.IncomingTcpConnection.run(IncomingTcpConnection.java:94) ~[apache-cassandra-3.11.1.jar:3.11.1]
&lt;/pre&gt;
&lt;/div&gt;&lt;/div&gt;

&lt;div class=&quot;code panel&quot; style=&quot;border-width: 1px;&quot;&gt;&lt;div class=&quot;codeContent panelContent&quot;&gt;
&lt;pre class=&quot;code-java&quot;&gt;
 num     #instances         #bytes  &lt;span class=&quot;code-keyword&quot;&gt;class &lt;/span&gt;name
----------------------------------------------
   1:      31105265     1493052720  org.apache.cassandra.utils.MerkleTree$Inner
   2:      31134570      996306240  org.apache.cassandra.utils.MerkleTree$Leaf
   3:      31195121      748682904  org.apache.cassandra.dht.Murmur3Partitioner$LongToken
   4:      22885384      667447608  [B
   5:        214550       18357360  [C
   6:        364637       17502576  java.nio.HeapByteBuffer
   7:         46525        9566496  [J
   8:        111024        5306976  [Ljava.lang.&lt;span class=&quot;code-object&quot;&gt;Object&lt;/span&gt;;
   9:        132674        5306960  org.apache.cassandra.db.rows.BufferCell
  10:        210309        5047416  java.lang.&lt;span class=&quot;code-object&quot;&gt;String&lt;/span&gt;
  11:         59984        3838976  org.apache.cassandra.utils.btree.BTreeSearchIterator
  12:        101181        3237792  java.util.HashMap$Node
  13:         27158        2719216  [I
  14:         60181        2407240  java.util.TreeMap$Entry
  15:         65998        2111936  org.apache.cassandra.db.rows.BTreeRow
  16:         62387        2023784  [Ljava.nio.ByteBuffer;
  17:         19086        1750464  [Ljava.util.HashMap$Node;
  18:         63466        1523184  javax.management.ObjectName$Property
  19:         61553        1477272  org.apache.cassandra.db.BufferClustering
  20:         29274        1405152  org.apache.cassandra.utils.MerkleTree
  21:         34602        1384080  org.apache.cassandra.db.rows.UnfilteredSerializer$$Lambda$100/78247817
  22:         40972        1311104  java.util.concurrent.ConcurrentHashMap$Node
  23:         39172        1253504  java.util.RandomAccessSubList
  24:         51657        1239768  org.apache.cassandra.db.LivenessInfo
  25:         19013        1216832  java.nio.DirectByteBuffer
  26:         28178        1127120  org.apache.cassandra.db.PreHashedDecoratedKey
  27:         32407        1033120  [Ljavax.management.ObjectName$Property;
  28:         42090        1010160  java.util.EnumMap$EntryIterator$Entry
  29:         40878         981072  java.util.Arrays$ArrayList
  30:         19721         946608  java.util.HashMap
  31:          8359         932600  java.lang.&lt;span class=&quot;code-object&quot;&gt;Class&lt;/span&gt;
  32:         37277         894648  org.apache.cassandra.dht.Range
  33:         26897         860704  org.apache.cassandra.db.rows.EncodingStats
  34:         19958         798320  org.apache.cassandra.utils.MergeIterator$Candidate
  35:         31281         750744  java.util.ArrayList
  36:         23291         745312  org.apache.cassandra.utils.MerkleTree$TreeRange
  37:         21650         692800  java.util.AbstractList$ListItr
  38:         27675         664200  java.lang.&lt;span class=&quot;code-object&quot;&gt;Long&lt;/span&gt;
  39:         16204         648160  javax.management.ObjectName
  40:         36873         589968  org.apache.cassandra.utils.WrappedInt
  41:          4100         557600  com.googlecode.concurrentlinkedhashmap.ConcurrentLinkedHashMap$PaddedAtomicReference
  42:         21651         519624  java.util.SubList$1
  43:         12275         491000  java.math.BigInteger
  44:          8657         484792  org.apache.cassandra.utils.memory.BufferPool$Chunk
  45:         14732         471424  java.util.ArrayList$Itr
  46:          5371         429680  java.lang.reflect.Constructor
  47:         12640         404480  com.codahale.metrics.LongAdder
  48:         16156         387744  com.sun.jmx.mbeanserver.NamedObject
  49:         16133         387192  com.sun.jmx.mbeanserver.StandardMBeanSupport
  50:          9536         381440  org.apache.cassandra.db.EmptyIterators$EmptyUnfilteredRowIterator
  51:          6035         337960  org.apache.cassandra.db.rows.UnfilteredRowIterators$UnfilteredRowMergeIterator
  52:          6031         337736  org.apache.cassandra.db.transform.UnfilteredRows
  53:          8298         331920  org.apache.cassandra.db.rows.BTreeRow$Builder
  54:          5182         331648  sun.security.provider.SHA2$SHA256
  55:         10356         331392  org.apache.cassandra.utils.btree.BTree$$Lambda$192/259279152
  56:          8145         325800  org.apache.cassandra.db.rows.SerializationHelper
  57:          8144         325760  org.apache.cassandra.io.sstable.SSTableIdentityIterator
  58:          8144         325760  org.apache.cassandra.io.sstable.SSTableSimpleIterator$CurrentFormatIterator
  59:           176         319536  [Ljava.util.concurrent.ConcurrentHashMap$Node;
  60:          9716         310912  java.net.InetAddress$InetAddressHolder
  61:          7770         310800  com.github.benmanes.caffeine.cache.NodeFactory$SStMW
  62:         18470         295520  org.apache.cassandra.db.rows.CellPath$SingleItemCellPath
  63:          2505         276784  [S
  64:          5646         271008  com.codahale.metrics.EWMA
  65:         11258         270192  java.util.concurrent.ConcurrentLinkedDeque$Node
  66:          8248         263936  org.apache.cassandra.io.sstable.format.big.BigTableScanner$KeyScanningIterator$1
  67:         10618         254832  java.lang.&lt;span class=&quot;code-object&quot;&gt;Double&lt;/span&gt;
  68:          7921         253472  org.apache.cassandra.cache.ChunkCache$Buffer
  69:          7773         248736  org.apache.cassandra.cache.ChunkCache$Key
  70:         10296         247104  org.apache.cassandra.dht.Token$KeyBound
  71:          6096         243816  [Lorg.apache.cassandra.db.transform.Transformation;
  72:          6035         241400  org.apache.cassandra.db.rows.Row$Merger
  73:          6034         241360  org.apache.cassandra.db.rows.RangeTombstoneMarker$Merger
  74:          6034         241360  org.apache.cassandra.db.rows.Row$Merger$ColumnDataReducer
  75:          9969         239256  org.apache.cassandra.db.RowIndexEntry
  76:          9699         232776  java.net.Inet4Address
  77:          5750         230000  org.apache.cassandra.utils.concurrent.Ref$State
  78:         13690         219040  java.util.concurrent.atomic.AtomicInteger
  79:          9091         218184  org.apache.cassandra.gms.GossipDigest
  80:         12392         216040  [Ljava.lang.&lt;span class=&quot;code-object&quot;&gt;Class&lt;/span&gt;;
  81:          5289         211560  org.apache.cassandra.utils.MergeIterator$ManyToOne
  82:         13079         209264  java.lang.&lt;span class=&quot;code-object&quot;&gt;Object&lt;/span&gt;
  83:          5183         207320  org.apache.cassandra.repair.Validator$CountingDigest
  84:          8157         195768  org.apache.cassandra.metrics.CassandraMetricsRegistry$JmxGauge
  85:          6035         193120  org.apache.cassandra.db.rows.UnfilteredRowIterators$UnfilteredRowMergeIterator$MergeReducer
  86:          6023         192736  org.apache.cassandra.db.LivenessInfo$ExpiringLivenessInfo
  87:          5745         183840  com.google.common.collect.RegularImmutableList
  88:          6035         180640  [Lorg.apache.cassandra.db.rows.Row;
  89:          6034         180600  [Lorg.apache.cassandra.db.rows.RangeTombstoneMarker;
  90:          6033         180576  [Lorg.apache.cassandra.db.DeletionTime;
  91:          7464         179136  org.apache.cassandra.db.rows.BTreeRow$$Lambda$109/2102075500
  92:          5288         171488  [Lorg.apache.cassandra.utils.MergeIterator$Candidate;
  93:          5331         170592  com.google.common.collect.Iterators$11
  94:          5183         165856  java.security.MessageDigest$Delegate
  95:          5178         165696  com.google.common.collect.Iterators$7
  96:          5157         165024  org.apache.cassandra.utils.MerkleTree$RowHash
  97:           169         163280  [Lio.netty.util.Recycler$DefaultHandle;
  98:          2304         147456  io.netty.buffer.PoolSubpage
  99:          4608         147456  java.util.EnumMap$EntryIterator
 100:          6034         144816  org.apache.cassandra.db.rows.Row$Merger$CellReducer
 101:          1595         140360  java.lang.reflect.Method
 102:          2893         138864  java.util.TreeMap
 103:          5750         138000  org.apache.cassandra.utils.concurrent.Ref
 104:          8453         135248  org.apache.cassandra.db.rows.BTreeRow$Builder$CellResolver
 105:          5613         134712  java.util.concurrent.atomic.AtomicLong
 106:          5509         132216  org.apache.cassandra.utils.btree.BTree$FiltrationTracker
 107:          5179         124296  com.google.common.collect.Iterables$6
 108:          5179         124296  com.google.common.collect.Iterables$8
 109:          5179         124296  com.google.common.collect.Iterators$5
 110:          5179         124296  com.google.common.collect.Iterators$8
 111:          5177         124248  com.google.common.collect.Iterables$2
 112:          5159         123816  sun.security.jca.GetInstance$Instance
 113:          2577         123696  java.util.concurrent.locks.ReentrantReadWriteLock$NonfairSync
 114:          2399         115152  org.apache.cassandra.metrics.DecayingEstimatedHistogramReservoir
 115:          4643         111432  org.apache.cassandra.db.DeletionTime
 116:          4490         107760  org.apache.cassandra.db.Columns
 117:          2673         106920  java.util.EnumMap
 118:          4202         100848  org.apache.cassandra.metrics.CassandraMetricsRegistry$JmxCounter
 119:          6095          97520  org.apache.cassandra.db.transform.BaseIterator$Stop
 120:          4041          96984  java.util.concurrent.ConcurrentLinkedDeque
 121:          4033          96792  org.apache.cassandra.utils.concurrent.Ref$GlobalState
 122:          1882          90336  com.codahale.metrics.Meter
 123:          5596          89536  java.util.concurrent.atomic.AtomicLongArray
 124:          1845          88560  org.apache.cassandra.metrics.CassandraMetricsRegistry$JmxTimer
 125:          5179          82864  com.google.common.collect.Iterables$3
 126:          2050          82000  org.apache.cassandra.utils.btree.BTree$Builder
 127:          1111          71104  java.nio.DirectByteBufferR
 128:          1713          68520  java.util.LinkedHashMap$Entry
 129:          2115          67680  io.netty.util.Recycler$DefaultHandle
 130:          1687          67480  java.lang.ref.SoftReference
 131:          1519          66968  [Ljava.lang.&lt;span class=&quot;code-object&quot;&gt;String&lt;/span&gt;;
 132:          2724          65376  org.apache.cassandra.db.PartitionColumns
 133:          1598          63920  org.apache.cassandra.io.util.MmappedRegions$State
 134:          2572          61728  java.util.concurrent.locks.ReentrantReadWriteLock
 135:          3736          59776  java.util.concurrent.atomic.AtomicBoolean
 136:           154          59136  io.netty.util.concurrent.FastThreadLocalThread
 137:          1835          58720  org.apache.cassandra.utils.MergeIterator$TrivialOneToOne
 138:          1794          57408  org.apache.cassandra.gms.EndpointState
 139:           896          57344  org.apache.cassandra.config.ColumnDefinition
 140:          1385          55400  sun.misc.Cleaner
 141:          2302          55248  org.apache.cassandra.db.commitlog.CommitLogPosition
 142:          1713          54816  java.io.FileDescriptor
 143:           802          51328  sun.nio.ch.FileChannelImpl
 144:          2137          51288  org.apache.cassandra.db.rows.Row$Deletion
 145:           400          51200  org.apache.cassandra.io.sstable.format.big.BigTableReader
 146:          1584          50688  java.lang.StackTraceElement
 147:          1583          50656  com.googlecode.concurrentlinkedhashmap.ConcurrentHashMapV8$Node
 148:          1583          50656  com.googlecode.concurrentlinkedhashmap.ConcurrentLinkedHashMap$Node
 149:          1579          50528  java.lang.ref.WeakReference
 150:          1563          50016  org.apache.cassandra.io.util.Memory
 151:          1559          49888  java.util.concurrent.locks.ReentrantLock$NonfairSync
 152:            60          48760  [D
 153:           867          48552  java.lang.invoke.MemberName
 154:          1176          47040  org.apache.cassandra.concurrent.DebuggableThreadPoolExecutor$LocalSessionWrapper
 155:          1176          47040  org.apache.cassandra.net.MessageIn
 156:          1938          46512  org.apache.cassandra.db.rows.ComplexColumnData
 157:          1157          46280  com.google.common.util.concurrent.AbstractFuture$Sync
 158:          1893          45432  java.util.concurrent.Executors$RunnableAdapter
 159:           400          44800  org.apache.cassandra.io.sstable.metadata.StatsMetadata
 160:           605          43560  java.util.concurrent.ScheduledThreadPoolExecutor$ScheduledFutureTask
 161:          2713          43408  com.codahale.metrics.Counter
 162:          1794          43056  org.apache.cassandra.gms.HeartBeatState
 163:          1033          41320  org.apache.cassandra.db.rows.BTreeRow$Builder$ComplexColumnDeletion
 164:          2581          41296  java.util.concurrent.locks.ReentrantReadWriteLock$ReadLock
 165:          2581          41296  java.util.concurrent.locks.ReentrantReadWriteLock$Sync$ThreadLocalHoldCounter
 166:          2581          41296  java.util.concurrent.locks.ReentrantReadWriteLock$WriteLock
 167:           616          39424  com.google.common.collect.MapMakerInternalMap$Segment
 168:          1611          38664  com.codahale.metrics.Histogram
 169:          1611          38664  com.codahale.metrics.Timer
 170:          2410          38560  java.util.concurrent.atomic.AtomicReference
 171:           601          38464  java.util.concurrent.ConcurrentHashMap
 172:          1601          38424  org.apache.cassandra.io.util.ChannelProxy
 173:          1587          38088  org.apache.cassandra.cache.KeyCacheKey
 174:          1583          37992  com.googlecode.concurrentlinkedhashmap.ConcurrentLinkedHashMap$WeightedValue
 175:           945          37800  org.apache.cassandra.metrics.LatencyMetrics
 176:          1557          37368  org.apache.cassandra.gms.VersionedValue
 177:          1157          37024  java.lang.ThreadLocal$ThreadLocalMap$Entry
 178:          1540          36960  java.util.concurrent.LinkedBlockingQueue$Node
 179:          1525          36600  org.apache.cassandra.repair.NodePair
 180:           151          36240  org.apache.cassandra.metrics.TableMetrics
 181:          1490          35760  java.util.concurrent.ConcurrentLinkedQueue$Node
 182:          2213          35408  java.util.TreeMap$KeySet
 183:           868          34720  java.util.HashMap$ValueIterator
 184:           863          34520  java.lang.invoke.MethodType
 185:           710          34080  org.apache.cassandra.metrics.RestorableMeter$RestorableEWMA
 186:           418          33696  [Ljava.lang.ThreadLocal$ThreadLocalMap$Entry;
 187:           809          32360  sun.nio.ch.FileChannelImpl$Unmapper
 188:          1344          32256  com.google.common.util.concurrent.ExecutionList
 189:          1342          32208  org.apache.cassandra.utils.Pair
 190:          2012          32192  java.lang.&lt;span class=&quot;code-object&quot;&gt;Integer&lt;/span&gt;
 191:           800          32000  org.apache.cassandra.io.util.FileHandle
 192:          1333          31992  org.apache.cassandra.metrics.CassandraMetricsRegistry$JmxHistogram
 193:          1324          31776  [Lorg.apache.cassandra.dht.Range;
 194:           948          30336  org.apache.cassandra.db.partitions.AbstractBTreePartition$Holder
 195:          1223          29352  java.lang.StringBuilder
 196:           898          28736  sun.security.util.DerInputBuffer
 197:           898          28736  sun.security.util.DerValue
 198:          1196          28704  javax.management.openmbean.CompositeDataSupport
 199:          1176          28224  org.apache.cassandra.concurrent.ExecutorLocals
 200:          1176          28224  org.apache.cassandra.net.MessageDeliveryTask
 201:           866          27712  java.lang.invoke.MethodType$ConcurrentWeakInternSet$WeakEntry
 202:          1143          27432  org.apache.cassandra.repair.SyncStat
 203:           685          27400  org.apache.cassandra.io.sstable.IndexInfo
 204:          1109          26616  org.apache.cassandra.utils.Interval
 205:           828          26496  org.apache.cassandra.utils.MergeIterator$OneToOne
 206:           816          26112  java.lang.ref.ReferenceQueue
 207:           800          25600  org.apache.cassandra.io.util.FileHandle$Cleanup
 208:           982          23568  java.util.Collections$UnmodifiableRandomAccessList
 209:           716          22912  org.apache.cassandra.db.context.CounterContext$ContextState
 210:           941          22584  org.apache.cassandra.utils.MerkleTrees
 211:           400          22400  org.apache.cassandra.io.compress.CompressionMetadata
 212:           400          22400  org.apache.cassandra.io.sstable.IndexSummary
 213:           400          22400  org.apache.cassandra.io.sstable.format.SSTableReader$InstanceTidier
 214:           553          22120  org.apache.cassandra.db.SerializationHeader
 215:           389          21784  sun.nio.cs.UTF_8$Encoder
 216:           160          21760  io.netty.util.internal.InternalThreadLocalMap
 217:           898          21552  sun.security.util.DerInputStream
 218:           445          21360  org.apache.cassandra.repair.RepairJob
 219:           885          21240  [Lsun.security.x509.AVA;
 220:           885          21240  sun.security.x509.AVA
 221:           885          21240  sun.security.x509.RDN
 222:           878          21072  org.apache.cassandra.repair.TreeResponse
 223:           855          20520  java.util.concurrent.ConcurrentSkipListMap$Node
 224:           628          20096  java.util.Hashtable$Entry
 225:           349          20024  [Z
 226:           621          19872  java.io.File
 227:          1233          19728  java.util.TreeMap$Values
 228:          1212          19392  java.util.Optional
 229:           404          19392  org.apache.cassandra.io.sstable.Descriptor
 230:           604          19328  [Lcom.codahale.metrics.Histogram;
 231:           802          19248  sun.nio.ch.NativeThreadSet
 232:           801          19224  org.apache.cassandra.io.util.MmappedRegions
 233:           399          19152  org.apache.cassandra.io.sstable.format.big.BigFormat$BigVersion
 234:           798          19152  org.apache.cassandra.io.util.ChannelProxy$Cleanup
 235:           798          19152  org.apache.cassandra.utils.EstimatedHistogram
 236:           788          18912  org.apache.cassandra.metrics.ClearableHistogram
 237:           766          18384  com.google.common.collect.SingletonImmutableList
 238:           762          18288  org.apache.cassandra.gms.GossipDigestSyn
 239:           569          18208  java.nio.DirectByteBuffer$Deallocator
 240:           569          18208  org.apache.cassandra.db.filter.ColumnFilter
 241:           300          18000  [Ljava.lang.ref.SoftReference;
 242:           160          17920  org.apache.cassandra.config.CFMetaData
 243:           744          17856  java.util.concurrent.CopyOnWriteArrayList
 244:           442          17680  java.util.HashMap$EntryIterator
 245:           221          17680  org.apache.cassandra.io.sstable.format.big.BigTableScanner
 246:           225          17464  [Ljava.lang.StackTraceElement;
 247:          1084          17344  java.util.EnumMap$EntrySet
 248:           424          16960  org.apache.cassandra.utils.btree.NodeCursor
 249:            32          16896  [Lcom.googlecode.concurrentlinkedhashmap.ConcurrentLinkedHashMap$PaddedAtomicReference;
 250:           300          16800  org.apache.cassandra.db.compaction.SizeTieredCompactionStrategy
 251:             1          16400  [Lcom.googlecode.concurrentlinkedhashmap.ConcurrentHashMapV8$Node;
 252:           512          16384  org.apache.cassandra.repair.RepairJobDesc
 253:           154          16016  com.google.common.collect.MapMakerInternalMap
 254:           500          16000  java.lang.invoke.DirectMethodHandle
 255:           400          16000  org.apache.cassandra.io.sstable.BloomFilterTracker
 256:           998          15968  org.antlr.runtime.BitSet
 257:           664          15936  com.google.common.collect.ImmutableMapEntry$TerminalEntry
 258:           398          15920  java.util.WeakHashMap$Entry
 259:           392          15680  java.lang.ref.Finalizer
 260:           325          15600  java.util.concurrent.ConcurrentSkipListMap
 261:           487          15584  org.apache.cassandra.schema.CompressionParams
 262:           485          15520  sun.security.util.ObjectIdentifier
 263:           483          15456  org.apache.cassandra.db.partitions.AtomicBTreePartition
 264:           161          15456  org.apache.cassandra.schema.TableParams
 265:           170          15440  [Ljava.util.WeakHashMap$Entry;
 266:           384          15360  io.netty.buffer.PoolChunkList
 267:           382          15280  org.apache.cassandra.repair.RemoteSyncTask
 268:           941          15056  org.apache.cassandra.utils.MerkleTrees$TokenRangeComparator
 269:           622          14928  java.util.Collections$1
 270:           622          14928  org.apache.cassandra.db.RowIndexEntry$Serializer
 271:           930          14880  java.util.concurrent.locks.ReentrantLock
 272:           464          14848  org.apache.cassandra.cql3.ColumnIdentifier
 273:           925          14800  java.util.HashSet
 274:           264          14784  java.util.LinkedHashMap
 275:           151          14496  org.apache.cassandra.db.ColumnFamilyStore
 276:           604          14496  org.apache.cassandra.metrics.TableMetrics$TableHistogram
 277:           301          14448  ch.qos.logback.classic.Logger
 278:           355          14200  org.apache.cassandra.metrics.RestorableMeter
 279:           442          14144  org.apache.cassandra.io.util.RandomAccessReader
 280:           430          14056  [Lcom.google.common.collect.ImmutableMapEntry;
 281:           433          13856  com.google.common.collect.MapMakerInternalMap$StrongEntry
 282:           433          13856  com.google.common.collect.MapMakerInternalMap$WeakValueReference
 283:           855          13680  java.nio.channels.spi.AbstractInterruptibleChannel$1
 284:            34          13600  org.apache.cassandra.net.IncomingTcpConnection
 285:           333          13320  com.google.common.collect.RegularImmutableSortedMap
 286:           818          13088  java.lang.ref.ReferenceQueue$Lock
 287:           201          12864  java.net.URL
 288:           803          12848  sun.nio.ch.FileDispatcherImpl
 289:           401          12832  org.apache.cassandra.utils.BloomFilter
 290:           200          12800  java.util.regex.Matcher
 291:           400          12800  org.apache.cassandra.cache.ChunkCache$CachingRebufferer
 292:           400          12800  org.apache.cassandra.io.util.CompressedChunkReader$Mmap
 293:           400          12800  org.apache.cassandra.io.util.MmapRebufferer
 294:           799          12784  org.apache.cassandra.io.util.MmappedRegions$Tidier
 295:           799          12784  org.apache.cassandra.utils.concurrent.WrappedSharedCloseable$Tidy
 296:           399          12768  org.apache.cassandra.io.sstable.format.SSTableReader$GlobalTidy
 297:           797          12752  java.util.Collections$SingletonSet
 298:           396          12672  java.util.UUID
 299:           784          12544  java.util.HashMap$KeySet
 300:           521          12504  java.util.concurrent.ConcurrentLinkedQueue
 301:           154          12320  org.apache.cassandra.db.rows.RowAndDeletionMergeIterator
 302:           170          12240  java.lang.reflect.Field
 303:           507          12168  org.apache.cassandra.db.BufferDecoratedKey
 304:           151          12080  org.apache.cassandra.db.Memtable
 305:           302          12080  org.apache.cassandra.db.compaction.SizeTieredCompactionStrategyOptions
 306:           376          12032  java.lang.invoke.LambdaForm$Name
 307:           213          11928  sun.security.ssl.CipherSuite
 308:            27          11880  org.apache.cassandra.net.OutboundTcpConnection
 309:           738          11808  java.util.HashMap$Values
 310:           208          11648  java.lang.Package
 311:           242          11616  org.apache.cassandra.utils.IntervalTree$IntervalNode
 312:           128          11264  [Lio.netty.buffer.PoolSubpage;
 313:           699          11184  java.util.HashMap$EntrySet
 314:           155          11160  org.apache.cassandra.db.partitions.AtomicBTreePartition$RowUpdater
 315:           344          11008  java.util.concurrent.ConcurrentSkipListMap$HeadIndex
 316:           341          10912  sun.misc.FDBigInteger
 317:           227          10896  sun.security.x509.X500Name
 318:           453          10872  org.apache.cassandra.utils.DefaultValue
 319:           333          10656  com.google.common.collect.RegularImmutableSortedSet
 320:           265          10600  java.util.Formatter$FormatSpecifier
 321:           263          10520  [Ljava.util.Formatter$Flags;
 322:           433          10392  org.apache.cassandra.cql3.ColumnIdentifier$InternedKey
 323:            72          10368  com.googlecode.concurrentlinkedhashmap.ConcurrentLinkedHashMap$PaddedAtomicLong
 324:           324          10368  sun.security.x509.AlgorithmId
 325:           320          10240  io.netty.util.internal.chmv8.LongAdderV8
 326:           633          10128  java.util.concurrent.atomic.AtomicReferenceArray
 327:           180          10080  java.lang.invoke.MethodTypeForm
 328:           156           9984  io.netty.util.Recycler$Stack
 329:           416           9984  java.lang.ThreadLocal$ThreadLocalMap
 330:           622           9952  org.apache.cassandra.dht.Range$1
 331:           154           9856  org.apache.cassandra.cql3.UpdateParameters
 332:           244           9760  java.util.HashMap$KeyIterator
 333:           304           9728  java.util.concurrent.locks.AbstractQueuedSynchronizer$Node
 334:           302           9664  org.apache.cassandra.metrics.TableMetrics$TableMetricNameFactory
 335:           302           9664  org.apache.cassandra.utils.memory.MemtableAllocator$SubAllocator
 336:           400           9600  [Lorg.apache.cassandra.io.util.Memory;
 337:           400           9600  org.apache.cassandra.utils.StreamingHistogram
 338:           399           9576  [Ljava.lang.AutoCloseable;
 339:            25           9400  java.lang.&lt;span class=&quot;code-object&quot;&gt;Thread&lt;/span&gt;
 340:           195           9360  org.apache.cassandra.net.MessageOut
 341:           292           9344  [Lcom.codahale.metrics.Timer;
 342:            16           9216  io.netty.util.internal.shaded.org.jctools.queues.MpscChunkedArrayQueue
 343:           381           9144  org.apache.cassandra.repair.RepairResult
 344:           362           8688  com.google.common.util.concurrent.ExecutionList$RunnableExecutorPair
 345:            68           8680  [Ljava.util.Hashtable$Entry;
 346:           271           8672  org.apache.cassandra.metrics.CassandraMetricsRegistry$JmxMeter
 347:           108           8640  sun.security.x509.X509CertImpl
 348:           269           8608  javax.management.MBeanAttributeInfo
 349:           215           8600  com.google.common.collect.RegularImmutableMap
 350:           215           8600  org.apache.cassandra.io.sstable.format.big.BigTableScanner$KeyScanningIterator
 351:           151           8456  org.apache.cassandra.db.compaction.CompactionStrategyManager
 352:           260           8320  javax.management.MBeanParameterInfo
 353:           142           7952  java.beans.MethodDescriptor
 354:           331           7944  java.util.Collections$SingletonList
 355:           494           7904  com.google.common.base.Present
 356:           164           7872  java.util.WeakHashMap
 357:           227           7768  [Lsun.security.x509.RDN;
 358:           483           7728  org.apache.cassandra.utils.CounterId
 359:           318           7632  java.util.Collections$SetFromMap
 360:           318           7632  java.util.Formatter$FixedString
 361:           156           7488  org.apache.cassandra.utils.concurrent.OpOrder$Group
 362:           187           7480  com.google.common.util.concurrent.ListenableFutureTask
 363:           308           7392  org.apache.cassandra.utils.btree.BTreeSet
 364:           306           7344  java.beans.MethodRef
 365:           304           7296  org.apache.cassandra.io.util.MmappedRegions$Region
 366:           302           7248  org.apache.cassandra.utils.TopKSampler
 367:           151           7248  org.apache.cassandra.utils.memory.SlabAllocator
 368:           148           7104  java.lang.invoke.LambdaForm
 369:           292           7008  org.apache.cassandra.metrics.TableMetrics$TableTimer
 370:           155           6904  [Ljava.lang.invoke.LambdaForm$Name;
 371:           121           6776  jdk.internal.org.objectweb.asm.Item
 372:           169           6760  java.security.AccessControlContext
 373:           280           6720  java.util.Date
 374:           168           6720  java.util.IdentityHashMap
 375:           209           6688  org.apache.cassandra.db.ClusteringComparator
 376:           278           6672  com.google.common.collect.ImmutableSortedAsList
 377:           278           6672  com.google.common.collect.RegularImmutableSortedMap$EntrySet
 378:           278           6672  com.google.common.collect.RegularImmutableSortedMap$EntrySet$1
 379:           404           6464  java.util.concurrent.CopyOnWriteArraySet
 380:           200           6400  java.util.Formatter
 381:           400           6400  org.apache.cassandra.io.sstable.format.SSTableReader$UniqueIdentifier
 382:           399           6384  org.apache.cassandra.utils.obs.OffHeapBitSet
 383:            23           6368  [[S
 384:           394           6304  org.apache.cassandra.db.commitlog.IntervalSet
 385:           262           6288  java.util.concurrent.CopyOnWriteArrayList$COWIterator
 386:           156           6240  org.apache.cassandra.cql3.QueryOptions$DefaultQueryOptions
 387:           111           6216  sun.security.util.MemoryCache$SoftCacheEntry
 388:           155           6200  javax.management.MBeanOperationInfo
 389:           155           6200  org.apache.cassandra.db.Mutation
 390:           155           6200  org.apache.cassandra.db.partitions.PartitionUpdate
 391:           155           6200  org.apache.cassandra.utils.memory.AbstractAllocator$CloningBTreeRowBuilder
 392:           193           6176  org.apache.cassandra.net.OutboundTcpConnection$QueuedMessage
 393:           200           6160  [Ljava.util.Formatter$FormatString;
 394:           154           6160  java.util.Collections$SingletonMap
 395:           154           6160  org.apache.cassandra.db.rows.BTreeRow$$Lambda$122/418553968
 396:           154           6160  org.apache.cassandra.db.rows.UnfilteredSerializer$$Lambda$125/1196438970
 397:           152           6080  org.apache.cassandra.db.lifecycle.View
 398:           253           6072  java.util.concurrent.ConcurrentSkipListMap$Index
 399:           189           6048  org.apache.cassandra.repair.ValidationTask
 400:           108           6048  sun.security.x509.X509CertInfo
 401:           251           6024  javax.management.ImmutableDescriptor
 402:            62           5952  java.util.jar.JarFile$JarFileEntry
 403:            82           5904  java.beans.PropertyDescriptor
 404:           244           5856  org.apache.cassandra.db.rows.ComplexColumnData$$Lambda$111/177399658
 405:           243           5832  org.apache.cassandra.cql3.functions.FunctionName
 406:            52           5824  sun.nio.ch.SocketChannelImpl
 407:            90           5760  com.github.benmanes.caffeine.cache.BoundedLocalCache$$Lambda$99/328488350
 408:           240           5736  [Lorg.apache.cassandra.db.marshal.AbstractType;
 409:           179           5728  org.apache.cassandra.auth.DataResource
 410:            89           5696  org.apache.cassandra.utils.btree.NodeBuilder
 411:           355           5680  org.apache.cassandra.io.sstable.format.SSTableReader$GlobalTidy$1
 412:           229           5496  org.apache.cassandra.db.MutableDeletionInfo
 413:           227           5448  java.security.Provider$ServiceKey
 414:           224           5376  com.google.common.collect.SingletonImmutableSet
 415:            74           5328  ch.qos.logback.classic.spi.LoggingEvent
 416:            95           5320  java.security.Provider$Service
 417:           165           5280  java.lang.invoke.BoundMethodHandle$Species_L
 418:           106           5272  [Ljavax.management.MBeanAttributeInfo;
 419:           109           5232  java.util.concurrent.ThreadPoolExecutor$Worker
 420:           325           5200  org.apache.cassandra.utils.concurrent.WaitQueue
 421:           108           5184  javax.management.MBeanInfo
 422:           210           5040  com.google.common.collect.RegularImmutableAsList
 423:           210           5040  com.google.common.collect.RegularImmutableMap$EntrySet
 424:           208           4992  java.util.concurrent.ConcurrentHashMap$KeySetView
 425:           155           4960  org.apache.cassandra.db.commitlog.CommitLogSegment$Allocation
 426:           154           4928  [Lcom.google.common.collect.MapMakerInternalMap$Segment;
 427:           308           4928  org.apache.cassandra.db.Columns$$Lambda$121/617875913
 428:           154           4928  org.apache.cassandra.db.rows.EncodingStats$Collector
 429:           154           4928  org.apache.cassandra.io.util.DataOutputBufferFixed
 430:           102           4896  java.util.TimSort
 431:           152           4864  org.apache.cassandra.db.lifecycle.Tracker
 432:           202           4848  org.apache.cassandra.db.lifecycle.SSTableIntervalTree
 433:           121           4840  java.io.ObjectStreamField
 434:           151           4832  org.apache.cassandra.db.compaction.CompactionLogger
 435:            99           4752  javax.management.Notification
 436:           198           4752  org.apache.cassandra.db.ClusteringBound
 437:           198           4752  org.apache.cassandra.db.rows.ComplexColumnData$Builder
 438:           180           4744  [Ljava.security.ProtectionDomain;
 439:            63           4536  org.apache.cassandra.db.compaction.CompactionManager$ValidationCompactionIterator
 440:            40           4480  java.net.SocksSocketImpl
 441:           275           4400  java.util.Formatter$Flags
 442:           273           4368  java.lang.&lt;span class=&quot;code-object&quot;&gt;Byte&lt;/span&gt;
 443:            32           4352  io.netty.buffer.PoolArena$DirectArena
 444:            32           4352  io.netty.buffer.PoolArena$HeapArena
 445:           181           4344  java.lang.invoke.LambdaForm$NamedFunction
 446:             6           4320  [Ljdk.internal.org.objectweb.asm.Item;
 447:            90           4320  com.github.benmanes.caffeine.cache.BoundedLocalCache$$Lambda$313/480779282
 448:           108           4320  org.apache.cassandra.db.CachedHashDecoratedKey
 449:           178           4272  org.apache.cassandra.gms.GossipDigestAck
 450:           177           4248  java.util.concurrent.locks.AbstractQueuedSynchronizer$ConditionObject
 451:           131           4192  com.sun.jmx.mbeanserver.ConvertingMethod
 452:           128           4096  java.lang.NoSuchMethodException
 453:           256           4096  java.lang.&lt;span class=&quot;code-object&quot;&gt;Short&lt;/span&gt;
 454:            70           3920  sun.misc.URLClassPath$JarLoader
 455:            60           3840  java.util.jar.JarFile
 456:            80           3840  java.util.logging.LogManager$LoggerWeakRef
 457:           160           3840  org.apache.cassandra.db.Serializers
 458:           160           3840  org.apache.cassandra.db.Serializers$NewFormatSerializer
 459:           160           3840  org.apache.cassandra.io.sstable.IndexInfo$Serializer
 460:           160           3840  org.apache.cassandra.schema.Indexes
 461:            53           3816  java.util.regex.Pattern
 462:            95           3800  sun.security.rsa.RSAPublicKeyImpl
 463:           158           3792  com.sun.jmx.mbeanserver.PerInterface$MethodAndSig
 464:            59           3776  java.text.DateFormatSymbols
 465:           155           3720  org.apache.cassandra.utils.memory.ContextAllocator
 466:           154           3696  [Lorg.apache.cassandra.db.Directories$DataDirectory;
 467:           154           3696  com.google.common.collect.Collections2$TransformedCollection
 468:           154           3696  org.apache.cassandra.cql3.statements.UpdatesCollector
 469:           154           3696  org.apache.cassandra.db.filter.ClusteringIndexNamesFilter
 470:           154           3696  org.apache.cassandra.db.rows.Rows$$Lambda$120/877468788
 471:           151           3624  [Ljava.io.File;
 472:           151           3624  org.apache.cassandra.db.Directories
 473:           151           3624  org.apache.cassandra.db.Memtable$ColumnsCollector
 474:           151           3624  org.apache.cassandra.index.SecondaryIndexManager
 475:           151           3624  org.apache.cassandra.metrics.TableMetrics$10
 476:           151           3624  org.apache.cassandra.metrics.TableMetrics$11
 477:           151           3624  org.apache.cassandra.metrics.TableMetrics$12
 478:           151           3624  org.apache.cassandra.metrics.TableMetrics$14
 479:           151           3624  org.apache.cassandra.metrics.TableMetrics$15
 480:           151           3624  org.apache.cassandra.metrics.TableMetrics$16
 481:           151           3624  org.apache.cassandra.metrics.TableMetrics$17
 482:           151           3624  org.apache.cassandra.metrics.TableMetrics$19
 483:           151           3624  org.apache.cassandra.metrics.TableMetrics$2
 484:           151           3624  org.apache.cassandra.metrics.TableMetrics$21
 485:           151           3624  org.apache.cassandra.metrics.TableMetrics$23
 486:           151           3624  org.apache.cassandra.metrics.TableMetrics$24
 487:           151           3624  org.apache.cassandra.metrics.TableMetrics$25
 488:           151           3624  org.apache.cassandra.metrics.TableMetrics$27
 489:           151           3624  org.apache.cassandra.metrics.TableMetrics$29
 490:           151           3624  org.apache.cassandra.metrics.TableMetrics$3
 491:           151           3624  org.apache.cassandra.metrics.TableMetrics$30
 492:           151           3624  org.apache.cassandra.metrics.TableMetrics$31
 493:           151           3624  org.apache.cassandra.metrics.TableMetrics$32
 494:           151           3624  org.apache.cassandra.metrics.TableMetrics$33
 495:           151           3624  org.apache.cassandra.metrics.TableMetrics$34
 496:           151           3624  org.apache.cassandra.metrics.TableMetrics$4
 497:           151           3624  org.apache.cassandra.metrics.TableMetrics$5
 498:           151           3624  org.apache.cassandra.metrics.TableMetrics$6
 499:           151           3624  org.apache.cassandra.metrics.TableMetrics$7
 500:           151           3624  org.apache.cassandra.metrics.TableMetrics$8
 501:           151           3624  org.apache.cassandra.metrics.TableMetrics$9
 502:           113           3616  [Lorg.apache.cassandra.utils.memory.BufferPool$Chunk;
 503:           113           3616  org.apache.cassandra.utils.memory.BufferPool$LocalPoolRef
 504:           225           3600  org.apache.cassandra.cql3.FieldIdentifier
 505:           149           3576  org.apache.cassandra.cql3.restrictions.RestrictionSet
 506:           221           3536  java.util.zip.CRC32
 507:            63           3528  org.apache.cassandra.db.compaction.CompactionManager$ValidationCompactionController
 508:            63           3528  org.apache.cassandra.repair.Validator
 509:            12           3480  [Ljava.util.concurrent.RunnableScheduledFuture;
 510:           108           3456  java.util.Collections$SynchronizedMap
 511:           143           3432  com.google.common.util.concurrent.Futures$CombinedFuture$2
 512:           143           3432  java.util.LinkedList$Node
 513:           107           3424  java.io.IOException
 514:            37           3384  [Lorg.apache.cassandra.io.sstable.IndexInfo;
 515:            60           3360  org.cliffc.high_scale_lib.ConcurrentAutoTable$CAT
 516:           122           3344  [Ljavax.management.MBeanParameterInfo;
 517:           209           3344  org.apache.cassandra.db.ClusteringComparator$$Lambda$31/1914108708
 518:           209           3344  org.apache.cassandra.db.ClusteringComparator$$Lambda$32/1889757798
 519:           209           3344  org.apache.cassandra.db.ClusteringComparator$$Lambda$33/1166106620
 520:           209           3344  org.apache.cassandra.db.ClusteringComparator$$Lambda$34/221861886
 521:            41           3328  [Ljava.lang.invoke.MethodHandle;
 522:            32           3328  java.io.ObjectStreamClass
 523:           208           3328  org.apache.cassandra.utils.concurrent.Refs
 524:            69           3312  com.google.common.util.concurrent.Futures$CombinedFuture
 525:           103           3296  org.apache.cassandra.schema.CompactionParams
 526:           137           3288  java.util.ArrayDeque
 527:            24           3264  com.codahale.metrics.Striped64$Cell
 528:           203           3248  org.apache.cassandra.io.util.DataOutputBuffer$GrowingChannel
 529:           135           3240  com.sun.jmx.remote.internal.ArrayNotificationBuffer$NamedNotification
 530:           101           3232  java.util.Vector
 531:           101           3232  org.apache.cassandra.schema.SpeculativeRetryParam
 532:           132           3168  org.apache.cassandra.db.view.TableViews
 533:            79           3160  com.google.common.collect.SingletonImmutableBiMap
 534:            98           3136  org.xml.sax.helpers.LocatorImpl
 535:            98           3136  sun.security.x509.BasicConstraintsExtension
 536:            78           3120  java.security.ProtectionDomain
 537:           129           3096  com.google.common.collect.RegularImmutableMap$NonTerminalMapEntry
 538:            77           3080  sun.nio.cs.UTF_8$Decoder
 539:            64           3072  org.apache.cassandra.db.compaction.CompactionIterator$Purger
 540:            64           3072  org.apache.cassandra.db.transform.UnfilteredPartitions
 541:            96           3072  sun.security.x509.SubjectKeyIdentifierExtension
 542:            24           3032  [Ljava.beans.MethodDescriptor;
 543:            92           3024  [Ljavax.management.MBeanOperationInfo;
 544:            94           3008  java.util.AbstractList$Itr
 545:            91           2912  com.codahale.metrics.Timer$Context
 546:           121           2904  org.apache.cassandra.db.compaction.CompactionManager$BackgroundCompactionCandidate
 547:            60           2880  java.util.zip.Inflater
 548:            45           2880  javax.management.openmbean.OpenMBeanAttributeInfoSupport
 549:           118           2832  java.util.regex.Pattern$1
 550:           118           2832  sun.reflect.generics.tree.SimpleClassTypeSignature
 551:            88           2816  sun.security.x509.KeyUsageExtension
 552:           175           2800  org.apache.cassandra.gms.GossipDigestAck2
 553:           113           2712  org.apache.cassandra.utils.memory.BufferPool$LocalPool
 554:            37           2664  java.util.logging.Logger
 555:           111           2664  sun.security.util.Cache$EqualByteArray
 556:            55           2640  java.util.Hashtable
 557:           163           2608  java.util.IdentityHashMap$KeySet
 558:           162           2592  org.apache.cassandra.concurrent.DebuggableScheduledThreadPoolExecutor$UncomplainingRunnable
 559:           108           2592  org.apache.cassandra.dht.LocalPartitioner$LocalToken
 560:            18           2592  sun.reflect.MethodAccessorGenerator
 561:           108           2592  sun.security.util.BitArray
 562:           108           2592  sun.security.x509.CertificateValidity
 563:           138           2584  [Lcom.sun.jmx.mbeanserver.MXBeanMapping;
 564:           107           2568  java.net.InetSocketAddress$InetSocketAddressHolder
 565:            64           2560  com.google.common.collect.Multimaps$UnmodifiableMultimap
 566:            64           2560  java.util.ArrayList$SubList
 567:            64           2560  java.util.ArrayList$SubList$1
 568:            64           2560  org.apache.cassandra.db.partitions.UnfilteredPartitionIterators$1
 569:           160           2560  org.apache.cassandra.schema.Triggers
 570:            64           2560  org.apache.cassandra.utils.OverlapIterator
 571:            53           2544  java.util.concurrent.LinkedBlockingQueue
 572:           155           2480  org.apache.cassandra.utils.btree.UpdateFunction$Simple
 573:           155           2480  org.apache.cassandra.utils.concurrent.OpOrder
 574:            44           2464  java.lang.&lt;span class=&quot;code-object&quot;&gt;Class&lt;/span&gt;$ReflectionData
 575:           154           2464  java.util.concurrent.ConcurrentSkipListSet
 576:           154           2464  org.apache.cassandra.db.partitions.PartitionUpdate$$Lambda$117/1004624941
 577:           154           2464  org.apache.cassandra.db.partitions.PartitionUpdate$$Lambda$119/1364111969
 578:           154           2464  org.apache.cassandra.utils.WrappedBoolean
 579:           102           2448  org.apache.cassandra.schema.CachingParams
 580:            76           2432  java.security.CodeSource
 581:           151           2416  org.apache.cassandra.db.Memtable$StatsCollector
 582:           151           2416  org.apache.cassandra.utils.memory.EnsureOnHeap$NoOp
 583:            75           2400  java.util.LinkedList
 584:            50           2400  org.apache.cassandra.cql3.restrictions.StatementRestrictions
 585:            99           2376  sun.security.x509.CertificateExtensions
 586:            74           2368  java.io.ObjectStreamClass$WeakClassKey
 587:            98           2352  java.lang.&lt;span class=&quot;code-object&quot;&gt;Class&lt;/span&gt;$AnnotationData
 588:           147           2352  java.util.concurrent.ConcurrentHashMap$ValuesView
 589:            98           2352  java.util.jar.Attributes$Name
 590:            73           2336  java.util.regex.Pattern$Curly
 591:            97           2328  com.google.common.collect.ImmutableMapKeySet
 592:            48           2304  com.google.common.collect.HashMultimap
 593:            96           2304  com.google.common.collect.ImmutableMapKeySet$1
 594:            16           2304  io.netty.channel.epoll.EpollEventLoop
 595:           144           2304  org.apache.cassandra.db.ColumnFamilyStore$3
 596:            96           2304  org.apache.cassandra.metrics.KeyspaceMetrics$17
 597:            72           2304  sun.reflect.ClassFileAssembler
 598:            70           2240  java.util.concurrent.ConcurrentHashMap$ReservationNode
 599:            70           2240  java.util.logging.LogManager$LogNode
 600:            70           2240  org.apache.cassandra.utils.MerkleTree$TreeRangeIterator
 601:            91           2200  [Lcom.github.benmanes.caffeine.cache.RemovalCause;
 602:            91           2184  com.github.benmanes.caffeine.SingleConsumerQueue$Node
 603:            39           2184  org.apache.cassandra.db.marshal.UserType
 604:            90           2160  [Lcom.github.benmanes.caffeine.cache.Node;
 605:           118           2160  [Lsun.reflect.generics.tree.TypeArgument;
 606:            90           2160  com.github.benmanes.caffeine.cache.BoundedLocalCache$AddTask
 607:            90           2160  java.lang.&lt;span class=&quot;code-object&quot;&gt;StringBuffer&lt;/span&gt;
 608:            67           2144  java.util.TreeMap$ValueIterator
 609:            89           2136  java.lang.RuntimePermission
 610:            89           2136  org.apache.cassandra.io.compress.CompressionMetadata$Chunk
 611:            53           2120  sun.security.ec.NamedCurve
 612:            66           2112  java.io.FilePermission
 613:            66           2112  java.util.zip.ZipCoder
 614:            52           2080  sun.nio.ch.SocketAdaptor
 615:            37           2072  javax.management.MBeanServerNotification
 616:            37           2072  org.apache.cassandra.db.RowIndexEntry$IndexedEntry
 617:            86           2064  javax.management.openmbean.TabularDataSupport
 618:           129           2064  sun.security.x509.KeyIdentifier
 619:            64           2048  com.google.common.util.concurrent.Futures$ChainingListenableFuture
 620:           128           2048  java.lang.&lt;span class=&quot;code-object&quot;&gt;Character&lt;/span&gt;
 621:            64           2048  org.apache.cassandra.db.partitions.PurgeFunction$$Lambda$104/2021147872
 622:            64           2048  org.apache.cassandra.db.partitions.UnfilteredPartitionIterators$2
 623:            64           2048  sun.misc.FloatingDecimal$ASCIIToBinaryBuffer
 624:            84           2016  java.security.Provider$UString
 625:            18           2016  java.util.GregorianCalendar
 626:            62           1984  org.apache.cassandra.utils.MerkleTrees$TreeRangeIterator
 627:            27           1944  sun.reflect.DelegatingClassLoader
 628:           120           1920  com.codahale.metrics.Striped64$HashCode
 629:            80           1920  java.util.regex.Pattern$GroupTail
 630:            34           1904  org.apache.cassandra.cql3.statements.SelectStatement
 631:            79           1896  com.google.common.collect.ImmutableList$1
 632:            79           1896  java.util.regex.Pattern$GroupHead
 633:            59           1888  java.util.RegularEnumSet
 634:           118           1888  sun.reflect.generics.tree.ClassTypeSignature
 635:           118           1888  sun.security.x509.SerialNumber
 636:            13           1872  java.text.DecimalFormat
 637:            39           1872  sun.util.locale.LocaleObjectCache$CacheEntry
 638:            10           1832  [[B
 639:            57           1824  org.apache.cassandra.cql3.functions.CastFcts$JavaFunctionWrapper
 640:            75           1800  java.util.regex.Pattern$Single
 641:            56           1792  java.lang.Throwable
 642:             8           1792  jdk.internal.org.objectweb.asm.MethodWriter
 643:            74           1776  com.google.common.util.concurrent.Futures$6
 644:           111           1776  java.util.LinkedHashMap$LinkedValues
 645:            44           1760  java.io.ObjectStreamClass$FieldReflectorKey
 646:            36           1728  org.apache.cassandra.concurrent.SEPWorker
 647:            72           1728  sun.reflect.ByteVectorImpl
 648:           108           1728  sun.security.x509.CertificateAlgorithmId
 649:           108           1728  sun.security.x509.CertificateSerialNumber
 650:           108           1728  sun.security.x509.CertificateVersion
 651:           108           1728  sun.security.x509.CertificateX509Key
 652:            18           1728  sun.util.calendar.Gregorian$Date
 653:           107           1712  java.net.InetSocketAddress
 654:             4           1696  [Ljava.lang.&lt;span class=&quot;code-object&quot;&gt;Thread&lt;/span&gt;;
 655:            53           1696  java.security.spec.EllipticCurve
 656:            30           1688  [Ljava.lang.reflect.Method;
 657:             6           1680  java.util.concurrent.ConcurrentHashMap$CounterCell
 658:            52           1664  java.lang.invoke.DirectMethodHandle$Special
 659:            52           1664  sun.nio.ch.SocketAdaptor$SocketInputStream
 660:            68           1632  org.apache.cassandra.cql3.Constants$Marker
 661:            68           1632  sun.reflect.NativeConstructorAccessorImpl
 662:           101           1616  org.apache.cassandra.concurrent.NamedThreadFactory$$Lambda$5/673586830
 663:            40           1600  ch.qos.logback.core.joran.event.StartEvent
 664:            40           1600  com.sun.jmx.mbeanserver.PerInterface
 665:            40           1600  sun.management.DiagnosticCommandArgumentInfo
 666:            99           1584  org.apache.cassandra.db.marshal.AbstractType$$Lambda$4/495702238
 667:            49           1568  java.io.DataOutputStream
 668:            49           1568  java.nio.channels.Channels$1
 669:            65           1560  java.security.spec.ECPoint
 670:            39           1560  org.apache.cassandra.io.util.SafeMemory
 671:            65           1560  org.apache.cassandra.utils.btree.TreeBuilder
 672:            64           1536  org.apache.cassandra.db.compaction.CompactionIterator$GarbageSkipper
 673:            63           1512  com.google.common.util.concurrent.Futures$1
 674:            63           1512  org.apache.cassandra.cql3.restrictions.SingleColumnRestriction$EQRestriction
 675:            63           1512  org.apache.cassandra.db.compaction.CompactionManager$13
 676:            47           1504  org.apache.cassandra.cql3.statements.ParsedStatement$Prepared
 677:            47           1504  org.apache.cassandra.io.util.DataOutputBuffer$1$1
 678:            93           1488  java.util.Collections$UnmodifiableSet
 679:            61           1464  java.util.regex.Pattern$Slice
 680:            60           1440  java.util.zip.ZStreamRef
 681:            51           1408  [Ljava.io.ObjectStreamField;
 682:            16           1392  [Ljava.lang.&lt;span class=&quot;code-object&quot;&gt;Byte&lt;/span&gt;;
 683:             1           1376  [Lsun.misc.FDBigInteger;
 684:            43           1376  java.util.regex.Pattern$Branch
 685:            43           1376  org.apache.cassandra.concurrent.NamedThreadFactory
 686:            34           1360  ch.qos.logback.core.status.InfoStatus
 687:            17           1360  java.net.URI
 688:            34           1360  org.apache.cassandra.cql3.selection.Selection$SimpleSelection
 689:            61           1352  [Ljava.lang.reflect.Type;
 690:            24           1344  java.util.ResourceBundle$CacheKey
 691:            24           1344  javax.management.openmbean.CompositeType
 692:            72           1336  [Ljavax.management.openmbean.CompositeData;
 693:            33           1320  sun.security.x509.AuthorityKeyIdentifierExtension
 694:            79           1312  [Ljava.security.Principal;
 695:            54           1296  ch.qos.logback.classic.spi.StackTraceElementProxy
 696:            23           1288  java.net.SocketPermission
 697:            39           1280  [Ljava.math.BigInteger;
 698:            40           1280  ch.qos.logback.core.joran.event.EndEvent
 699:            16           1280  com.google.common.cache.LocalCache$Segment
 700:            20           1280  org.apache.cassandra.db.RowIndexEntry$ShallowIndexedEntry
 701:            43           1272  [Ljava.util.regex.Pattern$Node;
 702:            53           1272  sun.nio.ch.Util$BufferCache
 703:            79           1264  java.security.ProtectionDomain$Key
 704:            39           1248  java.lang.&lt;span class=&quot;code-object&quot;&gt;Thread&lt;/span&gt;$WeakClassKey
 705:            38           1240  [Ljava.lang.reflect.Field;
 706:            14           1232  org.apache.cassandra.concurrent.JMXEnabledThreadPoolExecutor
 707:            38           1216  java.security.Permissions
 708:            50           1200  org.apache.cassandra.cql3.restrictions.ClusteringColumnRestrictions
 709:            50           1200  org.apache.cassandra.cql3.restrictions.IndexRestrictions
 710:            25           1200  org.apache.cassandra.metrics.ClientRequestMetrics
 711:             2           1184  [Lcom.github.benmanes.caffeine.cache.NodeFactory;
 712:            37           1184  java.net.Socket
 713:            49           1176  org.apache.cassandra.cql3.restrictions.PartitionKeySingleRestrictionSet
 714:            21           1176  sun.util.calendar.ZoneInfo
 715:            52           1168  [Lorg.apache.cassandra.cql3.ColumnSpecification;
 716:            24           1152  java.beans.BeanDescriptor
 717:            24           1152  java.lang.management.MemoryUsage
 718:            72           1152  org.apache.cassandra.db.ColumnFamilyStore$1
 719:            36           1152  org.apache.cassandra.io.util.SafeMemory$MemoryTidy
 720:            24           1152  org.hyperic.sigar.FileSystem
 721:            36           1152  sun.reflect.generics.repository.ClassRepository
 722:            20           1120  javax.management.openmbean.ArrayType
 723:            35           1120  org.apache.cassandra.cql3.ResultSet$ResultMetadata
 724:            69           1104  com.google.common.util.concurrent.Futures$8
 725:            69           1104  com.google.common.util.concurrent.Futures$CombinedFuture$1
 726:            46           1104  org.apache.cassandra.metrics.DefaultNameFactory
 727:            69           1104  sun.reflect.DelegatingConstructorAccessorImpl
 728:             3           1080  [Ljava.lang.&lt;span class=&quot;code-object&quot;&gt;Integer&lt;/span&gt;;
 729:            27           1080  com.google.common.collect.HashBiMap$BiEntry
 730:            27           1080  org.apache.cassandra.utils.CoalescingStrategies$DisabledCoalescingStrategy
 731:            45           1080  sun.reflect.generics.factory.CoreReflectionFactory
 732:            24           1064  [Ljava.beans.PropertyDescriptor;
 733:             2           1056  [Ljava.lang.&lt;span class=&quot;code-object&quot;&gt;Long&lt;/span&gt;;
 734:             2           1056  [Ljava.lang.&lt;span class=&quot;code-object&quot;&gt;Short&lt;/span&gt;;
 735:            26           1040  java.math.BigDecimal
 736:            43           1032  io.netty.channel.ChannelOption
 737:            43           1032  java.io.ExpiringCache$Entry
 738:            64           1024  org.apache.cassandra.db.compaction.AbstractCompactionStrategy$ScannerList
 739:            64           1024  org.apache.cassandra.db.compaction.CompactionIterator$1
 740:            64           1024  org.apache.cassandra.repair.RepairJob$3
 741:            63           1008  org.apache.cassandra.repair.RepairJob$2
 742:            12            960  [Lcom.google.common.collect.HashBiMap$BiEntry;
 743:            24            960  java.beans.GenericBeanInfo
 744:            30            960  java.security.Provider$EngineDescription
 745:            40            960  java.util.regex.Pattern$BitClass
 746:            20            960  org.antlr.runtime.CommonToken
 747:            30            960  org.apache.cassandra.cql3.ColumnSpecification
 748:            40            960  org.apache.cassandra.cql3.statements.SelectStatement$Parameters
 749:            60            960  org.cliffc.high_scale_lib.Counter
 750:            20            960  org.cliffc.high_scale_lib.NonBlockingHashMap$CHM
 751:            40            960  org.codehaus.jackson.map.type.ClassKey
 752:            40            960  org.xml.sax.helpers.AttributesImpl
 753:            46            944  [Lsun.reflect.generics.tree.FormalTypeParameter;
 754:            39            936  java.util.regex.Pattern$5
 755:             8            928  [Lorg.apache.cassandra.db.ClusteringBound;
 756:            29            928  java.security.BasicPermissionCollection
 757:            29            928  org.apache.cassandra.io.util.DataInputPlus$DataInputStreamPlus
 758:            23            920  org.codehaus.jackson.map.type.SimpleType
 759:            19            912  sun.management.DiagnosticCommandInfo
 760:            28            896  java.io.DataInputStream
 761:            18            864  net.jpountz.lz4.LZ4BlockOutputStream
 762:            54            864  org.apache.cassandra.config.ColumnDefinition$$Lambda$26/843299092
 763:            54            864  org.apache.cassandra.config.ColumnDefinition$$Lambda$27/605982374
 764:            54            864  org.apache.cassandra.config.ColumnDefinition$1
 765:            18            864  org.apache.cassandra.utils.SlidingTimeRate
 766:            36            864  sun.reflect.Label$PatchInfo
 767:            27            864  sun.reflect.generics.reflectiveObjects.TypeVariableImpl
 768:            36            864  sun.reflect.generics.tree.ClassSignature
 769:            44            856  [Ljavax.management.MBeanConstructorInfo;
 770:            21            840  com.sun.jmx.mbeanserver.MXBeanSupport
 771:            35            840  net.jpountz.xxhash.StreamingXXHash32JNI
 772:            35            840  sun.reflect.generics.scope.ClassScope
 773:            21            840  sun.util.locale.BaseLocale$Key
 774:             2            832  [Lorg.antlr.runtime.BitSet;
 775:            13            832  com.google.common.util.concurrent.SmoothRateLimiter$SmoothBursty
 776:            13            832  java.text.DecimalFormatSymbols
 777:            38            824  [Lsun.reflect.generics.tree.FieldTypeSignature;
 778:            34            816  org.apache.cassandra.cql3.selection.SelectionColumnMapping
 779:             6            816  org.apache.cassandra.metrics.KeyspaceMetrics
 780:            25            800  java.util.PropertyPermission
 781:            20            800  org.cliffc.high_scale_lib.NonBlockingHashMap
 782:            14            784  java.util.HashMap$TreeNode
 783:            14            784  org.apache.cassandra.cql3.statements.UpdateStatement
 784:            32            768  com.sun.jmx.mbeanserver.DefaultMXBeanMappingFactory$IdentityMapping
 785:            32            768  io.netty.channel.unix.FileDescriptor
 786:            16            768  java.util.ResourceBundle$BundleReference
 787:            24            768  java.util.ResourceBundle$LoaderReference
 788:            16            768  net.jpountz.lz4.LZ4BlockInputStream
 789:            32            768  org.apache.cassandra.cql3.functions.CastFcts$CastAsTextFunction
 790:            32            768  sun.reflect.generics.reflectiveObjects.ParameterizedTypeImpl
 791:            24            768  sun.security.x509.OIDMap$OIDInfo
 792:            23            736  javax.management.MBeanConstructorInfo
 793:            23            736  sun.management.MappedMXBeanType$BasicMXBeanType
 794:            30            720  com.google.common.collect.ImmutableEntry
 795:            30            720  java.io.ObjectStreamClass$EntryFuture
 796:            15            720  java.lang.management.PlatformComponent
 797:             9            720  org.apache.cassandra.concurrent.DebuggableScheduledThreadPoolExecutor
 798:             9            720  org.apache.cassandra.concurrent.DebuggableThreadPoolExecutor
 799:             1            720  org.apache.cassandra.config.Config
 800:            18            720  org.apache.cassandra.metrics.ThreadPoolMetrics
 801:            22            704  com.sun.jmx.mbeanserver.WeakIdentityHashMap$IdentityWeakReference
 802:            11            704  java.text.SimpleDateFormat
 803:            29            696  org.apache.cassandra.net.MessagingService$Verb
 804:            36            688  [Lsun.reflect.generics.tree.ClassTypeSignature;
 805:            43            688  java.util.regex.Pattern$BranchConn
 806:            17            680  sun.reflect.UnsafeQualifiedStaticLongFieldAccessorImpl
 807:            29            672  [Ljava.lang.reflect.TypeVariable;
 808:            28            672  ch.qos.logback.core.spi.ContextAwareBase
 809:            28            672  java.util.regex.Pattern$Ctype
 810:            28            672  java.util.regex.Pattern$Start
 811:             4            672  jdk.internal.org.objectweb.asm.ClassWriter
 812:            42            672  org.apache.cassandra.config.ColumnDefinition$Raw$Literal
 813:            42            672  org.apache.cassandra.io.sstable.format.big.BigTableScanner$EmptySSTableScanner
 814:            28            672  sun.nio.ch.SocketOptionRegistry$RegistryKey
 815:            12            672  sun.security.ssl.CipherSuite$BulkCipher
 816:            41            656  ch.qos.logback.core.joran.spi.ElementPath
 817:            27            648  java.io.FilePermissionCollection
 818:            27            648  org.apache.cassandra.cql3.selection.RawSelector
 819:            27            648  sun.reflect.generics.tree.FormalTypeParameter
 820:            16            640  io.netty.util.collection.IntObjectHashMap
 821:             8            640  java.util.concurrent.ThreadPoolExecutor
 822:            40            640  java.util.jar.Attributes
 823:             8            640  java.util.zip.ZipEntry
 824:            10            640  jdk.internal.org.objectweb.asm.Label
 825:            20            640  org.apache.cassandra.cql3.functions.BytesConversionFcts$2
 826:            20            640  org.apache.cassandra.db.compaction.OperationType
 827:             3            624  [Ljava.lang.invoke.LambdaForm;
 828:            13            624  java.nio.HeapCharBuffer
 829:            26            624  java.security.spec.ECFieldF2m
 830:            26            624  java.util.regex.Pattern$Ques
 831:            39            624  org.apache.cassandra.serializers.TupleSerializer
 832:            39            624  org.apache.cassandra.serializers.UserTypeSerializer
 833:            27            616  [Ljava.lang.reflect.Constructor;
 834:            19            608  java.io.FileInputStream
 835:            19            608  java.rmi.server.UID
 836:            19            608  java.util.Locale
 837:            19            608  org.apache.cassandra.schema.IndexMetadata
 838:            19            608  sun.management.DiagnosticCommandImpl$Wrapper
 839:            19            608  sun.util.locale.BaseLocale
 840:            15            600  java.lang.ClassNotFoundException
 841:            25            600  java.lang.invoke.Invokers
 842:            25            600  java.util.concurrent.locks.ReentrantReadWriteLock$Sync$HoldCounter
 843:            25            600  org.apache.cassandra.gms.ApplicationState
 844:            25            600  sun.reflect.NativeMethodAccessorImpl
 845:            25            600  sun.reflect.annotation.AnnotationInvocationHandler
 846:            18            576  ch.qos.logback.core.joran.event.BodyEvent
 847:            12            576  java.io.ObjectInputStream$FilterValues
 848:            24            576  jdk.internal.org.objectweb.asm.ByteVector
 849:            12            576  org.apache.cassandra.db.marshal.MapType
 850:             9            576  org.apache.cassandra.metrics.ConnectionMetrics
 851:            24            576  org.apache.cassandra.metrics.ThreadPoolMetricNameFactory
 852:            35            560  ch.qos.logback.core.joran.spi.ElementSelector
 853:            14            560  io.netty.util.Recycler$WeakOrderQueue
 854:            10            560  java.util.zip.ZipFile$ZipFileInflaterInputStream
 855:            10            560  java.util.zip.ZipFile$ZipFileInputStream
 856:            14            560  javax.management.openmbean.SimpleType
 857:            10            560  sun.invoke.util.Wrapper
 858:            23            552  [Ljava.net.InetAddress;
 859:             3            552  [Lorg.apache.cassandra.net.MessagingService$Verb;
 860:            23            552  ch.qos.logback.core.pattern.LiteralConverter
 861:            23            552  io.netty.util.internal.logging.Slf4JLogger
 862:            23            552  org.codehaus.jackson.map.SerializationConfig$Feature
 863:             2            544  [Ljava.lang.&lt;span class=&quot;code-object&quot;&gt;Character&lt;/span&gt;;
 864:            17            544  io.netty.util.concurrent.DefaultPromise
 865:            34            544  java.io.FilePermission$1
 866:            17            544  java.nio.channels.ClosedChannelException
 867:            17            544  java.util.concurrent.atomic.AtomicIntegerFieldUpdater$AtomicIntegerFieldUpdaterImpl
 868:            34            544  net.jpountz.xxhash.StreamingXXHash32$1
 869:            17            544  org.apache.cassandra.transport.Message$Type
 870:            17            544  sun.reflect.MethodAccessorGenerator$1
 871:            17            544  sun.security.x509.DistributionPoint
 872:            17            544  sun.security.x509.URIName
 873:            22            528  java.net.URLClassLoader$1
 874:            22            528  org.apache.cassandra.cql3.CQL3Type$Native
 875:            33            528  sun.reflect.DelegatingMethodAccessorImpl
 876:            13            520  com.google.common.base.Stopwatch
 877:            13            520  io.netty.channel.unix.Errors$NativeIoException
 878:            13            520  java.lang.invoke.MethodHandleImpl$IntrinsicMethodHandle
 879:            13            520  java.text.DigitList
 880:             4            512  com.google.common.cache.LocalCache
 881:            16            512  io.netty.channel.epoll.IovArray
 882:            16            512  java.lang.NoSuchFieldException
 883:            32            512  java.util.TreeSet
 884:            16            512  java.util.concurrent.Semaphore$NonfairSync
 885:            16            512  sun.security.ssl.CipherSuite$KeyExchange
 886:            21            504  java.util.Locale$LocaleKey
 887:             9            504  java.util.concurrent.ConcurrentHashMap$ValueIterator
 888:            21            504  org.apache.cassandra.cql3.functions.AggregateFcts$24
 889:             9            504  org.apache.cassandra.net.RateBasedBackPressureState
 890:            21            504  sun.security.x509.AVAKeyword
 891:            31            496  sun.security.x509.GeneralName
 892:            19            488  [Lsun.management.DiagnosticCommandArgumentInfo;
 893:            20            480  java.io.ObjectStreamClass$2
 894:            12            480  java.lang.UNIXProcess$ProcessPipeInputStream
 895:            20            480  org.apache.cassandra.cql3.functions.AggregateFcts$22
 896:            20            480  org.apache.cassandra.cql3.functions.AggregateFcts$23
 897:            20            480  org.apache.cassandra.cql3.functions.BytesConversionFcts$1
 898:            20            480  org.apache.cassandra.dht.LocalPartitioner
 899:            15            480  org.apache.cassandra.index.internal.composites.RegularColumnIndex
 900:             6            480  org.apache.cassandra.repair.RepairSession
 901:            20            480  org.yaml.snakeyaml.tokens.Token$ID
 902:             6            480  sun.net.www.protocol.jar.URLJarFile
 903:            30            480  sun.security.x509.GeneralNames
 904:             6            456  [Lsun.invoke.util.Wrapper;
 905:            19            456  ch.qos.logback.classic.spi.ClassPackagingData
 906:            19            456  java.lang.&lt;span class=&quot;code-object&quot;&gt;Class&lt;/span&gt;$1
 907:            19            456  java.util.regex.Pattern$Dollar
 908:             5            448  [[Ljava.lang.&lt;span class=&quot;code-object&quot;&gt;Object&lt;/span&gt;;
 909:             7            448  java.security.SecureRandom
 910:            28            448  java.util.LinkedHashSet
 911:             8            448  javax.management.openmbean.OpenMBeanParameterInfoSupport
 912:             8            448  jdk.internal.org.objectweb.asm.AnnotationWriter
 913:            14            448  jdk.internal.org.objectweb.asm.Type
 914:            14            448  sun.security.x509.CRLDistributionPointsExtension
 915:            11            440  java.lang.&lt;span class=&quot;code-object&quot;&gt;ClassLoader&lt;/span&gt;$NativeLibrary
 916:            11            440  sun.security.ec.ECPublicKeyImpl
 917:             9            432  com.sun.jna.Function
 918:            27            432  java.security.spec.ECFieldFp
 919:            18            432  java.text.DateFormat$Field
 920:            18            432  java.util.Collections$UnmodifiableCollection$1
 921:            18            432  org.apache.cassandra.exceptions.ExceptionCode
 922:            18            432  org.apache.cassandra.io.util.WrappedDataOutputStreamPlus
 923:            18            432  org.apache.cassandra.metrics.ThreadPoolMetrics$1
 924:            18            432  org.apache.cassandra.metrics.ThreadPoolMetrics$2
 925:            18            432  org.apache.cassandra.metrics.ThreadPoolMetrics$3
 926:            18            432  org.apache.cassandra.metrics.ThreadPoolMetrics$4
 927:             9            432  org.apache.cassandra.net.OutboundTcpConnectionPool
 928:            18            432  org.cliffc.high_scale_lib.NonBlockingHashMap$NBHMEntry
 929:            13            416  io.netty.util.Recycler$WeakOrderQueue$Link
 930:            13            416  java.lang.invoke.SimpleMethodHandle
 931:            13            416  java.security.AlgorithmParameters
 932:            13            416  java.util.Stack
 933:             4            416  sun.net.www.protocol.file.FileURLConnection
 934:            17            408  org.apache.cassandra.utils.IntegerInterval
 935:            17            408  org.codehaus.jackson.map.DeserializationConfig$Feature
 936:            10            400  java.io.ObjectStreamClass$FieldReflector
 937:            10            400  java.lang.invoke.DirectMethodHandle$Accessor
 938:            10            400  javax.crypto.CryptoPermission
 939:            10            400  sun.reflect.generics.repository.MethodRepository
 940:             7            392  java.util.Calendar$Builder
 941:             1            392  org.apache.cassandra.utils.memory.MemtableCleanerThread
 942:             8            384  [Lcom.googlecode.concurrentlinkedhashmap.ConcurrentLinkedHashMap$PaddedAtomicLong;
 943:             1            384  ch.qos.logback.core.AsyncAppenderBase$Worker
 944:             4            384  com.googlecode.concurrentlinkedhashmap.ConcurrentLinkedHashMap
 945:            16            384  io.netty.channel.epoll.EpollEventArray
 946:            12            384  java.io.EOFException
 947:             1            384  java.lang.ref.Finalizer$FinalizerThread
 948:             8            384  java.net.SocketInputStream
 949:             8            384  java.net.SocketOutputStream
 950:            12            384  java.util.concurrent.ScheduledThreadPoolExecutor$DelayedWorkQueue
 951:            12            384  java.util.concurrent.atomic.AtomicLongFieldUpdater$CASUpdater
 952:             1            384  java.util.logging.LogManager$Cleaner
 953:            16            384  javax.management.StandardMBean
 954:            16            384  org.apache.cassandra.cql3.Attributes
 955:            16            384  org.apache.cassandra.cql3.Constants$Setter
 956:            16            384  org.apache.cassandra.cql3.Operations
 957:            12            384  org.apache.cassandra.cql3.SingleColumnRelation
 958:             8            384  org.apache.cassandra.hints.HintsStore
 959:            16            384  org.apache.cassandra.metrics.TableMetrics$35
 960:             1            384  org.apache.cassandra.net.MessagingService$SocketThread
 961:            16            384  org.apache.cassandra.schema.TableParams$Option
 962:             1            384  org.apache.cassandra.thrift.ThriftServer$ThriftServerThread
 963:            16            384  sun.misc.MetaIndex
 964:            16            384  sun.nio.ch.OptionKey
 965:             3            384  sun.nio.fs.UnixFileAttributes
 966:            12            384  sun.nio.fs.UnixPath
 967:             1            376  java.lang.ref.Reference$ReferenceHandler
 968:            16            368  [Ljava.security.cert.Certificate;
 969:            17            368  [Ljavax.management.MBeanNotificationInfo;
 970:            23            368  java.lang.ThreadLocal
 971:             3            360  [Lorg.apache.cassandra.gms.ApplicationState;
 972:            15            360  com.sun.jmx.remote.util.ClassLogger
 973:             9            360  com.sun.org.apache.xerces.internal.utils.XMLSecurityManager$Limit
 974:             9            360  java.io.BufferedInputStream
 975:            15            360  java.io.ObjectStreamClass$ClassDataSlot
 976:            15            360  java.net.InetAddress
 977:             9            360  org.apache.cassandra.db.marshal.SetType
 978:            15            360  org.apache.cassandra.utils.memory.SlabAllocator$Region
 979:            11            352  java.lang.&lt;span class=&quot;code-object&quot;&gt;ClassLoader&lt;/span&gt;$1
 980:            11            352  java.util.concurrent.SynchronousQueue
 981:            11            352  org.apache.cassandra.db.ConsistencyLevel
 982:             4            352  sun.rmi.transport.ConnectionInputStream
 983:             7            336  [Ljavax.management.openmbean.OpenType;
 984:             7            336  com.sun.jmx.mbeanserver.DefaultMXBeanMappingFactory$CompositeMapping
 985:            14            336  java.lang.invoke.LambdaFormEditor$Transform$Kind
 986:             6            336  java.nio.DirectLongBufferU
 987:            21            336  java.util.Collections$UnmodifiableCollection
 988:             7            336  java.util.Properties
 989:             6            336  org.apache.cassandra.concurrent.SEPExecutor
 990:             6            336  sun.management.MemoryPoolImpl
 991:             5            328  [Ljava.io.ObjectInputStream$HandleTable$HandleList;
 992:            16            328  [Ljava.lang.management.PlatformComponent;
 993:             4            320  [Lio.netty.buffer.PoolArena;
 994:            10            320  [Ljava.lang.invoke.LambdaForm$BasicType;
 995:            10            320  java.io.FileOutputStream
 996:             8            320  java.io.ObjectOutputStream$HandleTable
 997:            10            320  java.lang.OutOfMemoryError
 998:            10            320  java.lang.StringCoding$StringEncoder
 999:            10            320  java.lang.reflect.WeakCache$CacheValue
1000:            10            320  java.security.cert.PolicyQualifierInfo
1001:             8            320  org.apache.cassandra.db.marshal.ListType
1002:            20            320  org.apache.cassandra.dht.LocalPartitioner$1
1003:             8            320  org.apache.cassandra.gms.ArrayBackedBoundedStats
1004:             8            320  org.apache.cassandra.gms.ArrivalWindow
1005:            10            320  sun.reflect.generics.tree.MethodTypeSignature
1006:             8            320  sun.rmi.transport.tcp.TCPTransport$ConnectionHandler
1007:            10            320  sun.security.util.DisabledAlgorithmConstraints$KeySizeConstraint
1008:            13            312  [Ljava.net.InetSocketAddress;
1009:            13            312  com.sun.jna.Pointer
1010:            13            312  java.lang.management.ManagementPermission
1011:            19            304  sun.reflect.BootstrapConstructorAccessorImpl
1012:             1            296  com.github.benmanes.caffeine.SingleConsumerQueue
1013:             1            296  com.github.benmanes.caffeine.cache.BoundedBuffer$RingBuffer
1014:             4            288  [Lch.qos.logback.classic.spi.StackTraceElementProxy;
1015:            12            288  [Lcom.codahale.metrics.Striped64$Cell;
1016:            12            288  ch.qos.logback.core.joran.spi.HostClassAndPropertyDouble
1017:             1            288  com.github.benmanes.caffeine.cache.LocalCacheFactory$SSLiMW
1018:             6            288  com.google.common.collect.HashBiMap
1019:             9            288  com.google.common.collect.RegularImmutableSet
1020:             4            288  com.googlecode.concurrentlinkedhashmap.ConcurrentHashMapV8
1021:            12            288  com.sun.jmx.interceptor.DefaultMBeanServerInterceptor$ListenerWrapper
1022:             6            288  java.io.BufferedReader
1023:            12            288  java.lang.ProcessEnvironment$Variable
1024:             9            288  java.lang.reflect.Proxy$Key1
1025:             9            288  java.util.concurrent.CountDownLatch$Sync
1026:             9            288  java.util.concurrent.SynchronousQueue$TransferStack$SNode
1027:             9            288  java.util.logging.Level
1028:            18            288  java.util.regex.Pattern$Begin
1029:            12            288  org.apache.cassandra.concurrent.Stage
1030:            18            288  org.apache.cassandra.io.util.DataOutputStreamPlus$2
1031:             4            288  org.apache.cassandra.locator.TokenMetadata
1032:             9            288  org.apache.commons.lang3.JavaVersion
1033:             6            288  sun.nio.cs.StreamDecoder
1034:            18            288  sun.reflect.Label
1035:             4            288  sun.rmi.transport.ConnectionOutputStream
1036:             9            288  sun.security.jca.ProviderConfig
1037:             7            280  java.net.SocketTimeoutException
1038:             7            280  org.apache.cassandra.streaming.messages.StreamMessage$Type
1039:             7            280  org.apache.thrift.transport.TTransportException
1040:             7            280  sun.misc.FloatingDecimal$BinaryToASCIIBuffer
1041:             7            280  sun.rmi.transport.tcp.TCPEndpoint
1042:             1            272  [Lorg.codehaus.jackson.sym.Name;
1043:            17            272  com.sun.proxy.$Proxy3
1044:            17            272  net.jpountz.lz4.LZ4HCJNICompressor
1045:            17            272  org.apache.cassandra.cql3.Constants$Value
1046:            17            272  sun.reflect.ClassDefiner$1
1047:            17            272  sun.security.x509.DNSName
1048:             3            264  [[D
1049:            11            264  com.google.common.collect.ImmutableMapValues
1050:            11            264  java.net.StandardSocketOptions$StdSocketOption
1051:            11            264  java.rmi.server.ObjID
1052:            11            264  java.util.regex.Pattern$SliceI
1053:            11            264  org.apache.cassandra.io.sstable.Component
1054:            11            264  org.apache.cassandra.io.sstable.Component$Type
1055:            11            264  org.apache.cassandra.metrics.DroppedMessageMetrics
1056:            11            264  org.apache.cassandra.metrics.TableMetrics$36
1057:            11            264  org.apache.cassandra.net.MessagingService$DroppedMessages
1058:            11            264  sun.rmi.transport.ObjectEndpoint
1059:            11            264  sun.security.util.DisabledAlgorithmConstraints$DisabledConstraint
1060:            10            256  [Ljava.io.ObjectStreamClass$ClassDataSlot;
1061:             8            256  com.google.common.cache.LocalCache$StrongEntry
1062:            16            256  io.netty.channel.epoll.EpollEventLoop$1
1063:            16            256  io.netty.channel.epoll.EpollEventLoop$2
1064:            16            256  io.netty.util.concurrent.DefaultThreadFactory$DefaultRunnableDecorator
1065:            16            256  io.netty.util.concurrent.SingleThreadEventExecutor$2
1066:            16            256  io.netty.util.concurrent.SingleThreadEventExecutor$DefaultThreadProperties
1067:             8            256  java.util.Collections$UnmodifiableMap
1068:            16            256  java.util.concurrent.Semaphore
1069:             8            256  javax.management.MBeanNotificationInfo
1070:             8            256  org.apache.cassandra.cql3.functions.CastFcts$JavaCounterFunctionWrapper
1071:             8            256  org.apache.cassandra.db.ClusteringPrefix$Kind
1072:             8            256  org.apache.cassandra.repair.messages.RepairMessage$Type
1073:             8            256  sun.management.NotificationEmitterSupport$ListenerInfo
1074:             8            256  sun.misc.ProxyGenerator$PrimitiveTypeInfo
1075:             8            256  sun.misc.URLClassPath$JarLoader$2
1076:             8            256  sun.security.x509.CertificatePoliciesExtension
1077:             6            240  [Ljava.lang.invoke.BoundMethodHandle$SpeciesData;
1078:            10            240  com.sun.org.apache.xerces.internal.impl.XMLScanner$NameType
1079:            10            240  java.io.BufferedOutputStream
1080:             6            240  java.lang.UNIXProcess
1081:            10            240  java.nio.file.StandardOpenOption
1082:            10            240  java.security.CryptoPrimitive
1083:             3            240  java.util.concurrent.ScheduledThreadPoolExecutor
1084:            15            240  java.util.regex.Pattern$Dot
1085:            10            240  org.apache.cassandra.auth.Permission
1086:             5            240  org.apache.cassandra.config.ViewDefinition
1087:             5            240  org.apache.cassandra.db.lifecycle.LogRecord
1088:             5            240  org.apache.cassandra.db.view.View
1089:             6            240  org.apache.cassandra.metrics.SEPMetrics
1090:             6            240  org.apache.cassandra.schema.KeyspaceMetadata
1091:            10            240  org.codehaus.jackson.JsonParser$Feature
1092:            10            240  org.yaml.snakeyaml.events.Event$ID
1093:            15            240  org.yaml.snakeyaml.nodes.Tag
1094:             6            240  sun.management.MemoryPoolImpl$CollectionSensor
1095:             6            240  sun.management.MemoryPoolImpl$PoolSensor
1096:             5            240  sun.misc.URLClassPath
1097:            10            240  sun.reflect.generics.scope.MethodScope
1098:            15            240  sun.reflect.generics.tree.TypeVariableSignature
1099:            10            240  sun.rmi.runtime.Log$LoggerLog
1100:            10            240  sun.security.x509.Extension
1101:             5            240  sun.util.locale.provider.LocaleResources$ResourceReference
1102:             8            232  [Ljava.lang.&lt;span class=&quot;code-object&quot;&gt;Boolean&lt;/span&gt;;
1103:             2            224  [Lorg.codehaus.jackson.map.SerializationConfig$Feature;
1104:             7            224  [Lsun.nio.fs.NativeBuffer;
1105:             7            224  com.google.common.util.concurrent.MoreExecutors$DirectExecutorService
1106:             4            224  java.io.ObjectInputStream$BlockDataInputStream
1107:            14            224  java.rmi.server.Operation
1108:             7            224  java.util.concurrent.atomic.AtomicReferenceFieldUpdater$AtomicReferenceFieldUpdaterImpl
1109:             7            224  java.util.regex.Pattern$BnM
1110:             7            224  org.codehaus.jackson.JsonGenerator$Feature
1111:             4            224  org.codehaus.jackson.map.introspect.AnnotatedClass
1112:             4            224  org.codehaus.jackson.map.introspect.BasicBeanDescription
1113:             7            224  sun.nio.fs.NativeBuffer
1114:             7            224  sun.reflect.annotation.AnnotationType
1115:             4            224  sun.rmi.transport.Target
1116:             7            224  sun.security.x509.NetscapeCertTypeExtension
1117:             9            216  java.lang.ProcessEnvironment$Value
1118:             9            216  java.util.Collections$SynchronizedSet
1119:             9            216  java.util.logging.Level$KnownLevel
1120:             9            216  org.apache.cassandra.metrics.ConnectionMetrics$1
1121:             9            216  org.apache.cassandra.metrics.ConnectionMetrics$2
1122:             9            216  org.apache.cassandra.metrics.ConnectionMetrics$3
1123:             9            216  org.apache.cassandra.metrics.ConnectionMetrics$4
1124:             9            216  org.apache.cassandra.metrics.ConnectionMetrics$5
1125:             9            216  org.apache.cassandra.metrics.ConnectionMetrics$6
1126:             9            216  org.apache.cassandra.metrics.ConnectionMetrics$7
1127:             9            216  org.apache.cassandra.metrics.ConnectionMetrics$8
1128:             9            216  org.apache.cassandra.metrics.ConnectionMetrics$9
1129:             3            216  sun.security.provider.NativePRNG$RandomIO
1130:             9            216  sun.util.logging.PlatformLogger$Level
1131:             7            208  [Ljava.lang.invoke.LambdaForm$NamedFunction;
1132:             2            208  [Lorg.apache.cassandra.cql3.CQL3Type$Native;
1133:            13            208  com.google.common.util.concurrent.RateLimiter$SleepingStopwatch$1
1134:             2            208  java.lang.invoke.InnerClassLambdaMetafactory
1135:            13            208  sun.nio.ch.SocketAdaptor$2
1136:             2            200  [Ljava.text.DateFormat$Field;
1137:             5            200  io.netty.channel.group.DefaultChannelGroup
1138:             5            200  java.lang.invoke.BoundMethodHandle$SpeciesData
1139:             5            200  java.lang.invoke.DirectMethodHandle$Constructor
1140:             5            200  java.util.stream.StreamOpFlag
1141:             5            200  org.apache.cassandra.cql3.statements.SelectStatement$RawStatement
1142:             5            200  org.apache.cassandra.db.view.ViewBuilder
1143:             5            200  sun.rmi.transport.WeakRef
1144:             6            192  [Ljava.rmi.server.Operation;
1145:             3            192  [Lorg.apache.cassandra.db.ConsistencyLevel;
1146:             4            192  [[Lcom.googlecode.concurrentlinkedhashmap.ConcurrentLinkedHashMap$PaddedAtomicReference;
1147:             3            192  ch.qos.logback.classic.PatternLayout
1148:             6            192  ch.qos.logback.core.util.CachingDateFormatter
1149:             8            192  com.google.common.cache.LocalCache$AccessQueue$1
1150:             4            192  com.google.common.collect.TreeMultimap
1151:             6            192  java.lang.ProcessBuilder
1152:             6            192  java.lang.invoke.LambdaForm$BasicType
1153:             8            192  java.lang.invoke.MethodHandleImpl$Intrinsic
1154:             8            192  java.math.RoundingMode
1155:            12            192  java.util.concurrent.ConcurrentSkipListMap$EntrySet
1156:             4            192  java.util.concurrent.locks.ReentrantReadWriteLock$FairSync
1157:             8            192  java.util.regex.Pattern$7
1158:             8            192  javax.crypto.CryptoPermissionCollection
1159:             4            192  javax.management.openmbean.TabularType
1160:             3            192  jdk.internal.org.objectweb.asm.FieldWriter
1161:             4            192  jdk.internal.org.objectweb.asm.Frame
1162:             8            192  jdk.net.SocketFlow$Status
1163:             6            192  org.apache.cassandra.db.Keyspace
1164:             4            192  org.apache.cassandra.db.RangeTombstoneList
1165:             8            192  org.apache.cassandra.db.WriteType
1166:             8            192  org.apache.cassandra.serializers.MapSerializer
1167:             8            192  org.apache.cassandra.serializers.SetSerializer
1168:             8            192  org.apache.cassandra.serializers.UTF8Serializer$UTF8Validator$State
1169:             8            192  org.apache.cassandra.service.StorageService$Mode
1170:             3            192  org.apache.cassandra.utils.MerkleTree$TreeDifference
1171:             6            192  org.apache.commons.lang3.text.StrBuilder
1172:             8            192  org.yaml.snakeyaml.scanner.Constant
1173:            12            192  sun.nio.ch.SocketAdaptor$1
1174:             6            192  sun.rmi.runtime.NewThreadAction
1175:             2            192  sun.security.provider.Sun
1176:             6            192  sun.security.util.MemoryCache
1177:             8            192  sun.security.x509.PolicyInformation
1178:             2            176  [Lorg.apache.cassandra.transport.Message$Type;
1179:             2            176  [Lorg.codehaus.jackson.map.DeserializationConfig$Feature;
1180:            10            176  [Lsun.reflect.generics.tree.TypeSignature;
1181:            11            176  java.text.NumberFormat$Field
1182:            11            176  java.util.LinkedHashMap$LinkedEntrySet
1183:            11            176  java.util.concurrent.SynchronousQueue$TransferStack
1184:             2            176  javax.management.remote.rmi.NoCallStackClassLoader
1185:             2            176  org.apache.cassandra.db.commitlog.MemoryMappedSegment
1186:            11            176  sun.security.ec.ECParameters
1187:             1            168  [[Ljava.math.BigInteger;
1188:             7            168  ch.qos.logback.classic.Level
1189:             3            168  ch.qos.logback.classic.encoder.PatternLayoutEncoder
1190:             7            168  com.google.common.collect.ImmutableEnumSet
1191:             7            168  com.sun.management.VMOption$Origin
1192:             7            168  com.sun.org.apache.xerces.internal.util.FeatureState
1193:             7            168  java.lang.invoke.MethodHandles$Lookup
1194:             7            168  java.net.NetPermission
1195:             7            168  java.util.BitSet
1196:             3            168  javax.management.openmbean.OpenMBeanOperationInfoSupport
1197:             7            168  javax.security.auth.AuthPermission
1198:             7            168  org.apache.cassandra.cql3.Constants$Type
1199:             7            168  org.apache.cassandra.db.Directories$FileAction
1200:             7            168  org.apache.cassandra.utils.concurrent.SimpleCondition
1201:             7            168  org.apache.cassandra.utils.progress.ProgressEventType
1202:             7            168  org.codehaus.jackson.annotate.JsonMethod
1203:             7            168  sun.nio.fs.NativeBuffer$Deallocator
1204:             7            168  sun.rmi.server.LoaderHandler$LoaderKey
1205:             3            168  sun.rmi.transport.tcp.TCPChannel
1206:             3            168  sun.rmi.transport.tcp.TCPConnection
1207:             3            168  sun.security.provider.SHA
1208:             7            168  sun.security.x509.NetscapeCertTypeExtension$MapEntry
1209:             4            160  [F
1210:             2            160  ch.qos.logback.core.rolling.RollingFileAppender
1211:            10            160  io.netty.util.internal.ConcurrentSet
1212:             4            160  java.io.ObjectOutputStream$BlockDataOutputStream
1213:             5            160  java.io.SerializablePermission
1214:             5            160  java.lang.StringCoding$StringDecoder
1215:             5            160  javax.management.StandardEmitterMBean
1216:             5            160  org.apache.cassandra.db.marshal.CompositeType
1217:             5            160  org.apache.cassandra.repair.RepairRunnable$1
1218:             5            160  org.apache.cassandra.transport.ProtocolVersion
1219:             5            160  org.apache.cassandra.transport.messages.ResultMessage$Kind
1220:             5            160  org.apache.cassandra.utils.CassandraVersion
1221:             4            160  org.cliffc.high_scale_lib.NonBlockingHashMap$SnapshotV
1222:             5            160  sun.rmi.transport.StreamRemoteCall
1223:             5            160  sun.security.ssl.CipherSuite$MacAlg
1224:            10            160  sun.security.x509.CertificatePolicyId
1225:             5            160  sun.util.locale.provider.LocaleProviderAdapter$Type
1226:             6            144  [Ljava.io.Closeable;
1227:             2            144  [Ljava.math.BigDecimal;
1228:             1            144  [Ljava.util.concurrent.ForkJoinTask$ExceptionNode;
1229:             1            144  [Lorg.codehaus.jackson.sym.CharsToNameCanonicalizer$Bucket;
1230:             3            144  ch.qos.logback.classic.pattern.DateConverter
1231:             3            144  ch.qos.logback.classic.pattern.ExtendedThrowableProxyConverter
1232:             3            144  ch.qos.logback.classic.spi.ThrowableProxy
1233:             6            144  com.google.common.collect.AbstractMultimap$EntrySet
1234:             6            144  com.sun.org.apache.xerces.internal.util.Status
1235:             6            144  java.io.InputStreamReader
1236:             3            144  java.lang.&lt;span class=&quot;code-object&quot;&gt;ThreadGroup&lt;/span&gt;
1237:             6            144  java.lang.UNIXProcess$$Lambda$15/1221027335
1238:             6            144  java.lang.UNIXProcess$ProcessPipeOutputStream
1239:             9            144  java.util.concurrent.CountDownLatch
1240:             6            144  java.util.regex.Pattern$CharProperty$1
1241:             2            144  org.antlr.runtime.RecognizerSharedState
1242:             6            144  org.apache.cassandra.cql3.CFName
1243:             6            144  org.apache.cassandra.cql3.WhereClause
1244:             6            144  org.apache.cassandra.db.filter.DataLimits$Kind
1245:             6            144  org.apache.cassandra.db.view.ViewManager
1246:             3            144  org.apache.cassandra.locator.SimpleStrategy
1247:             3            144  org.apache.cassandra.metrics.CacheMetrics
1248:             6            144  org.apache.cassandra.metrics.SEPMetrics$1
1249:             6            144  org.apache.cassandra.metrics.SEPMetrics$2
1250:             6            144  org.apache.cassandra.metrics.SEPMetrics$3
1251:             6            144  org.apache.cassandra.metrics.SEPMetrics$4
1252:             6            144  org.apache.cassandra.schema.KeyspaceParams
1253:             6            144  org.apache.cassandra.schema.ReplicationParams
1254:             6            144  org.apache.cassandra.service.ActiveRepairService$1
1255:             6            144  org.apache.cassandra.service.ActiveRepairService$2
1256:             6            144  org.apache.cassandra.streaming.StreamSession$State
1257:             6            144  org.codehaus.jackson.annotate.JsonAutoDetect$Visibility
1258:             6            144  org.github.jamm.MemoryMeter$Guess
1259:             6            144  sun.misc.PerfCounter
1260:             6            144  sun.security.ssl.ProtocolVersion
1261:             6            144  sun.security.util.DisabledAlgorithmConstraints$Constraint$Operator
1262:             4            128  [Lcom.google.common.cache.LocalCache$Segment;
1263:             4            128  [Lcom.google.common.collect.MapMakerInternalMap$EntryFactory;
1264:             2            128  [Lorg.apache.cassandra.concurrent.Stage;
1265:             2            128  [Lorg.apache.cassandra.io.sstable.Component$Type;
1266:             2            128  ch.qos.logback.core.rolling.FixedWindowRollingPolicy
1267:             4            128  ch.qos.logback.core.rolling.helper.FileNamePattern
1268:             8            128  com.google.common.cache.LocalCache$AccessQueue
1269:             8            128  com.google.common.cache.LocalCache$StrongValueReference
1270:             4            128  com.sun.jmx.mbeanserver.DefaultMXBeanMappingFactory$ArrayMapping
1271:             2            128  java.io.ExpiringCache$1
1272:             4            128  java.io.ObjectInputStream$HandleTable
1273:             4            128  java.io.ObjectInputStream$PeekInputStream
1274:             4            128  java.lang.UNIXProcess$Platform
1275:             2            128  java.lang.invoke.InvokerBytecodeGenerator
1276:             4            128  java.util.Random
1277:             4            128  java.util.concurrent.ExecutionException
1278:             4            128  net.jpountz.util.Native$OS
1279:             4            128  org.apache.cassandra.cql3.functions.CastFcts$CassandraFunctionWrapper
1280:             4            128  org.apache.cassandra.db.marshal.ReversedType
1281:             1            128  org.apache.cassandra.io.compress.CompressedSequentialWriter
1282:             1            128  org.apache.cassandra.io.sstable.format.big.BigTableWriter
1283:             4            128  org.apache.cassandra.io.util.SequentialWriterOption
1284:             4            128  org.apache.cassandra.locator.PendingRangeMaps
1285:             2            128  org.apache.cassandra.metrics.CASClientRequestMetrics
1286:             8            128  org.apache.cassandra.serializers.MapSerializer$$Lambda$24/2072313080
1287:             8            128  sun.net.www.ParseUtil
1288:             4            128  sun.rmi.transport.LiveRef
1289:             8            128  sun.rmi.transport.tcp.TCPTransport$ConnectionHandler$$Lambda$292/1509453068
1290:             4            128  sun.security.ssl.CipherSuite$PRF
1291:             4            128  sun.security.x509.ExtendedKeyUsageExtension
1292:             3            120  [Lorg.codehaus.jackson.annotate.JsonMethod;
1293:             1            120  [[Ljava.lang.&lt;span class=&quot;code-object&quot;&gt;String&lt;/span&gt;;
1294:             5            120  ch.qos.logback.core.pattern.parser.TokenStream$TokenizerState
1295:             5            120  ch.qos.logback.core.subst.Token$Type
1296:             5            120  ch.qos.logback.core.util.AggregationType
1297:             3            120  com.google.common.collect.AbstractMapBasedMultimap$AsMap
1298:             5            120  com.sun.org.apache.xerces.internal.util.PropertyState
1299:             5            120  com.sun.org.apache.xerces.internal.utils.XMLSecurityManager$State
1300:             5            120  com.sun.org.apache.xerces.internal.utils.XMLSecurityPropertyManager$State
1301:             3            120  java.lang.invoke.BoundMethodHandle$Species_LL
1302:             3            120  java.lang.invoke.MethodHandleImpl$AsVarargsCollector
1303:             5            120  java.util.stream.StreamOpFlag$Type
1304:             3            120  org.apache.cassandra.cache.AutoSavingCache
1305:             5            120  org.apache.cassandra.config.Config$DiskFailurePolicy
1306:             5            120  org.apache.cassandra.cql3.VariableSpecifications
1307:             5            120  org.apache.cassandra.cql3.statements.IndexTarget$Type
1308:             5            120  org.apache.cassandra.db.lifecycle.LogRecord$Status
1309:             5            120  org.apache.cassandra.db.lifecycle.LogRecord$Type
1310:             3            120  org.apache.cassandra.db.lifecycle.LogTransaction$SSTableTidier
1311:             3            120  org.apache.cassandra.index.internal.composites.ClusteringColumnIndex
1312:             5            120  org.apache.cassandra.schema.CompactionParams$Option
1313:             1            120  org.apache.cassandra.service.StorageService
1314:             5            120  org.apache.cassandra.utils.NativeLibrary$OSType
1315:             5            120  org.yaml.snakeyaml.DumperOptions$ScalarStyle
1316:             5            120  sun.misc.FloatingDecimal$PreparedASCIIToBinaryBuffer
1317:             5            120  sun.security.jca.ServiceId
1318:             5            120  sun.security.util.DisabledAlgorithmConstraints
1319:             2            112  [Ljava.lang.invoke.MethodType;
1320:             2            112  [Ljava.security.CryptoPrimitive;
1321:             2            112  [Ljava.util.List;
1322:             2            112  [Lorg.apache.cassandra.auth.Permission;
1323:             2            112  [Lorg.apache.cassandra.db.PartitionPosition;
1324:             3            112  [Lorg.apache.cassandra.transport.ProtocolVersion;
1325:             7            112  com.google.common.util.concurrent.MoreExecutors$ListeningDecorator
1326:             2            112  com.sun.management.GcInfo
1327:             2            112  io.netty.buffer.PooledByteBufAllocator
1328:             7            112  java.util.concurrent.ConcurrentHashMap$EntrySetView
1329:             2            112  org.apache.cassandra.cql3.statements.DeleteStatement
1330:             2            112  org.apache.cassandra.db.compaction.LeveledCompactionStrategy
1331:             2            112  org.apache.cassandra.repair.LocalSyncTask
1332:             7            112  org.apache.cassandra.serializers.ListSerializer
1333:             2            112  org.apache.cassandra.utils.memory.MemtablePool$SubPool
1334:             7            112  sun.security.provider.NativePRNG
1335:             1            104  com.codahale.metrics.ThreadLocalRandom
1336:             1            104  io.netty.channel.epoll.EpollServerSocketChannel
1337:             1            104  org.apache.cassandra.db.ColumnIndex
1338:             1            104  sun.rmi.server.LoaderHandler$Loader
1339:             2             96  [Lcom.google.common.cache.LocalCache$EntryFactory;
1340:             6             96  [Ljava.io.ObjectStreamClass$MemberSignature;
1341:             2             96  [Ljava.util.concurrent.TimeUnit;
1342:             1             96  [Lorg.apache.cassandra.db.compaction.OperationType;
1343:             2             96  [Lorg.apache.cassandra.repair.messages.RepairMessage$Type;
1344:             1             96  [Lorg.yaml.snakeyaml.tokens.Token$ID;
1345:             1             96  [[J
1346:             1             96  ch.qos.logback.classic.LoggerContext
1347:             3             96  ch.qos.logback.classic.pattern.FileOfCallerConverter
1348:             3             96  ch.qos.logback.classic.pattern.LevelConverter
1349:             3             96  ch.qos.logback.classic.pattern.LineOfCallerConverter
1350:             3             96  ch.qos.logback.classic.pattern.LineSeparatorConverter
1351:             3             96  ch.qos.logback.classic.pattern.MessageConverter
1352:             3             96  ch.qos.logback.classic.pattern.ThreadConverter
1353:             3             96  ch.qos.logback.core.joran.action.AppenderRefAction
1354:             4             96  ch.qos.logback.core.pattern.parser.Token
1355:             2             96  ch.qos.logback.core.recovery.ResilientFileOutputStream
1356:             2             96  ch.qos.logback.core.rolling.helper.DateTokenConverter
1357:             4             96  ch.qos.logback.core.subst.Token
1358:             2             96  ch.qos.logback.core.util.InvocationGate
1359:             4             96  com.google.common.cache.LocalCache$WriteQueue$1
1360:             4             96  com.google.common.collect.AbstractIterator$State
1361:             4             96  com.google.common.collect.Iterators$12
1362:             4             96  com.googlecode.concurrentlinkedhashmap.LinkedDeque
1363:             3             96  com.sun.jmx.mbeanserver.DefaultMXBeanMappingFactory$EnumMapping
1364:             2             96  com.sun.jmx.mbeanserver.MBeanIntrospector$MBeanInfoMap
1365:             2             96  com.sun.jmx.mbeanserver.MBeanIntrospector$PerInterfaceMap
1366:             1             96  com.sun.net.ssl.internal.ssl.Provider
1367:             3             96  com.sun.org.apache.xerces.internal.utils.XMLSecurityManager$NameMap
1368:             3             96  io.netty.buffer.EmptyByteBuf
1369:             3             96  java.io.ByteArrayInputStream
1370:             6             96  java.io.FileInputStream$1
1371:             4             96  java.io.ObjectOutputStream$ReplaceTable
1372:             6             96  java.lang.UNIXProcess$$Lambda$16/1801942731
1373:             6             96  java.net.Socket$2
1374:             6             96  java.net.Socket$3
1375:             4             96  java.net.URLClassLoader$2
1376:             4             96  java.nio.file.FileVisitResult
1377:             4             96  java.text.Normalizer$Form
1378:             6             96  java.util.LinkedHashMap$LinkedKeySet
1379:             2             96  java.util.concurrent.ArrayBlockingQueue
1380:             3             96  java.util.concurrent.ConcurrentHashMap$ForwardingNode
1381:             3             96  java.util.concurrent.locks.ReentrantLock$FairSync
1382:             4             96  java.util.stream.StreamShape
1383:             4             96  javax.management.NotificationBroadcasterSupport$ListenerInfo
1384:             4             96  org.apache.cassandra.auth.IRoleManager$Option
1385:             4             96  org.apache.cassandra.config.CFMetaData$Flag
1386:             4             96  org.apache.cassandra.config.ColumnDefinition$Kind
1387:             4             96  org.apache.cassandra.config.Config$CommitFailurePolicy
1388:             4             96  org.apache.cassandra.config.Config$DiskAccessMode
1389:             4             96  org.apache.cassandra.config.Config$MemtableAllocationType
1390:             4             96  org.apache.cassandra.config.EncryptionOptions$ServerEncryptionOptions$InternodeEncryption
1391:             1             96  org.apache.cassandra.cql3.Cql_Parser
1392:             4             96  org.apache.cassandra.db.SystemKeyspace$BootstrapState
1393:             2             96  org.apache.cassandra.db.compaction.LeveledManifest
1394:             4             96  org.apache.cassandra.db.context.CounterContext$Relationship
1395:             4             96  org.apache.cassandra.db.lifecycle.LogTransaction$Obsoletion
1396:             4             96  org.apache.cassandra.dht.Bounds
1397:             4             96  org.apache.cassandra.hints.HintsDispatcher$Callback$Outcome
1398:             4             96  org.apache.cassandra.io.sstable.SSTableRewriter$InvalidateKeys
1399:             4             96  org.apache.cassandra.io.sstable.format.SSTableReader$OpenReason
1400:             4             96  org.apache.cassandra.io.sstable.format.SSTableReadsListener$SkippingReason
1401:             4             96  org.apache.cassandra.io.sstable.metadata.MetadataType
1402:             2             96  org.apache.cassandra.io.util.FileHandle$Builder
1403:             2             96  org.apache.cassandra.locator.LocalStrategy
1404:             6             96  org.apache.cassandra.metrics.KeyspaceMetrics$1
1405:             6             96  org.apache.cassandra.metrics.KeyspaceMetrics$10
1406:             6             96  org.apache.cassandra.metrics.KeyspaceMetrics$11
1407:             6             96  org.apache.cassandra.metrics.KeyspaceMetrics$12
1408:             6             96  org.apache.cassandra.metrics.KeyspaceMetrics$13
1409:             6             96  org.apache.cassandra.metrics.KeyspaceMetrics$14
1410:             6             96  org.apache.cassandra.metrics.KeyspaceMetrics$15
1411:             6             96  org.apache.cassandra.metrics.KeyspaceMetrics$16
1412:             6             96  org.apache.cassandra.metrics.KeyspaceMetrics$2
1413:             6             96  org.apache.cassandra.metrics.KeyspaceMetrics$3
1414:             6             96  org.apache.cassandra.metrics.KeyspaceMetrics$4
1415:             6             96  org.apache.cassandra.metrics.KeyspaceMetrics$5
1416:             6             96  org.apache.cassandra.metrics.KeyspaceMetrics$6
1417:             6             96  org.apache.cassandra.metrics.KeyspaceMetrics$7
1418:             6             96  org.apache.cassandra.metrics.KeyspaceMetrics$8
1419:             6             96  org.apache.cassandra.metrics.KeyspaceMetrics$9
1420:             6             96  org.apache.cassandra.metrics.KeyspaceMetrics$KeyspaceMetricNameFactory
1421:             6             96  org.apache.cassandra.schema.Functions
1422:             4             96  org.apache.cassandra.schema.SpeculativeRetryParam$Kind
1423:             6             96  org.apache.cassandra.schema.Tables
1424:             6             96  org.apache.cassandra.schema.Views
1425:             4             96  org.apache.cassandra.transport.Event$Type
1426:             1             96  org.apache.cassandra.triggers.CustomClassLoader
1427:             4             96  org.apache.cassandra.utils.AbstractIterator$State
1428:             4             96  org.apache.cassandra.utils.AsymmetricOrdering$Op
1429:             3             96  org.apache.cassandra.utils.NoSpamLogger
1430:             4             96  org.apache.cassandra.utils.SortedBiMultiValMap
1431:             4             96  org.apache.cassandra.utils.concurrent.Transactional$AbstractTransactional$State
1432:             2             96  org.codehaus.jackson.map.MapperConfig$Base
1433:             4             96  org.yaml.snakeyaml.nodes.NodeId
1434:             2             96  sun.management.GarbageCollectorImpl
1435:             2             96  sun.management.GcInfoBuilder
1436:             4             96  sun.misc.FormattedFloatingDecimal$Form
1437:             1             96  sun.misc.Launcher$AppClassLoader
1438:             4             96  sun.net.www.MessageHeader
1439:             1             96  sun.nio.ch.ServerSocketChannelImpl
1440:             2             96  sun.nio.cs.StreamEncoder
1441:             6             96  sun.rmi.transport.Transport$$Lambda$295/399097450
1442:             3             96  sun.rmi.transport.Transport$1
1443:             1             96  sun.security.ec.SunEC
1444:             1             96  sun.security.jca.ProviderList$1
1445:             1             96  sun.security.rsa.SunRsaSign
1446:             3             96  sun.security.ssl.ProtocolList
1447:             4             88  [Ljava.util.Map$Entry;
1448:             1             88  [Lnet.jpountz.lz4.LZ4Compressor;
1449:             1             88  [Lorg.apache.cassandra.exceptions.ExceptionCode;
1450:             1             88  [Lsun.security.util.ObjectIdentifier;
1451:             1             88  [[Ljava.lang.&lt;span class=&quot;code-object&quot;&gt;Byte&lt;/span&gt;;
1452:             1             88  java.util.jar.JarVerifier
1453:             1             88  org.apache.cassandra.concurrent.JMXConfigurableThreadPoolExecutor
1454:             1             88  org.apache.cassandra.db.compaction.CompactionManager$CacheCleanupExecutor
1455:             1             88  org.apache.cassandra.db.compaction.CompactionManager$CompactionExecutor
1456:             1             88  org.apache.cassandra.db.compaction.CompactionManager$ValidationExecutor
1457:             1             88  org.apache.cassandra.gms.Gossiper
1458:             1             88  org.apache.cassandra.io.sstable.IndexSummaryBuilder
1459:             1             88  org.apache.cassandra.io.sstable.metadata.MetadataCollector
1460:             1             88  sun.misc.Launcher$ExtClassLoader
1461:             1             80  [Lio.netty.util.concurrent.SingleThreadEventExecutor;
1462:             2             80  [Ljava.lang.management.MemoryUsage;
1463:             2             80  [Ljava.util.stream.StreamOpFlag$Type;
1464:             5             80  [Lorg.apache.cassandra.config.ColumnDefinition;
1465:             2             80  [Lorg.apache.cassandra.config.Config$DiskFailurePolicy;
1466:             1             80  [Lorg.apache.cassandra.cql3.Operator;
1467:             1             80  [Lorg.apache.cassandra.schema.TableParams$Option;
1468:             2             80  [Lorg.apache.cassandra.transport.messages.ResultMessage$Kind;
1469:             2             80  [Lorg.codehaus.jackson.annotate.JsonAutoDetect$Visibility;
1470:             1             80  [Lsun.security.ssl.CipherSuite$KeyExchange;
1471:             1             80  ch.qos.logback.classic.AsyncAppender
1472:             2             80  ch.qos.logback.classic.filter.ThresholdFilter
1473:             1             80  ch.qos.logback.classic.turbo.ReconfigureOnChangeFilter
1474:             2             80  ch.qos.logback.core.rolling.SizeBasedTriggeringPolicy
1475:             2             80  com.sun.jmx.mbeanserver.DefaultMXBeanMappingFactory$TabularMapping
1476:             1             80  com.sun.jmx.remote.util.ClassLoaderWithRepository
1477:             5             80  com.sun.proxy.$Proxy1
1478:             5             80  io.netty.channel.group.DefaultChannelGroup$1
1479:             2             80  io.netty.channel.unix.Errors$NativeConnectException
1480:             2             80  io.netty.util.Signal
1481:             2             80  java.io.ExpiringCache
1482:             2             80  java.util.Locale$Category
1483:             5             80  java.util.logging.SimpleFormatter
1484:             2             80  java.util.regex.Pattern$Loop
1485:             5             80  javax.security.auth.x500.X500Principal
1486:             1             80  org.apache.cassandra.concurrent.StageManager$TracingExecutor
1487:             1             80  org.apache.cassandra.cql3.functions.ThreadAwareSecurityManager$SMAwareReconfigureOnChangeFilter
1488:             1             80  org.apache.cassandra.db.compaction.writers.DefaultCompactionWriter
1489:             1             80  org.apache.cassandra.io.sstable.SSTableRewriter
1490:             5             80  org.apache.cassandra.repair.RepairSession$1
1491:             2             80  org.codehaus.jackson.sym.CharsToNameCanonicalizer
1492:             2             80  sun.management.MemoryManagerImpl
1493:             2             80  sun.reflect.UnsafeQualifiedStaticObjectFieldAccessorImpl
1494:             1             80  sun.reflect.misc.MethodUtil
1495:             2             80  sun.rmi.server.LoaderHandler$LoaderEntry
1496:             2             80  sun.rmi.server.UnicastServerRef
1497:             2             80  sun.rmi.server.UnicastServerRef2
1498:             2             80  sun.security.provider.DSAPublicKeyImpl
1499:             5             80  sun.security.util.DisabledAlgorithmConstraints$Constraints
1500:             2             80  sun.util.logging.resources.logging
1501:             1             72  [Ljava.lang.invoke.LambdaFormEditor$Transform$Kind;
1502:             4             72  [Ljava.nio.file.LinkOption;
1503:             3             72  [Ljava.util.concurrent.ConcurrentHashMap$CounterCell;
1504:             1             72  [Ljavax.management.openmbean.SimpleType;
1505:             2             72  [Lsun.security.jca.ProviderConfig;
1506:             1             72  ch.qos.logback.core.ConsoleAppender
1507:             3             72  ch.qos.logback.core.joran.action.NOPAction
1508:             3             72  ch.qos.logback.core.joran.action.PropertyAction
1509:             3             72  ch.qos.logback.core.pattern.FormatInfo
1510:             3             72  ch.qos.logback.core.rolling.helper.CompressionMode
1511:             3             72  ch.qos.logback.core.spi.FilterReply
1512:             3             72  ch.qos.logback.core.subst.Tokenizer$TokenizerState
1513:             3             72  com.github.benmanes.caffeine.cache.AccessOrderDeque
1514:             3             72  com.github.benmanes.caffeine.cache.Caffeine$Strength
1515:             3             72  com.google.common.base.CharMatcher$13
1516:             3             72  com.google.common.base.CharMatcher$RangesMatcher
1517:             3             72  com.google.common.collect.AbstractMapBasedMultimap$KeySet
1518:             1             72  io.netty.channel.DefaultChannelHandlerContext
1519:             1             72  io.netty.channel.DefaultChannelPipeline$HeadContext
1520:             1             72  io.netty.channel.DefaultChannelPipeline$TailContext
1521:             1             72  io.netty.channel.epoll.EpollServerSocketChannelConfig
1522:             3             72  java.io.ObjectStreamClass$ExceptionInfo
1523:             3             72  java.lang.UNIXProcess$LaunchMechanism
1524:             3             72  java.lang.annotation.RetentionPolicy
1525:             3             72  java.nio.file.FileTreeWalker$EventType
1526:             3             72  java.rmi.dgc.VMID
1527:             3             72  java.security.SecurityPermission
1528:             3             72  java.util.Base64$Encoder
1529:             1             72  java.util.ResourceBundle$RBClassLoader
1530:             3             72  java.util.concurrent.atomic.AtomicMarkableReference$Pair
1531:             3             72  java.util.jar.Manifest
1532:             1             72  java.util.logging.LogManager$RootLogger
1533:             1             72  java.util.logging.LogRecord
1534:             3             72  java.util.stream.Collector$Characteristics
1535:             3             72  java.util.stream.MatchOps$MatchKind
1536:             3             72  javax.crypto.CryptoPermissions
1537:             1             72  javax.management.remote.rmi.RMIConnectionImpl$CombinedClassLoader
1538:             1             72  javax.management.remote.rmi.RMIConnectionImpl$CombinedClassLoader$ClassLoaderWrapper
1539:             3             72  javax.security.auth.Subject$SecureSet
1540:             3             72  org.apache.cassandra.auth.DataResource$Level
1541:             3             72  org.apache.cassandra.config.ColumnDefinition$ClusteringOrder
1542:             3             72  org.apache.cassandra.config.Config$InternodeCompression
1543:             3             72  org.apache.cassandra.config.Config$UserFunctionTimeoutPolicy
1544:             3             72  org.apache.cassandra.config.ReadRepairDecision
1545:             3             72  org.apache.cassandra.cql3.AssignmentTestable$TestResult
1546:             1             72  org.apache.cassandra.cql3.Cql_Lexer
1547:             3             72  org.apache.cassandra.cql3.ResultSet$Flag
1548:             3             72  org.apache.cassandra.db.Conflicts$Resolution
1549:             3             72  org.apache.cassandra.db.Directories$FileType
1550:             3             72  org.apache.cassandra.db.commitlog.CommitLogSegment$CDCState
1551:             1             72  org.apache.cassandra.db.compaction.CompactionIterator
1552:             3             72  org.apache.cassandra.db.lifecycle.SSTableSet
1553:             3             72  org.apache.cassandra.db.marshal.AbstractType$ComparisonType
1554:             3             72  org.apache.cassandra.db.monitoring.MonitoringState
1555:             3             72  org.apache.cassandra.db.rows.SerializationHelper$Flag
1556:             1             72  org.apache.cassandra.io.util.SequentialWriter
1557:             3             72  org.apache.cassandra.locator.TokenMetadata$Topology
1558:             3             72  org.apache.cassandra.metrics.CacheMetrics$1
1559:             3             72  org.apache.cassandra.metrics.CacheMetrics$6
1560:             3             72  org.apache.cassandra.metrics.CacheMetrics$7
1561:             3             72  org.apache.cassandra.metrics.StreamingMetrics
1562:             3             72  org.apache.cassandra.repair.RepairParallelism
1563:             3             72  org.apache.cassandra.repair.SystemDistributedKeyspace$RepairState
1564:             3             72  org.apache.cassandra.repair.messages.ValidationComplete
1565:             3             72  org.apache.cassandra.schema.CompactionParams$TombstoneOption
1566:             3             72  org.apache.cassandra.schema.IndexMetadata$Kind
1567:             3             72  org.apache.cassandra.service.CacheService$CacheType
1568:             3             72  org.apache.cassandra.streaming.StreamEvent$Type
1569:             3             72  org.apache.cassandra.transport.Server$LatestEvent
1570:             3             72  org.apache.cassandra.utils.BiMultiValMap
1571:             3             72  org.apache.cassandra.utils.NoSpamLogger$Level
1572:             3             72  org.apache.cassandra.utils.memory.MemtableAllocator$LifeCycle
1573:             1             72  org.apache.commons.lang3.builder.ToStringStyle$DefaultToStringStyle
1574:             1             72  org.apache.commons.lang3.builder.ToStringStyle$MultiLineToStringStyle
1575:             1             72  org.apache.commons.lang3.builder.ToStringStyle$NoFieldNameToStringStyle
1576:             1             72  org.apache.commons.lang3.builder.ToStringStyle$ShortPrefixToStringStyle
1577:             1             72  org.apache.commons.lang3.builder.ToStringStyle$SimpleToStringStyle
1578:             1             72  org.apache.thrift.server.TThreadPoolServer$Args
1579:             3             72  org.yaml.snakeyaml.DumperOptions$FlowStyle
1580:             3             72  org.yaml.snakeyaml.DumperOptions$LineBreak
1581:             3             72  org.yaml.snakeyaml.introspector.BeanAccess
1582:             3             72  sun.misc.FloatingDecimal$ExceptionalBinaryToASCIIBuffer
1583:             3             72  sun.misc.ObjectInputFilter$Status
1584:             3             72  sun.misc.Signal
1585:             3             72  sun.nio.fs.UnixFileAttributeViews$Basic
1586:             3             72  sun.rmi.transport.SequenceEntry
1587:             3             72  sun.security.provider.NativePRNG$Variant
1588:             3             72  sun.security.ssl.CipherSuite$CipherType
1589:             3             72  sun.security.ssl.CipherSuiteList
1590:             1             72  sun.util.locale.provider.JRELocaleProviderAdapter
1591:             3             72  sun.util.resources.ParallelListResourceBundle$KeySet
1592:             2             64  [Ljava.lang.UNIXProcess$LaunchMechanism;
1593:             2             64  [Ljava.lang.annotation.RetentionPolicy;
1594:             3             64  [Ljava.security.CodeSigner;
1595:             3             64  [Ljava.security.cert.X509Certificate;
1596:             2             64  [Ljava.util.stream.Collector$Characteristics;
1597:             2             64  [Lorg.apache.cassandra.config.CFMetaData$Flag;
1598:             2             64  [Lorg.apache.cassandra.config.ColumnDefinition$ClusteringOrder;
1599:             2             64  [Lorg.apache.cassandra.config.ColumnDefinition$Kind;
1600:             2             64  [Lorg.apache.cassandra.config.Config$CommitFailurePolicy;
1601:             2             64  [Lorg.apache.cassandra.config.Config$InternodeCompression;
1602:             2             64  [Lorg.apache.cassandra.config.Config$MemtableAllocationType;
1603:             2             64  [Lorg.apache.cassandra.config.EncryptionOptions$ServerEncryptionOptions$InternodeEncryption;
1604:             2             64  [Lorg.apache.cassandra.cql3.ResultSet$Flag;
1605:             2             64  [Lorg.apache.cassandra.db.SystemKeyspace$BootstrapState;
1606:             2             64  [Lorg.apache.cassandra.io.sstable.metadata.MetadataType;
1607:             2             64  [Lorg.apache.cassandra.schema.CompactionParams$TombstoneOption;
1608:             2             64  [Lorg.apache.cassandra.schema.IndexMetadata$Kind;
1609:             2             64  [Lorg.apache.cassandra.transport.Event$Type;
1610:             2             64  [Lorg.yaml.snakeyaml.nodes.NodeId;
1611:             2             64  ch.qos.logback.classic.joran.action.LevelAction
1612:             2             64  ch.qos.logback.core.joran.spi.ConsoleTarget
1613:             2             64  ch.qos.logback.core.rolling.helper.Compressor
1614:             2             64  ch.qos.logback.core.rolling.helper.IntegerTokenConverter
1615:             4             64  ch.qos.logback.core.spi.FilterAttachableImpl
1616:             1             64  com.clearspring.analytics.stream.cardinality.HyperLogLogPlus
1617:             2             64  com.github.benmanes.caffeine.cache.References$WeakKeyReference
1618:             1             64  com.github.benmanes.caffeine.cache.stats.CacheStats
1619:             1             64  com.google.common.cache.CacheStats
1620:             4             64  com.google.common.cache.LocalCache$WriteQueue
1621:             2             64  com.google.common.util.concurrent.Striped$LargeLazyStriped
1622:             4             64  com.googlecode.concurrentlinkedhashmap.ConcurrentLinkedHashMap$BoundedEntryWeigher
1623:             2             64  com.sun.jmx.mbeanserver.DefaultMXBeanMappingFactory$CollectionMapping
1624:             1             64  com.sun.jmx.remote.internal.ArrayNotificationBuffer
1625:             2             64  com.sun.management.GarbageCollectionNotificationInfo
1626:             2             64  com.sun.org.apache.xerces.internal.utils.XMLSecurityPropertyManager$Property
1627:             1             64  io.netty.channel.ChannelOutboundBuffer
1628:             4             64  io.netty.util.concurrent.FastThreadLocal
1629:             4             64  java.io.ObjectInputStream$ValidationList
1630:             2             64  java.io.PrintStream
1631:             2             64  java.lang.ClassValue$Entry
1632:             2             64  java.lang.NoSuchMethodError
1633:             2             64  java.lang.VirtualMachineError
1634:             2             64  java.lang.ref.ReferenceQueue$Null
1635:             2             64  java.net.Inet6Address
1636:             2             64  java.net.Inet6Address$Inet6AddressHolder
1637:             2             64  java.util.ResourceBundle$Control$1
1638:             2             64  java.util.concurrent.ConcurrentLinkedQueue$Itr
1639:             2             64  java.util.jar.Manifest$FastInputStream
1640:             1             64  javax.management.remote.rmi.RMIConnectionImpl
1641:             1             64  javax.management.remote.rmi.RMIConnectorServer
1642:             4             64  javax.security.auth.login.AppConfigurationEntry$LoginModuleControlFlag
1643:             4             64  org.apache.cassandra.concurrent.SEPWorker$Work
1644:             2             64  org.apache.cassandra.cql3.functions.TokenFct
1645:             2             64  org.apache.cassandra.db.commitlog.CommitLogDescriptor
1646:             2             64  org.apache.cassandra.db.lifecycle.LogFile
1647:             2             64  org.apache.cassandra.db.lifecycle.LogTransaction
1648:             2             64  org.apache.cassandra.io.sstable.format.SSTableFormat$Type
1649:             2             64  org.apache.cassandra.io.sstable.metadata.MetadataCollector$MinMaxIntTracker
1650:             2             64  org.apache.cassandra.io.util.SafeMemoryWriter
1651:             1             64  org.apache.cassandra.locator.DynamicEndpointSnitch
1652:             1             64  org.apache.cassandra.metrics.ViewWriteMetrics
1653:             1             64  org.apache.cassandra.net.MessagingService
1654:             2             64  org.apache.cassandra.service.ClientState
1655:             2             64  org.apache.cassandra.service.GCInspector$GCState
1656:             1             64  org.apache.cassandra.service.GCInspector$State
1657:             1             64  org.apache.cassandra.thrift.CustomTThreadPoolServer
1658:             1             64  org.apache.cassandra.utils.SigarLibrary
1659:             4             64  org.apache.cassandra.utils.SortedBiMultiValMap$1
1660:             4             64  org.codehaus.jackson.map.introspect.AnnotationMap
1661:             4             64  sun.net.www.protocol.jar.Handler
1662:             4             64  sun.rmi.server.MarshalOutputStream$1
1663:             2             64  sun.rmi.transport.DGCImpl$LeaseInfo
1664:             2             64  sun.rmi.transport.tcp.TCPTransport
1665:             2             64  sun.security.ssl.EphemeralKeyManager$EphemeralKeyPair
1666:             2             64  sun.security.ssl.SSLSessionContextImpl
1667:             2             64  sun.security.x509.PrivateKeyUsageExtension
1668:             2             64  sun.security.x509.SubjectAlternativeNameExtension
1669:             2             64  sun.util.locale.provider.LocaleServiceProviderPool
1670:             1             56  [Lcom.sun.org.apache.xerces.internal.impl.XMLScanner$NameType;
1671:             1             56  [Lcom.sun.org.apache.xerces.internal.utils.XMLSecurityManager$Limit;
1672:             1             56  [Ljava.lang.&lt;span class=&quot;code-object&quot;&gt;Runnable&lt;/span&gt;;
1673:             1             56  [Ljava.nio.file.StandardOpenOption;
1674:             2             56  [Ljdk.internal.org.objectweb.asm.Type;
1675:             1             56  [Lorg.apache.commons.lang3.JavaVersion;
1676:             1             56  [Lorg.codehaus.jackson.JsonParser$Feature;
1677:             1             56  [Lorg.yaml.snakeyaml.events.Event$ID;
1678:             1             56  [Lsun.util.logging.PlatformLogger$Level;
1679:             1             56  [[I
1680:             1             56  com.sun.jmx.remote.internal.ServerNotifForwarder
1681:             1             56  io.netty.util.concurrent.ScheduledFutureTask
1682:             1             56  java.lang.invoke.LambdaFormEditor$Transform
1683:             1             56  java.util.concurrent.ConcurrentHashMap$KeyIterator
1684:             1             56  java.util.logging.ConsoleHandler
1685:             1             56  java.util.logging.LogManager
1686:             1             56  javax.management.remote.JMXConnectionNotification
1687:             1             56  javax.management.remote.rmi.RMIJRMPServerImpl
1688:             1             56  org.apache.cassandra.auth.PasswordAuthenticator$CredentialsCache
1689:             1             56  org.apache.cassandra.config.EncryptionOptions$ClientEncryptionOptions
1690:             1             56  org.apache.cassandra.config.EncryptionOptions$ServerEncryptionOptions
1691:             1             56  org.apache.cassandra.cql3.CqlLexer$DFA1
1692:             1             56  org.apache.cassandra.cql3.Cql_Lexer$DFA14
1693:             1             56  org.apache.cassandra.cql3.Cql_Lexer$DFA22
1694:             1             56  org.apache.cassandra.cql3.Cql_Lexer$DFA24
1695:             1             56  org.apache.cassandra.cql3.Cql_Lexer$DFA28
1696:             1             56  org.apache.cassandra.cql3.Cql_Lexer$DFA30
1697:             1             56  org.apache.cassandra.cql3.Cql_Lexer$DFA37
1698:             1             56  org.apache.cassandra.cql3.Cql_Lexer$DFA44
1699:             1             56  org.apache.cassandra.cql3.Cql_Lexer$DFA9
1700:             1             56  org.apache.cassandra.cql3.Cql_Parser$DFA1
1701:             1             56  org.apache.cassandra.cql3.Cql_Parser$DFA15
1702:             1             56  org.apache.cassandra.cql3.Cql_Parser$DFA153
1703:             1             56  org.apache.cassandra.cql3.Cql_Parser$DFA154
1704:             1             56  org.apache.cassandra.cql3.Cql_Parser$DFA172
1705:             1             56  org.apache.cassandra.cql3.Cql_Parser$DFA174
1706:             1             56  org.apache.cassandra.cql3.Cql_Parser$DFA176
1707:             1             56  org.apache.cassandra.cql3.Cql_Parser$DFA178
1708:             1             56  org.apache.cassandra.cql3.Cql_Parser$DFA181
1709:             1             56  org.apache.cassandra.cql3.Cql_Parser$DFA189
1710:             1             56  org.apache.cassandra.cql3.Cql_Parser$DFA194
1711:             1             56  org.apache.cassandra.cql3.Cql_Parser$DFA195
1712:             1             56  org.apache.cassandra.cql3.Cql_Parser$DFA204
1713:             1             56  org.apache.cassandra.cql3.Cql_Parser$DFA44
1714:             1             56  org.apache.cassandra.db.commitlog.CommitLogSegmentManagerStandard
1715:             1             56  org.apache.cassandra.db.commitlog.PeriodicCommitLogService
1716:             1             56  org.apache.cassandra.db.compaction.CompactionController
1717:             1             56  org.apache.cassandra.db.lifecycle.LifecycleTransaction
1718:             1             56  org.apache.cassandra.io.compress.CompressionMetadata$Writer
1719:             1             56  org.apache.cassandra.metrics.CacheMissMetrics
1720:             1             56  org.codehaus.jackson.map.ObjectMapper
1721:             1             56  org.codehaus.jackson.map.ser.StdSerializerProvider
1722:             1             56  org.codehaus.jackson.sym.BytesToNameCanonicalizer
1723:             1             56  org.hyperic.sigar.SigarLoader
1724:             1             56  sun.rmi.runtime.Log$InternalStreamHandler
1725:             1             48  [Lcom.sun.beans.util.Cache$CacheEntry;
1726:             1             48  [Lcom.sun.management.VMOption$Origin;
1727:             1             48  [Ljava.beans.WeakIdentityMap$Entry;
1728:             3             48  [Ljava.lang.annotation.Annotation;
1729:             1             48  [Ljava.lang.invoke.MethodHandleImpl$Intrinsic;
1730:             1             48  [Ljava.math.RoundingMode;
1731:             2             48  [Ljava.nio.file.FileVisitOption;
1732:             1             48  [Ljdk.net.SocketFlow$Status;
1733:             2             48  [Lorg.apache.cassandra.config.Config$CommitLogSync;
1734:             1             48  [Lorg.apache.cassandra.cql3.Constants$Type;
1735:             1             48  [Lorg.apache.cassandra.db.ClusteringPrefix$Kind;
1736:             1             48  [Lorg.apache.cassandra.db.Directories$FileAction;
1737:             1             48  [Lorg.apache.cassandra.db.WriteType;
1738:             2             48  [Lorg.apache.cassandra.exceptions.RequestFailureReason;
1739:             2             48  [Lorg.apache.cassandra.net.RateBasedBackPressure$Flow;
1740:             1             48  [Lorg.apache.cassandra.serializers.UTF8Serializer$UTF8Validator$State;
1741:             1             48  [Lorg.apache.cassandra.service.StorageService$Mode;
1742:             1             48  [Lorg.apache.cassandra.streaming.messages.StreamMessage$Type;
1743:             1             48  [Lorg.apache.cassandra.utils.progress.ProgressEventType;
1744:             1             48  [Lorg.codehaus.jackson.JsonGenerator$Feature;
1745:             1             48  [Lsun.security.x509.NetscapeCertTypeExtension$MapEntry;
1746:             1             48  ch.qos.logback.classic.jmx.JMXConfigurator
1747:             3             48  ch.qos.logback.classic.pattern.EnsureExceptionHandling
1748:             3             48  ch.qos.logback.classic.spi.PackagingDataCalculator
1749:             1             48  ch.qos.logback.core.joran.action.DefinePropertyAction
1750:             1             48  ch.qos.logback.core.joran.spi.InterpretationContext
1751:             1             48  ch.qos.logback.core.joran.spi.Interpreter
1752:             2             48  ch.qos.logback.core.rolling.helper.RenameUtil
1753:             3             48  ch.qos.logback.core.spi.LogbackLock
1754:             2             48  ch.qos.logback.core.subst.Node$Type
1755:             2             48  ch.qos.logback.core.util.FileSize
1756:             2             48  com.clearspring.analytics.stream.cardinality.HyperLogLogPlus$Format
1757:             3             48  com.google.common.cache.LocalCache$LocalLoadingCache
1758:             1             48  com.google.common.collect.EmptyImmutableListMultimap
1759:             2             48  com.google.common.collect.HashBiMap$Inverse
1760:             1             48  com.google.common.collect.ImmutableListMultimap
1761:             2             48  com.google.common.collect.ImmutableMultimap$Values
1762:             2             48  com.sun.jmx.mbeanserver.ClassLoaderRepositorySupport$LoaderEntry
1763:             1             48  com.sun.jmx.mbeanserver.DefaultMXBeanMappingFactory$Mappings
1764:             2             48  com.sun.jmx.mbeanserver.WeakIdentityHashMap
1765:             2             48  com.sun.jmx.remote.internal.ServerNotifForwarder$IdAndFilter
1766:             1             48  com.sun.jna.NativeLibrary
1767:             3             48  com.sun.org.apache.xerces.internal.impl.dv.dtd.ListDatatypeValidator
1768:             2             48  io.netty.buffer.PooledByteBufAllocator$PoolThreadLocalCache
1769:             2             48  io.netty.channel.VoidChannelPromise
1770:             2             48  io.netty.util.Recycler$2
1771:             2             48  io.netty.util.UniqueName
1772:             1             48  io.netty.util.concurrent.GlobalEventExecutor
1773:             3             48  io.netty.util.internal.TypeParameterMatcher$ReflectiveMatcher
1774:             2             48  java.io.ByteArrayOutputStream
1775:             2             48  java.io.File$PathStatus
1776:             3             48  java.io.FileOutputStream$1
1777:             2             48  java.io.OutputStreamWriter
1778:             2             48  java.io.SerialCallbackContext
1779:             3             48  java.lang.&lt;span class=&quot;code-object&quot;&gt;Boolean&lt;/span&gt;
1780:             3             48  java.lang.&lt;span class=&quot;code-object&quot;&gt;Float&lt;/span&gt;
1781:             3             48  java.lang.InheritableThreadLocal
1782:             1             48  java.lang.invoke.BoundMethodHandle$Species_L4
1783:             2             48  java.lang.invoke.ConstantCallSite
1784:             2             48  java.lang.invoke.InfoFromMemberName
1785:             2             48  java.lang.invoke.InnerClassLambdaMetafactory$ForwardingMethodGenerator
1786:             2             48  java.lang.management.MemoryType
1787:             2             48  java.lang.reflect.ReflectPermission
1788:             2             48  java.net.InetAddress$Cache
1789:             2             48  java.net.InetAddress$Cache$Type
1790:             2             48  java.net.InetAddress$CacheEntry
1791:             1             48  java.net.NetworkInterface
1792:             2             48  java.net.ServerSocket
1793:             2             48  java.net.SocketPermissionCollection
1794:             2             48  java.net.StandardProtocolFamily
1795:             3             48  java.nio.channels.FileChannel$MapMode
1796:             2             48  java.nio.charset.CoderResult
1797:             3             48  java.nio.charset.CodingErrorAction
1798:             2             48  java.rmi.dgc.Lease
1799:             2             48  java.security.AllPermissionCollection
1800:             3             48  java.text.AttributedCharacterIterator$Attribute
1801:             3             48  java.util.Base64$Decoder
1802:             2             48  java.util.PropertyPermissionCollection
1803:             3             48  java.util.TreeMap$EntrySet
1804:             2             48  java.util.concurrent.Executors$DefaultThreadFactory
1805:             3             48  java.util.concurrent.atomic.AtomicMarkableReference
1806:             2             48  java.util.logging.Logger$LoggerBundle
1807:             1             48  java.util.regex.Pattern$GroupCurly
1808:             2             48  java.util.regex.Pattern$Prolog
1809:             2             48  javax.management.MBeanServerInvocationHandler
1810:             1             48  javax.management.remote.rmi.RMIConnectionImpl$RMIServerCommunicatorAdmin
1811:             1             48  javax.security.auth.SubjectDomainCombiner$WeakKeyValueMap
1812:             1             48  org.antlr.runtime.ANTLRStringStream
1813:             2             48  org.apache.cassandra.cache.AutoSavingCache$2
1814:             2             48  org.apache.cassandra.config.Config$CommitLogSync
1815:             2             48  org.apache.cassandra.config.Config$DiskOptimizationStrategy
1816:             2             48  org.apache.cassandra.config.ParameterizedClass
1817:             2             48  org.apache.cassandra.cql3.Sets$Marker
1818:             2             48  org.apache.cassandra.cql3.Sets$Setter
1819:             2             48  org.apache.cassandra.cql3.functions.FunctionCall
1820:             2             48  org.apache.cassandra.cql3.statements.Bound
1821:             2             48  org.apache.cassandra.db.Directories$OnTxnErr
1822:             2             48  org.apache.cassandra.db.Memtable$LastCommitLogPosition
1823:             2             48  org.apache.cassandra.db.ReadCommand$Kind
1824:             2             48  org.apache.cassandra.db.aggregation.AggregationSpecification$Kind
1825:             1             48  org.apache.cassandra.db.commitlog.CommitLogArchiver
1826:             1             48  org.apache.cassandra.db.compaction.CompactionInfo
1827:             2             48  org.apache.cassandra.db.filter.ClusteringIndexFilter$Kind
1828:             2             48  org.apache.cassandra.db.lifecycle.LifecycleTransaction$State
1829:             2             48  org.apache.cassandra.db.lifecycle.LogReplica
1830:             2             48  org.apache.cassandra.db.rows.Unfiltered$Kind
1831:             2             48  org.apache.cassandra.exceptions.RequestFailureReason
1832:             1             48  org.apache.cassandra.gms.FailureDetector
1833:             2             48  org.apache.cassandra.hints.HintsDispatcher$Action
1834:             1             48  org.apache.cassandra.hints.HintsService
1835:             2             48  org.apache.cassandra.io.sstable.format.SSTableReadsListener$SelectionReason
1836:             1             48  org.apache.cassandra.io.sstable.format.big.BigTableWriter$IndexWriter
1837:             1             48  org.apache.cassandra.io.sstable.metadata.MetadataCollector$MinMaxLongTracker
1838:             2             48  org.apache.cassandra.io.util.NIODataInputStream
1839:             1             48  org.apache.cassandra.locator.NetworkTopologyStrategy
1840:             3             48  org.apache.cassandra.metrics.CacheMetrics$2
1841:             3             48  org.apache.cassandra.metrics.CacheMetrics$3
1842:             3             48  org.apache.cassandra.metrics.CacheMetrics$4
1843:             3             48  org.apache.cassandra.metrics.CacheMetrics$5
1844:             2             48  org.apache.cassandra.metrics.TableMetrics$Sampler
1845:             1             48  org.apache.cassandra.net.MessagingService$2
1846:             1             48  org.apache.cassandra.net.RateBasedBackPressure
1847:             2             48  org.apache.cassandra.net.RateBasedBackPressure$Flow
1848:             1             48  org.apache.cassandra.repair.messages.RepairOption
1849:             2             48  org.apache.cassandra.schema.CachingParams$Option
1850:             2             48  org.apache.cassandra.schema.KeyspaceParams$Option
1851:             1             48  org.apache.cassandra.service.ActiveRepairService$ParentRepairSession
1852:             2             48  org.apache.cassandra.streaming.ProgressInfo$Direction
1853:             2             48  org.apache.cassandra.transport.Event$StatusChange$Status
1854:             2             48  org.apache.cassandra.transport.Message$Direction
1855:             2             48  org.apache.cassandra.utils.ChecksumType$3
1856:             2             48  org.apache.cassandra.utils.Throwables$FileOpType
1857:             2             48  org.apache.cassandra.utils.btree.BTree$Dir
1858:             2             48  org.apache.cassandra.utils.concurrent.WaitQueue$RegisteredSignal
1859:             2             48  org.cliffc.high_scale_lib.NonBlockingHashMap$SnapshotE
1860:             2             48  org.cliffc.high_scale_lib.NonBlockingHashMap$SnapshotK
1861:             1             48  org.codehaus.jackson.JsonFactory
1862:             1             48  org.codehaus.jackson.map.DeserializationConfig
1863:             1             48  org.codehaus.jackson.map.SerializationConfig
1864:             2             48  org.codehaus.jackson.map.deser.std.CalendarDeserializer
1865:             2             48  org.codehaus.jackson.map.deser.std.StdDeserializer$BooleanDeserializer
1866:             2             48  org.codehaus.jackson.map.deser.std.StdDeserializer$ByteDeserializer
1867:             2             48  org.codehaus.jackson.map.deser.std.StdDeserializer$CharacterDeserializer
1868:             2             48  org.codehaus.jackson.map.deser.std.StdDeserializer$DoubleDeserializer
1869:             2             48  org.codehaus.jackson.map.deser.std.StdDeserializer$FloatDeserializer
1870:             2             48  org.codehaus.jackson.map.deser.std.StdDeserializer$IntegerDeserializer
1871:             2             48  org.codehaus.jackson.map.deser.std.StdDeserializer$LongDeserializer
1872:             2             48  org.codehaus.jackson.map.deser.std.StdDeserializer$ShortDeserializer
1873:             2             48  org.codehaus.jackson.map.ser.StdSerializers$BooleanSerializer
1874:             1             48  org.hyperic.sigar.FileSystemMap
1875:             1             48  org.hyperic.sigar.Sigar
1876:             2             48  sun.management.ManagementFactoryHelper$1
1877:             2             48  sun.misc.NativeSignalHandler
1878:             2             48  sun.misc.URLClassPath$FileLoader
1879:             3             48  sun.nio.fs.UnixFileAttributes$UnixAsBasicFileAttributes
1880:             2             48  sun.rmi.server.UnicastServerRef$1
1881:             3             48  sun.rmi.server.WeakClassHashMap$ValueCell
1882:             2             48  sun.security.jca.ProviderList
1883:             2             48  sun.security.jca.ProviderList$3
1884:             2             48  sun.security.provider.DSAParameters
1885:             2             48  sun.security.ssl.SSLAlgorithmConstraints
1886:             3             48  sun.security.util.AlgorithmDecomposer
1887:             2             48  sun.security.util.DisabledAlgorithmConstraints$UsageConstraint
1888:             2             48  sun.security.util.DisabledAlgorithmConstraints$jdkCAConstraint
1889:             3             48  sun.security.x509.RFC822Name
1890:             3             48  sun.text.normalizer.NormalizerBase$QuickCheckResult
1891:             1             48  sun.text.resources.FormatData
1892:             1             48  sun.text.resources.en.FormatData_en
1893:             1             48  sun.text.resources.en.FormatData_en_US
1894:             1             40  [Lch.qos.logback.core.pattern.parser.TokenStream$TokenizerState;
1895:             1             40  [Lch.qos.logback.core.subst.Token$Type;
1896:             1             40  [Lch.qos.logback.core.util.AggregationType;
1897:             1             40  [Lcom.google.common.collect.SortedLists$KeyPresentBehavior;
1898:             2             40  [Lcom.sun.jmx.mbeanserver.ClassLoaderRepositorySupport$LoaderEntry;
1899:             1             40  [Lcom.sun.org.apache.xerces.internal.util.Status;
1900:             1             40  [Lcom.sun.org.apache.xerces.internal.utils.XMLSecurityManager$State;
1901:             1             40  [Lcom.sun.org.apache.xerces.internal.utils.XMLSecurityPropertyManager$State;
1902:             1             40  [Ljava.lang.management.MemoryPoolMXBean;
1903:             2             40  [Ljava.util.logging.Handler;
1904:             1             40  [Ljava.util.stream.StreamOpFlag;
1905:             1             40  [Lorg.apache.cassandra.cql3.statements.IndexTarget$Type;
1906:             1             40  [Lorg.apache.cassandra.db.filter.DataLimits$Kind;
1907:             1             40  [Lorg.apache.cassandra.db.lifecycle.LogRecord$Type;
1908:             1             40  [Lorg.apache.cassandra.schema.CompactionParams$Option;
1909:             1             40  [Lorg.apache.cassandra.streaming.StreamSession$State;
1910:             1             40  [Lorg.apache.cassandra.utils.NativeLibrary$OSType;
1911:             1             40  [Lorg.github.jamm.MemoryMeter$Guess;
1912:             1             40  [Lorg.yaml.snakeyaml.DumperOptions$ScalarStyle;
1913:             1             40  [Lsun.security.jca.ServiceId;
1914:             1             40  [Lsun.security.util.DisabledAlgorithmConstraints$Constraint$Operator;
1915:             1             40  [Lsun.util.locale.provider.LocaleProviderAdapter$Type;
1916:             1             40  [[Ljava.lang.invoke.LambdaForm$Name;
1917:             1             40  ch.qos.logback.core.BasicStatusManager
1918:             1             40  ch.qos.logback.core.joran.spi.ConfigurationWatchList
1919:             1             40  com.google.common.collect.AbstractMapBasedMultimap$2
1920:             1             40  com.google.common.collect.AbstractMapBasedMultimap$WrappedSet
1921:             1             40  com.google.common.collect.EmptyImmutableSortedMap
1922:             1             40  com.sun.beans.finder.MethodFinder$1
1923:             1             40  com.sun.jmx.interceptor.DefaultMBeanServerInterceptor
1924:             1             40  com.sun.jmx.mbeanserver.JmxMBeanServer
1925:             1             40  com.sun.jmx.mbeanserver.MBeanServerDelegateImpl
1926:             1             40  io.netty.channel.AbstractChannel$CloseFuture
1927:             1             40  io.netty.channel.DefaultChannelPipeline
1928:             1             40  io.netty.channel.epoll.AbstractEpollServerChannel$EpollServerSocketUnsafe
1929:             1             40  java.beans.WeakIdentityMap$Entry
1930:             1             40  java.lang.reflect.Proxy$Key2
1931:             1             40  java.rmi.NoSuchObjectException
1932:             1             40  java.util.ResourceBundle$1
1933:             1             40  javax.crypto.CryptoAllPermission
1934:             1             40  net.jpountz.lz4.LZ4Factory
1935:             1             40  org.antlr.runtime.CommonTokenStream
1936:             1             40  org.apache.cassandra.concurrent.SharedExecutorPool
1937:             1             40  org.apache.cassandra.config.TransparentDataEncryptionOptions
1938:             1             40  org.apache.cassandra.cql3.CqlLexer
1939:             1             40  org.apache.cassandra.db.commitlog.CommitLog
1940:             1             40  org.apache.cassandra.db.compaction.CompactionTask
1941:             1             40  org.apache.cassandra.exceptions.RepairException
1942:             1             40  org.apache.cassandra.io.sstable.format.big.BigTableWriter$TransactionalProxy
1943:             1             40  org.apache.cassandra.locator.GossipingPropertyFileSnitch
1944:             1             40  org.apache.cassandra.net.MessagingService$1
1945:             1             40  org.apache.cassandra.net.MessagingService$3
1946:             1             40  org.apache.cassandra.streaming.management.StreamEventJMXNotifier
1947:             1             40  org.apache.cassandra.transport.Server
1948:             1             40  org.apache.cassandra.utils.NoSpamLogger$NoSpamLogStatement
1949:             1             40  org.apache.cassandra.utils.memory.SlabPool
1950:             1             40  org.codehaus.jackson.map.util.StdDateFormat
1951:             1             40  sun.management.DiagnosticCommandImpl
1952:             1             40  sun.management.MappedMXBeanType$CompositeDataMXBeanType
1953:             1             40  sun.management.MappedMXBeanType$MapMXBeanType
1954:             1             40  sun.nio.cs.StandardCharsets$Aliases
1955:             1             40  sun.nio.cs.StandardCharsets$Cache
1956:             1             40  sun.nio.cs.StandardCharsets$Classes
1957:             1             40  sun.security.ssl.SSLContextImpl$DefaultSSLContext
1958:             1             32  [Lch.qos.logback.core.rolling.helper.CompressionMode;
1959:             1             32  [Lch.qos.logback.core.spi.FilterReply;
1960:             1             32  [Lch.qos.logback.core.subst.Tokenizer$TokenizerState;
1961:             1             32  [Lcom.github.benmanes.caffeine.cache.Caffeine$Strength;
1962:             1             32  [Lcom.google.common.base.Predicates$ObjectPredicate;
1963:             1             32  [Lcom.google.common.cache.LocalCache$Strength;
1964:             1             32  [Lcom.google.common.collect.AbstractIterator$State;
1965:             1             32  [Lcom.google.common.collect.MapMakerInternalMap$Strength;
1966:             1             32  [Lcom.google.common.collect.SortedLists$KeyAbsentBehavior;
1967:             1             32  [Lcom.googlecode.concurrentlinkedhashmap.ConcurrentLinkedHashMap$DrainStatus;
1968:             1             32  [Lcom.sun.beans.util.Cache$Kind;
1969:             1             32  [Lcom.sun.org.apache.xerces.internal.utils.XMLSecurityManager$NameMap;
1970:             2             32  [Ljava.lang.Enum;
1971:             1             32  [Ljava.lang.OutOfMemoryError;
1972:             1             32  [Ljava.lang.&lt;span class=&quot;code-object&quot;&gt;ThreadGroup&lt;/span&gt;;
1973:             1             32  [Ljava.lang.UNIXProcess$Platform;
1974:             1             32  [Ljava.lang.management.MemoryManagerMXBean;
1975:             1             32  [Ljava.nio.file.FileTreeWalker$EventType;
1976:             1             32  [Ljava.nio.file.FileVisitResult;
1977:             1             32  [Ljava.text.Normalizer$Form;
1978:             1             32  [Ljava.util.concurrent.atomic.AtomicReference;
1979:             1             32  [Ljava.util.stream.MatchOps$MatchKind;
1980:             1             32  [Ljava.util.stream.StreamShape;
1981:             1             32  [Lnet.jpountz.util.Native$OS;
1982:             1             32  [Lorg.apache.cassandra.auth.DataResource$Level;
1983:             1             32  [Lorg.apache.cassandra.auth.IRoleManager$Option;
1984:             1             32  [Lorg.apache.cassandra.config.Config$DiskAccessMode;
1985:             1             32  [Lorg.apache.cassandra.config.Config$UserFunctionTimeoutPolicy;
1986:             1             32  [Lorg.apache.cassandra.config.ReadRepairDecision;
1987:             1             32  [Lorg.apache.cassandra.cql3.AssignmentTestable$TestResult;
1988:             1             32  [Lorg.apache.cassandra.cql3.statements.StatementType;
1989:             1             32  [Lorg.apache.cassandra.db.Conflicts$Resolution;
1990:             1             32  [Lorg.apache.cassandra.db.Directories$FileType;
1991:             1             32  [Lorg.apache.cassandra.db.commitlog.CommitLogSegment$CDCState;
1992:             1             32  [Lorg.apache.cassandra.db.context.CounterContext$Relationship;
1993:             1             32  [Lorg.apache.cassandra.db.lifecycle.SSTableSet;
1994:             1             32  [Lorg.apache.cassandra.db.marshal.AbstractType$ComparisonType;
1995:             1             32  [Lorg.apache.cassandra.db.marshal.CollectionType$Kind;
1996:             1             32  [Lorg.apache.cassandra.db.monitoring.MonitoringState;
1997:             1             32  [Lorg.apache.cassandra.db.rows.SerializationHelper$Flag;
1998:             1             32  [Lorg.apache.cassandra.hints.HintsDispatcher$Callback$Outcome;
1999:             1             32  [Lorg.apache.cassandra.io.sstable.format.SSTableReader$OpenReason;
2000:             1             32  [Lorg.apache.cassandra.io.sstable.format.SSTableReadsListener$SkippingReason;
2001:             1             32  [Lorg.apache.cassandra.repair.RepairParallelism;
2002:             1             32  [Lorg.apache.cassandra.repair.SystemDistributedKeyspace$RepairState;
2003:             1             32  [Lorg.apache.cassandra.schema.SpeculativeRetryParam$Kind;
2004:             1             32  [Lorg.apache.cassandra.service.CacheService$CacheType;
2005:             1             32  [Lorg.apache.cassandra.streaming.StreamEvent$Type;
2006:             1             32  [Lorg.apache.cassandra.utils.AbstractIterator$State;
2007:             1             32  [Lorg.apache.cassandra.utils.AsymmetricOrdering$Op;
2008:             1             32  [Lorg.apache.cassandra.utils.NoSpamLogger$Level;
2009:             1             32  [Lorg.apache.cassandra.utils.concurrent.Transactional$AbstractTransactional$State;
2010:             1             32  [Lorg.apache.cassandra.utils.memory.MemtableAllocator$LifeCycle;
2011:             2             32  [Lorg.codehaus.jackson.type.JavaType;
2012:             1             32  [Lorg.yaml.snakeyaml.DumperOptions$FlowStyle;
2013:             1             32  [Lorg.yaml.snakeyaml.DumperOptions$LineBreak;
2014:             1             32  [Lorg.yaml.snakeyaml.introspector.BeanAccess;
2015:             1             32  [Lsun.misc.FormattedFloatingDecimal$Form;
2016:             1             32  [Lsun.misc.ObjectInputFilter$Status;
2017:             1             32  [Lsun.security.provider.NativePRNG$Variant;
2018:             1             32  [Lsun.security.ssl.CipherSuite$CipherType;
2019:             1             32  [Lsun.security.ssl.CipherSuite$PRF;
2020:             1             32  [[Lcom.google.common.collect.MapMakerInternalMap$EntryFactory;
2021:             1             32  ch.qos.logback.classic.joran.JoranConfigurator
2022:             1             32  ch.qos.logback.classic.joran.action.ConfigurationAction
2023:             1             32  ch.qos.logback.classic.joran.action.EvaluatorAction
2024:             1             32  ch.qos.logback.classic.joran.action.LoggerAction
2025:             1             32  ch.qos.logback.classic.joran.action.LoggerContextListenerAction
2026:             1             32  ch.qos.logback.classic.joran.action.ReceiverAction
2027:             1             32  ch.qos.logback.classic.joran.action.RootLoggerAction
2028:             1             32  ch.qos.logback.classic.sift.SiftAction
2029:             1             32  ch.qos.logback.classic.spi.LoggerContextVO
2030:             1             32  ch.qos.logback.core.helpers.CyclicBuffer
2031:             1             32  ch.qos.logback.core.joran.action.AppenderAction
2032:             1             32  ch.qos.logback.core.joran.action.ConversionRuleAction
2033:             1             32  ch.qos.logback.core.joran.action.IncludeAction
2034:             1             32  ch.qos.logback.core.joran.action.NestedBasicPropertyIA
2035:             1             32  ch.qos.logback.core.joran.action.NestedComplexPropertyIA
2036:             1             32  ch.qos.logback.core.joran.action.NewRuleAction
2037:             1             32  ch.qos.logback.core.joran.action.ParamAction
2038:             1             32  ch.qos.logback.core.joran.action.ShutdownHookAction
2039:             1             32  ch.qos.logback.core.joran.action.StatusListenerAction
2040:             1             32  ch.qos.logback.core.joran.action.TimestampAction
2041:             1             32  ch.qos.logback.core.joran.conditional.ElseAction
2042:             1             32  ch.qos.logback.core.joran.conditional.IfAction
2043:             1             32  ch.qos.logback.core.joran.conditional.ThenAction
2044:             1             32  ch.qos.logback.core.joran.spi.SimpleRuleStore
2045:             2             32  ch.qos.logback.core.spi.AppenderAttachableImpl
2046:             1             32  com.github.benmanes.caffeine.cache.BoundedLocalCache$BoundedLocalLoadingCache
2047:             1             32  com.github.benmanes.caffeine.cache.FrequencySketch
2048:             2             32  com.google.common.base.Joiner
2049:             2             32  com.google.common.base.Predicates$InPredicate
2050:             1             32  com.google.common.collect.AbstractMapBasedMultimap$NavigableKeySet
2051:             1             32  com.google.common.collect.EmptyImmutableBiMap
2052:             2             32  com.google.common.util.concurrent.Striped$2
2053:             2             32  com.sun.beans.WeakCache
2054:             1             32  com.sun.beans.finder.BeanInfoFinder
2055:             1             32  com.sun.jmx.mbeanserver.Repository
2056:             1             32  com.sun.jmx.remote.internal.ArrayQueue
2057:             1             32  com.sun.jmx.remote.security.JMXSubjectDomainCombiner
2058:             1             32  com.sun.org.apache.xerces.internal.impl.XMLEntityScanner$1
2059:             2             32  com.sun.org.apache.xerces.internal.impl.dv.dtd.ENTITYDatatypeValidator
2060:             2             32  com.sun.proxy.$Proxy5
2061:             1             32  io.netty.bootstrap.ServerBootstrap$ServerBootstrapAcceptor
2062:             1             32  io.netty.channel.epoll.EpollEventLoopGroup
2063:             2             32  io.netty.channel.group.ChannelMatchers$ClassMatcher
2064:             1             32  io.netty.util.concurrent.DefaultThreadFactory
2065:             2             32  io.netty.util.internal.logging.Slf4JLoggerFactory
2066:             1             32  java.beans.ThreadGroupContext
2067:             1             32  java.beans.ThreadGroupContext$1
2068:             2             32  java.io.ObjectStreamClass$1
2069:             2             32  java.io.ObjectStreamClass$3
2070:             2             32  java.io.ObjectStreamClass$4
2071:             2             32  java.io.ObjectStreamClass$5
2072:             1             32  java.io.UnixFileSystem
2073:             1             32  java.lang.ArithmeticException
2074:             1             32  java.lang.ArrayIndexOutOfBoundsException
2075:             1             32  java.lang.ClassCastException
2076:             1             32  java.lang.Exception
2077:             1             32  java.lang.NullPointerException
2078:             2             32  java.lang.Shutdown$Lock
2079:             1             32  java.lang.UnsupportedOperationException
2080:             1             32  java.lang.reflect.WeakCache
2081:             1             32  java.lang.reflect.WeakCache$CacheKey
2082:             2             32  java.nio.ByteOrder
2083:             1             32  java.nio.channels.NotYetConnectedException
2084:             1             32  java.text.DontCareFieldPosition
2085:             2             32  java.util.Hashtable$EntrySet
2086:             1             32  java.util.PriorityQueue
2087:             1             32  java.util.TreeMap$EntryIterator
2088:             1             32  java.util.TreeMap$KeyIterator
2089:             1             32  java.util.concurrent.CancellationException
2090:             1             32  java.util.concurrent.ConcurrentSkipListMap$KeyIterator
2091:             2             32  java.util.concurrent.ConcurrentSkipListMap$KeySet
2092:             1             32  java.util.concurrent.FutureTask
2093:             1             32  java.util.concurrent.ThreadLocalRandom
2094:             2             32  java.util.logging.ErrorManager
2095:             1             32  java.util.logging.LogManager$SystemLoggerContext
2096:             1             32  java.util.regex.Pattern$3
2097:             1             32  javax.crypto.spec.RC5ParameterSpec
2098:             2             32  javax.management.NotificationFilterSupport
2099:             1             32  javax.management.remote.JMXServiceURL
2100:             1             32  javax.security.auth.Subject
2101:             1             32  net.jpountz.xxhash.XXHashFactory
2102:             1             32  org.apache.cassandra.auth.CassandraRoleManager
2103:             1             32  org.apache.cassandra.batchlog.BatchlogManager
2104:             2             32  org.apache.cassandra.cache.ConcurrentLinkedHashCache
2105:             2             32  org.apache.cassandra.cache.ConcurrentLinkedHashCache$1
2106:             1             32  org.apache.cassandra.config.Schema
2107:             1             32  org.apache.cassandra.cql3.QueryOptions$SpecificOptions
2108:             1             32  org.apache.cassandra.cql3.functions.TimeFcts$4
2109:             1             32  org.apache.cassandra.cql3.functions.TimeFcts$5
2110:             2             32  org.apache.cassandra.db.RangeSliceVerbHandler
2111:             1             32  org.apache.cassandra.db.commitlog.SimpleCachedBufferPool
2112:             1             32  org.apache.cassandra.db.compaction.CompactionManager
2113:             2             32  org.apache.cassandra.db.lifecycle.LogReplicaSet
2114:             2             32  org.apache.cassandra.db.lifecycle.LogTransaction$TransactionTidier
2115:             1             32  org.apache.cassandra.db.marshal.AsciiType
2116:             1             32  org.apache.cassandra.db.marshal.PartitionerDefinedOrder
2117:             2             32  org.apache.cassandra.db.rows.CellPath$EmptyCellPath
2118:             2             32  org.apache.cassandra.dht.AbstractBounds$AbstractBoundsSerializer
2119:             1             32  org.apache.cassandra.hints.HintsBuffer
2120:             1             32  org.apache.cassandra.hints.HintsBufferPool
2121:             1             32  org.apache.cassandra.hints.HintsDispatchExecutor
2122:             1             32  org.apache.cassandra.hints.HintsDispatchTrigger
2123:             1             32  org.apache.cassandra.index.internal.composites.CollectionKeyIndex
2124:             1             32  org.apache.cassandra.io.compress.CompressedSequentialWriter$TransactionalProxy
2125:             1             32  org.apache.cassandra.io.compress.LZ4Compressor
2126:             1             32  org.apache.cassandra.io.sstable.IndexSummaryManager
2127:             1             32  org.apache.cassandra.metrics.CQLMetrics
2128:             2             32  org.apache.cassandra.metrics.ClientMetrics$$Lambda$278/1979648826
2129:             1             32  org.apache.cassandra.metrics.CommitLogMetrics
2130:             1             32  org.apache.cassandra.metrics.CompactionMetrics
2131:             2             32  org.apache.cassandra.metrics.TableMetrics$AllTableMetricNameFactory
2132:             2             32  org.apache.cassandra.net.ResponseVerbHandler
2133:             1             32  org.apache.cassandra.repair.RepairRunnable
2134:             2             32  org.apache.cassandra.schema.Types
2135:             1             32  org.apache.cassandra.security.EncryptionContext
2136:             1             32  org.apache.cassandra.service.ActiveRepairService
2137:             1             32  org.apache.cassandra.service.CassandraDaemon
2138:             1             32  org.apache.cassandra.service.NativeTransportService
2139:             1             32  org.apache.cassandra.thrift.TCustomServerSocket
2140:             1             32  org.apache.cassandra.thrift.ThriftServer
2141:             1             32  org.apache.cassandra.utils.ExpiringMap
2142:             2             32  org.apache.cassandra.utils.IntegerInterval$Set
2143:             1             32  org.apache.cassandra.utils.ResourceWatcher$WatchedResource
2144:             1             32  org.apache.cassandra.utils.StreamingHistogram$StreamingHistogramBuilder
2145:             1             32  org.apache.cassandra.utils.btree.BTree$1
2146:             1             32  org.apache.cassandra.utils.btree.TreeBuilder$1
2147:             1             32  org.apache.cassandra.utils.concurrent.WaitQueue$TimedSignal
2148:             1             32  org.apache.cassandra.utils.memory.BufferPool$GlobalPool
2149:             1             32  org.apache.thrift.protocol.TBinaryProtocol$Factory
2150:             2             32  org.cliffc.high_scale_lib.NonBlockingHashMap$2
2151:             2             32  org.cliffc.high_scale_lib.NonBlockingHashMap$3
2152:             1             32  org.codehaus.jackson.map.deser.BeanDeserializerFactory$ConfigImpl
2153:             1             32  org.codehaus.jackson.map.deser.StdDeserializerProvider
2154:             1             32  org.codehaus.jackson.map.introspect.VisibilityChecker$Std
2155:             2             32  org.codehaus.jackson.map.ser.StdSerializers$NumberSerializer
2156:             2             32  org.codehaus.jackson.map.ser.std.StdKeySerializer
2157:             1             32  org.codehaus.jackson.map.type.TypeFactory
2158:             2             32  org.codehaus.jackson.map.util.RootNameLookup
2159:             1             32  org.github.jamm.MemoryMeter
2160:             1             32  sun.instrument.InstrumentationImpl
2161:             1             32  sun.management.GcInfoCompositeData
2162:             1             32  sun.management.MappedMXBeanType$InProgress
2163:             1             32  sun.nio.ch.ServerSocketAdaptor
2164:             2             32  sun.nio.ch.SocketDispatcher
2165:             1             32  sun.nio.cs.StandardCharsets
2166:             1             32  sun.nio.fs.LinuxFileSystem
2167:             1             32  sun.reflect.UnsafeIntegerFieldAccessorImpl
2168:             1             32  sun.reflect.UnsafeQualifiedObjectFieldAccessorImpl
2169:             2             32  sun.rmi.server.UnicastRef
2170:             2             32  sun.rmi.server.UnicastRef2
2171:             2             32  sun.rmi.transport.DGCImpl$1
2172:             1             32  sun.rmi.transport.proxy.RMIMasterSocketFactory
2173:             1             32  sun.rmi.transport.tcp.TCPTransport$AcceptLoop
2174:             1             32  sun.security.provider.SecureRandom
2175:             2             32  sun.security.ssl.SSLAlgorithmDecomposer
2176:             1             32  sun.security.ssl.X509TrustManagerImpl
2177:             1             32  sun.security.validator.SimpleValidator
2178:             1             32  sun.security.x509.AuthorityInfoAccessExtension
2179:             1             32  sun.security.x509.IssuerAlternativeNameExtension
2180:             1             32  sun.security.x509.PolicyMappingsExtension
2181:             1             32  sun.util.locale.provider.LocaleResources
2182:             1             24  [Lch.qos.logback.core.joran.spi.ConsoleTarget;
2183:             1             24  [Lch.qos.logback.core.subst.Node$Type;
2184:             1             24  [Lcom.clearspring.analytics.stream.cardinality.HyperLogLogPlus$Format;
2185:             1             24  [Lcom.github.benmanes.caffeine.cache.Buffer;
2186:             1             24  [Lcom.github.benmanes.caffeine.cache.DisabledTicker;
2187:             1             24  [Lcom.github.benmanes.caffeine.cache.DisabledWriter;
2188:             1             24  [Lcom.github.benmanes.caffeine.cache.SingletonWeigher;
2189:             1             24  [Lcom.github.benmanes.caffeine.cache.stats.DisabledStatsCounter;
2190:             1             24  [Lcom.google.common.base.Functions$IdentityFunction;
2191:             1             24  [Lcom.google.common.cache.CacheBuilder$NullListener;
2192:             1             24  [Lcom.google.common.cache.CacheBuilder$OneWeigher;
2193:             1             24  [Lcom.google.common.collect.GenericMapMaker$NullListener;
2194:             1             24  [Lcom.google.common.collect.Maps$EntryFunction;
2195:             1             24  [Lcom.google.common.util.concurrent.MoreExecutors$DirectExecutor;
2196:             1             24  [Lcom.googlecode.concurrentlinkedhashmap.ConcurrentLinkedHashMap$DiscardingListener;
2197:             1             24  [Lcom.googlecode.concurrentlinkedhashmap.Weighers$SingletonEntryWeigher;
2198:             1             24  [Lcom.sun.org.apache.xerces.internal.utils.XMLSecurityPropertyManager$Property;
2199:             1             24  [Ljava.io.File$PathStatus;
2200:             1             24  [Ljava.lang.ClassValue$Entry;
2201:             1             24  [Ljava.lang.management.MemoryType;
2202:             1             24  [Ljava.net.InetAddress$Cache$Type;
2203:             1             24  [Ljava.net.InterfaceAddress;
2204:             1             24  [Ljava.net.StandardProtocolFamily;
2205:             1             24  [Ljava.rmi.server.ObjID;
2206:             1             24  [Ljava.util.Comparators$NaturalOrderComparator;
2207:             1             24  [Ljava.util.Locale$Category;
2208:             1             24  [Ljava.util.concurrent.ExecutorService;
2209:             1             24  [Ljava.util.concurrent.ThreadPoolExecutor;
2210:             1             24  [Ljavax.net.ssl.KeyManager;
2211:             1             24  [Ljavax.net.ssl.TrustManager;
2212:             1             24  [Lorg.apache.cassandra.concurrent.ExecutorLocal;
2213:             1             24  [Lorg.apache.cassandra.config.Config$DiskOptimizationStrategy;
2214:             1             24  [Lorg.apache.cassandra.config.Config$RequestSchedulerId;
2215:             1             24  [Lorg.apache.cassandra.cql3.QueryProcessor$InternalStateInstance;
2216:             1             24  [Lorg.apache.cassandra.cql3.Term;
2217:             1             24  [Lorg.apache.cassandra.cql3.statements.Bound;
2218:             1             24  [Lorg.apache.cassandra.db.Directories$OnTxnErr;
2219:             1             24  [Lorg.apache.cassandra.db.ReadCommand$Kind;
2220:             1             24  [Lorg.apache.cassandra.db.aggregation.AggregationSpecification$Kind;
2221:             1             24  [Lorg.apache.cassandra.db.filter.ClusteringIndexFilter$Kind;
2222:             1             24  [Lorg.apache.cassandra.db.rows.Unfiltered$Kind;
2223:             1             24  [Lorg.apache.cassandra.hints.HintsDispatcher$Action;
2224:             1             24  [Lorg.apache.cassandra.io.compress.BufferType;
2225:             1             24  [Lorg.apache.cassandra.io.sstable.format.SSTableFormat$Type;
2226:             1             24  [Lorg.apache.cassandra.io.sstable.format.SSTableReadsListener$SelectionReason;
2227:             1             24  [Lorg.apache.cassandra.metrics.TableMetrics$Sampler;
2228:             1             24  [Lorg.apache.cassandra.schema.CachingParams$Option;
2229:             1             24  [Lorg.apache.cassandra.schema.KeyspaceParams$Option;
2230:             1             24  [Lorg.apache.cassandra.streaming.ProgressInfo$Direction;
2231:             1             24  [Lorg.apache.cassandra.transport.Event$StatusChange$Status;
2232:             1             24  [Lorg.apache.cassandra.transport.Message$Direction;
2233:             1             24  [Lorg.apache.cassandra.utils.ChecksumType;
2234:             1             24  [Lorg.apache.cassandra.utils.Throwables$FileOpType;
2235:             1             24  [Lorg.apache.cassandra.utils.btree.BTree$Dir;
2236:             1             24  [Lsun.launcher.LauncherHelper;
2237:             1             24  [Lsun.security.ssl.EphemeralKeyManager$EphemeralKeyPair;
2238:             1             24  ch.qos.logback.classic.joran.action.ConsolePluginAction
2239:             1             24  ch.qos.logback.classic.joran.action.ContextNameAction
2240:             1             24  ch.qos.logback.classic.joran.action.InsertFromJNDIAction
2241:             1             24  ch.qos.logback.classic.joran.action.JMXConfiguratorAction
2242:             1             24  ch.qos.logback.classic.spi.TurboFilterList
2243:             1             24  ch.qos.logback.classic.util.ContextSelectorStaticBinder
2244:             1             24  ch.qos.logback.classic.util.LogbackMDCAdapter
2245:             1             24  ch.qos.logback.core.joran.action.ContextPropertyAction
2246:             1             24  ch.qos.logback.core.joran.spi.CAI_WithLocatorSupport
2247:             1             24  ch.qos.logback.core.joran.spi.EventPlayer
2248:             1             24  com.clearspring.analytics.stream.cardinality.RegisterSet
2249:             1             24  com.codahale.metrics.MetricRegistry
2250:             1             24  com.github.benmanes.caffeine.cache.BoundedBuffer
2251:             1             24  com.github.benmanes.caffeine.cache.BoundedLocalCache$PerformCleanupTask
2252:             1             24  com.github.benmanes.caffeine.cache.DisabledTicker
2253:             1             24  com.github.benmanes.caffeine.cache.DisabledWriter
2254:             1             24  com.github.benmanes.caffeine.cache.NodeFactory$1
2255:             1             24  com.github.benmanes.caffeine.cache.NodeFactory$10
2256:             1             24  com.github.benmanes.caffeine.cache.NodeFactory$100
2257:             1             24  com.github.benmanes.caffeine.cache.NodeFactory$101
2258:             1             24  com.github.benmanes.caffeine.cache.NodeFactory$102
2259:             1             24  com.github.benmanes.caffeine.cache.NodeFactory$103
2260:             1             24  com.github.benmanes.caffeine.cache.NodeFactory$104
2261:             1             24  com.github.benmanes.caffeine.cache.NodeFactory$105
2262:             1             24  com.github.benmanes.caffeine.cache.NodeFactory$106
2263:             1             24  com.github.benmanes.caffeine.cache.NodeFactory$107
2264:             1             24  com.github.benmanes.caffeine.cache.NodeFactory$108
2265:             1             24  com.github.benmanes.caffeine.cache.NodeFactory$109
2266:             1             24  com.github.benmanes.caffeine.cache.NodeFactory$11
2267:             1             24  com.github.benmanes.caffeine.cache.NodeFactory$110
2268:             1             24  com.github.benmanes.caffeine.cache.NodeFactory$111
2269:             1             24  com.github.benmanes.caffeine.cache.NodeFactory$112
2270:             1             24  com.github.benmanes.caffeine.cache.NodeFactory$113
2271:             1             24  com.github.benmanes.caffeine.cache.NodeFactory$114
2272:             1             24  com.github.benmanes.caffeine.cache.NodeFactory$115
2273:             1             24  com.github.benmanes.caffeine.cache.NodeFactory$116
2274:             1             24  com.github.benmanes.caffeine.cache.NodeFactory$117
2275:             1             24  com.github.benmanes.caffeine.cache.NodeFactory$118
2276:             1             24  com.github.benmanes.caffeine.cache.NodeFactory$119
2277:             1             24  com.github.benmanes.caffeine.cache.NodeFactory$12
2278:             1             24  com.github.benmanes.caffeine.cache.NodeFactory$120
2279:             1             24  com.github.benmanes.caffeine.cache.NodeFactory$121
2280:             1             24  com.github.benmanes.caffeine.cache.NodeFactory$122
2281:             1             24  com.github.benmanes.caffeine.cache.NodeFactory$123
2282:             1             24  com.github.benmanes.caffeine.cache.NodeFactory$124
2283:             1             24  com.github.benmanes.caffeine.cache.NodeFactory$125
2284:             1             24  com.github.benmanes.caffeine.cache.NodeFactory$126
2285:             1             24  com.github.benmanes.caffeine.cache.NodeFactory$127
2286:             1             24  com.github.benmanes.caffeine.cache.NodeFactory$128
2287:             1             24  com.github.benmanes.caffeine.cache.NodeFactory$129
2288:             1             24  com.github.benmanes.caffeine.cache.NodeFactory$13
2289:             1             24  com.github.benmanes.caffeine.cache.NodeFactory$130
2290:             1             24  com.github.benmanes.caffeine.cache.NodeFactory$131
2291:             1             24  com.github.benmanes.caffeine.cache.NodeFactory$132
2292:             1             24  com.github.benmanes.caffeine.cache.NodeFactory$133
2293:             1             24  com.github.benmanes.caffeine.cache.NodeFactory$134
2294:             1             24  com.github.benmanes.caffeine.cache.NodeFactory$135
2295:             1             24  com.github.benmanes.caffeine.cache.NodeFactory$136
2296:             1             24  com.github.benmanes.caffeine.cache.NodeFactory$137
2297:             1             24  com.github.benmanes.caffeine.cache.NodeFactory$138
2298:             1             24  com.github.benmanes.caffeine.cache.NodeFactory$139
2299:             1             24  com.github.benmanes.caffeine.cache.NodeFactory$14
2300:             1             24  com.github.benmanes.caffeine.cache.NodeFactory$140
2301:             1             24  com.github.benmanes.caffeine.cache.NodeFactory$141
2302:             1             24  com.github.benmanes.caffeine.cache.NodeFactory$142
2303:             1             24  com.github.benmanes.caffeine.cache.NodeFactory$143
2304:             1             24  com.github.benmanes.caffeine.cache.NodeFactory$144
2305:             1             24  com.github.benmanes.caffeine.cache.NodeFactory$15
2306:             1             24  com.github.benmanes.caffeine.cache.NodeFactory$16
2307:             1             24  com.github.benmanes.caffeine.cache.NodeFactory$17
2308:             1             24  com.github.benmanes.caffeine.cache.NodeFactory$18
2309:             1             24  com.github.benmanes.caffeine.cache.NodeFactory$19
2310:             1             24  com.github.benmanes.caffeine.cache.NodeFactory$2
2311:             1             24  com.github.benmanes.caffeine.cache.NodeFactory$20
2312:             1             24  com.github.benmanes.caffeine.cache.NodeFactory$21
2313:             1             24  com.github.benmanes.caffeine.cache.NodeFactory$22
2314:             1             24  com.github.benmanes.caffeine.cache.NodeFactory$23
2315:             1             24  com.github.benmanes.caffeine.cache.NodeFactory$24
2316:             1             24  com.github.benmanes.caffeine.cache.NodeFactory$25
2317:             1             24  com.github.benmanes.caffeine.cache.NodeFactory$26
2318:             1             24  com.github.benmanes.caffeine.cache.NodeFactory$27
2319:             1             24  com.github.benmanes.caffeine.cache.NodeFactory$28
2320:             1             24  com.github.benmanes.caffeine.cache.NodeFactory$29
2321:             1             24  com.github.benmanes.caffeine.cache.NodeFactory$3
2322:             1             24  com.github.benmanes.caffeine.cache.NodeFactory$30
2323:             1             24  com.github.benmanes.caffeine.cache.NodeFactory$31
2324:             1             24  com.github.benmanes.caffeine.cache.NodeFactory$32
2325:             1             24  com.github.benmanes.caffeine.cache.NodeFactory$33
2326:             1             24  com.github.benmanes.caffeine.cache.NodeFactory$34
2327:             1             24  com.github.benmanes.caffeine.cache.NodeFactory$35
2328:             1             24  com.github.benmanes.caffeine.cache.NodeFactory$36
2329:             1             24  com.github.benmanes.caffeine.cache.NodeFactory$37
2330:             1             24  com.github.benmanes.caffeine.cache.NodeFactory$38
2331:             1             24  com.github.benmanes.caffeine.cache.NodeFactory$39
2332:             1             24  com.github.benmanes.caffeine.cache.NodeFactory$4
2333:             1             24  com.github.benmanes.caffeine.cache.NodeFactory$40
2334:             1             24  com.github.benmanes.caffeine.cache.NodeFactory$41
2335:             1             24  com.github.benmanes.caffeine.cache.NodeFactory$42
2336:             1             24  com.github.benmanes.caffeine.cache.NodeFactory$43
2337:             1             24  com.github.benmanes.caffeine.cache.NodeFactory$44
2338:             1             24  com.github.benmanes.caffeine.cache.NodeFactory$45
2339:             1             24  com.github.benmanes.caffeine.cache.NodeFactory$46
2340:             1             24  com.github.benmanes.caffeine.cache.NodeFactory$47
2341:             1             24  com.github.benmanes.caffeine.cache.NodeFactory$48
2342:             1             24  com.github.benmanes.caffeine.cache.NodeFactory$49
2343:             1             24  com.github.benmanes.caffeine.cache.NodeFactory$5
2344:             1             24  com.github.benmanes.caffeine.cache.NodeFactory$50
2345:             1             24  com.github.benmanes.caffeine.cache.NodeFactory$51
2346:             1             24  com.github.benmanes.caffeine.cache.NodeFactory$52
2347:             1             24  com.github.benmanes.caffeine.cache.NodeFactory$53
2348:             1             24  com.github.benmanes.caffeine.cache.NodeFactory$54
2349:             1             24  com.github.benmanes.caffeine.cache.NodeFactory$55
2350:             1             24  com.github.benmanes.caffeine.cache.NodeFactory$56
2351:             1             24  com.github.benmanes.caffeine.cache.NodeFactory$57
2352:             1             24  com.github.benmanes.caffeine.cache.NodeFactory$58
2353:             1             24  com.github.benmanes.caffeine.cache.NodeFactory$59
2354:             1             24  com.github.benmanes.caffeine.cache.NodeFactory$6
2355:             1             24  com.github.benmanes.caffeine.cache.NodeFactory$60
2356:             1             24  com.github.benmanes.caffeine.cache.NodeFactory$61
2357:             1             24  com.github.benmanes.caffeine.cache.NodeFactory$62
2358:             1             24  com.github.benmanes.caffeine.cache.NodeFactory$63
2359:             1             24  com.github.benmanes.caffeine.cache.NodeFactory$64
2360:             1             24  com.github.benmanes.caffeine.cache.NodeFactory$65
2361:             1             24  com.github.benmanes.caffeine.cache.NodeFactory$66
2362:             1             24  com.github.benmanes.caffeine.cache.NodeFactory$67
2363:             1             24  com.github.benmanes.caffeine.cache.NodeFactory$68
2364:             1             24  com.github.benmanes.caffeine.cache.NodeFactory$69
2365:             1             24  com.github.benmanes.caffeine.cache.NodeFactory$7
2366:             1             24  com.github.benmanes.caffeine.cache.NodeFactory$70
2367:             1             24  com.github.benmanes.caffeine.cache.NodeFactory$71
2368:             1             24  com.github.benmanes.caffeine.cache.NodeFactory$72
2369:             1             24  com.github.benmanes.caffeine.cache.NodeFactory$73
2370:             1             24  com.github.benmanes.caffeine.cache.NodeFactory$74
2371:             1             24  com.github.benmanes.caffeine.cache.NodeFactory$75
2372:             1             24  com.github.benmanes.caffeine.cache.NodeFactory$76
2373:             1             24  com.github.benmanes.caffeine.cache.NodeFactory$77
2374:             1             24  com.github.benmanes.caffeine.cache.NodeFactory$78
2375:             1             24  com.github.benmanes.caffeine.cache.NodeFactory$79
2376:             1             24  com.github.benmanes.caffeine.cache.NodeFactory$8
2377:             1             24  com.github.benmanes.caffeine.cache.NodeFactory$80
2378:             1             24  com.github.benmanes.caffeine.cache.NodeFactory$81
2379:             1             24  com.github.benmanes.caffeine.cache.NodeFactory$82
2380:             1             24  com.github.benmanes.caffeine.cache.NodeFactory$83
2381:             1             24  com.github.benmanes.caffeine.cache.NodeFactory$84
2382:             1             24  com.github.benmanes.caffeine.cache.NodeFactory$85
2383:             1             24  com.github.benmanes.caffeine.cache.NodeFactory$86
2384:             1             24  com.github.benmanes.caffeine.cache.NodeFactory$87
2385:             1             24  com.github.benmanes.caffeine.cache.NodeFactory$88
2386:             1             24  com.github.benmanes.caffeine.cache.NodeFactory$89
2387:             1             24  com.github.benmanes.caffeine.cache.NodeFactory$9
2388:             1             24  com.github.benmanes.caffeine.cache.NodeFactory$90
2389:             1             24  com.github.benmanes.caffeine.cache.NodeFactory$91
2390:             1             24  com.github.benmanes.caffeine.cache.NodeFactory$92
2391:             1             24  com.github.benmanes.caffeine.cache.NodeFactory$93
2392:             1             24  com.github.benmanes.caffeine.cache.NodeFactory$94
2393:             1             24  com.github.benmanes.caffeine.cache.NodeFactory$95
2394:             1             24  com.github.benmanes.caffeine.cache.NodeFactory$96
2395:             1             24  com.github.benmanes.caffeine.cache.NodeFactory$97
2396:             1             24  com.github.benmanes.caffeine.cache.NodeFactory$98
2397:             1             24  com.github.benmanes.caffeine.cache.NodeFactory$99
2398:             1             24  com.github.benmanes.caffeine.cache.RemovalCause$1
2399:             1             24  com.github.benmanes.caffeine.cache.RemovalCause$2
2400:             1             24  com.github.benmanes.caffeine.cache.RemovalCause$3
2401:             1             24  com.github.benmanes.caffeine.cache.RemovalCause$4
2402:             1             24  com.github.benmanes.caffeine.cache.RemovalCause$5
2403:             1             24  com.github.benmanes.caffeine.cache.SingletonWeigher
2404:             1             24  com.github.benmanes.caffeine.cache.stats.DisabledStatsCounter
2405:             1             24  com.google.common.base.CharMatcher$Or
2406:             1             24  com.google.common.base.Functions$IdentityFunction
2407:             1             24  com.google.common.base.Joiner$1
2408:             1             24  com.google.common.base.Joiner$MapJoiner
2409:             1             24  com.google.common.base.Predicates$ObjectPredicate$1
2410:             1             24  com.google.common.base.Predicates$ObjectPredicate$2
2411:             1             24  com.google.common.base.Predicates$ObjectPredicate$3
2412:             1             24  com.google.common.base.Predicates$ObjectPredicate$4
2413:             1             24  com.google.common.cache.CacheBuilder$NullListener
2414:             1             24  com.google.common.cache.CacheBuilder$OneWeigher
2415:             1             24  com.google.common.cache.LocalCache$EntryFactory$1
2416:             1             24  com.google.common.cache.LocalCache$EntryFactory$2
2417:             1             24  com.google.common.cache.LocalCache$EntryFactory$3
2418:             1             24  com.google.common.cache.LocalCache$EntryFactory$4
2419:             1             24  com.google.common.cache.LocalCache$EntryFactory$5
2420:             1             24  com.google.common.cache.LocalCache$EntryFactory$6
2421:             1             24  com.google.common.cache.LocalCache$EntryFactory$7
2422:             1             24  com.google.common.cache.LocalCache$EntryFactory$8
2423:             1             24  com.google.common.cache.LocalCache$Strength$1
2424:             1             24  com.google.common.cache.LocalCache$Strength$2
2425:             1             24  com.google.common.cache.LocalCache$Strength$3
2426:             1             24  com.google.common.collect.ByFunctionOrdering
2427:             1             24  com.google.common.collect.ConcurrentHashMultiset
2428:             1             24  com.google.common.collect.EmptyImmutableSortedSet
2429:             1             24  com.google.common.collect.GenericMapMaker$NullListener
2430:             1             24  com.google.common.collect.MapMakerInternalMap$EntryFactory$1
2431:             1             24  com.google.common.collect.MapMakerInternalMap$EntryFactory$2
2432:             1             24  com.google.common.collect.MapMakerInternalMap$EntryFactory$3
2433:             1             24  com.google.common.collect.MapMakerInternalMap$EntryFactory$4
2434:             1             24  com.google.common.collect.MapMakerInternalMap$EntryFactory$5
2435:             1             24  com.google.common.collect.MapMakerInternalMap$EntryFactory$6
2436:             1             24  com.google.common.collect.MapMakerInternalMap$EntryFactory$7
2437:             1             24  com.google.common.collect.MapMakerInternalMap$EntryFactory$8
2438:             1             24  com.google.common.collect.MapMakerInternalMap$Strength$1
2439:             1             24  com.google.common.collect.MapMakerInternalMap$Strength$2
2440:             1             24  com.google.common.collect.MapMakerInternalMap$Strength$3
2441:             1             24  com.google.common.collect.Maps$EntryFunction$1
2442:             1             24  com.google.common.collect.Maps$EntryFunction$2
2443:             1             24  com.google.common.collect.Sets$3
2444:             1             24  com.google.common.collect.SortedLists$KeyAbsentBehavior$1
2445:             1             24  com.google.common.collect.SortedLists$KeyAbsentBehavior$2
2446:             1             24  com.google.common.collect.SortedLists$KeyAbsentBehavior$3
2447:             1             24  com.google.common.collect.SortedLists$KeyPresentBehavior$1
2448:             1             24  com.google.common.collect.SortedLists$KeyPresentBehavior$2
2449:             1             24  com.google.common.collect.SortedLists$KeyPresentBehavior$3
2450:             1             24  com.google.common.collect.SortedLists$KeyPresentBehavior$4
2451:             1             24  com.google.common.collect.SortedLists$KeyPresentBehavior$5
2452:             1             24  com.google.common.util.concurrent.Futures$1$1
2453:             1             24  com.google.common.util.concurrent.Futures$ChainingListenableFuture$1
2454:             1             24  com.google.common.util.concurrent.MoreExecutors$DirectExecutor
2455:             1             24  com.googlecode.concurrentlinkedhashmap.ConcurrentHashMapV8$KeySetView
2456:             1             24  com.googlecode.concurrentlinkedhashmap.ConcurrentLinkedHashMap$DiscardingListener
2457:             1             24  com.googlecode.concurrentlinkedhashmap.ConcurrentLinkedHashMap$DrainStatus$1
2458:             1             24  com.googlecode.concurrentlinkedhashmap.ConcurrentLinkedHashMap$DrainStatus$2
2459:             1             24  com.googlecode.concurrentlinkedhashmap.ConcurrentLinkedHashMap$DrainStatus$3
2460:             1             24  com.googlecode.concurrentlinkedhashmap.ConcurrentLinkedHashMap$KeySet
2461:             1             24  com.googlecode.concurrentlinkedhashmap.Weighers$SingletonEntryWeigher
2462:             1             24  com.sun.beans.util.Cache$Kind$1
2463:             1             24  com.sun.beans.util.Cache$Kind$2
2464:             1             24  com.sun.beans.util.Cache$Kind$3
2465:             1             24  com.sun.jmx.mbeanserver.ClassLoaderRepositorySupport
2466:             1             24  com.sun.jmx.mbeanserver.MXBeanLookup
2467:             1             24  com.sun.jmx.remote.internal.ArrayNotificationBuffer$ShareBuffer
2468:             1             24  com.sun.jna.Structure$3
2469:             1             24  com.sun.org.apache.xerces.internal.impl.Constants$ArrayEnumeration
2470:             1             24  io.netty.buffer.UnpooledByteBufAllocator
2471:             1             24  io.netty.channel.AdaptiveRecvByteBufAllocator
2472:             1             24  io.netty.channel.SucceededChannelFuture
2473:             1             24  io.netty.channel.unix.Socket
2474:             1             24  io.netty.util.concurrent.FailedFuture
2475:             1             24  java.lang.ClassValue$Version
2476:             1             24  java.lang.Package$1
2477:             1             24  java.lang.ProcessEnvironment$StringEnvironment
2478:             1             24  java.lang.invoke.MethodHandleImpl$4
2479:             1             24  java.lang.invoke.MethodType$ConcurrentWeakInternSet
2480:             1             24  java.math.MutableBigInteger
2481:             1             24  java.net.Inet4AddressImpl
2482:             1             24  java.net.InterfaceAddress
2483:             1             24  java.nio.file.FileVisitOption
2484:             1             24  java.nio.file.LinkOption
2485:             1             24  java.security.CodeSigner
2486:             1             24  java.security.Policy$PolicyInfo
2487:             1             24  java.security.Policy$UnsupportedEmptyCollection
2488:             1             24  java.util.Collections$EmptyMap
2489:             1             24  java.util.Collections$UnmodifiableList
2490:             1             24  java.util.Comparators$NaturalOrderComparator
2491:             1             24  java.util.Currency
2492:             1             24  java.util.Locale$Cache
2493:             1             24  java.util.OptionalLong
2494:             1             24  java.util.ResourceBundle$Control$CandidateListCache
2495:             1             24  java.util.Vector$1
2496:             1             24  java.util.concurrent.Executors$DelegatedScheduledExecutorService
2497:             1             24  java.util.concurrent.TimeUnit$1
2498:             1             24  java.util.concurrent.TimeUnit$2
2499:             1             24  java.util.concurrent.TimeUnit$3
2500:             1             24  java.util.concurrent.TimeUnit$4
2501:             1             24  java.util.concurrent.TimeUnit$5
2502:             1             24  java.util.concurrent.TimeUnit$6
2503:             1             24  java.util.concurrent.TimeUnit$7
2504:             1             24  java.util.logging.LogManager$5
2505:             1             24  java.util.logging.LogManager$LoggerContext
2506:             1             24  java.util.logging.LoggingPermission
2507:             1             24  java.util.regex.Pattern$SingleI
2508:             1             24  javax.crypto.spec.RC2ParameterSpec
2509:             1             24  javax.management.NotificationBroadcasterSupport
2510:             1             24  javax.net.ssl.SSLContext
2511:             1             24  org.antlr.runtime.CharStreamState
2512:             1             24  org.apache.cassandra.auth.CassandraAuthorizer
2513:             1             24  org.apache.cassandra.auth.CassandraRoleManager$Role
2514:             1             24  org.apache.cassandra.auth.PasswordAuthenticator
2515:             1             24  org.apache.cassandra.cache.ChunkCache
2516:             1             24  org.apache.cassandra.config.Config$1
2517:             1             24  org.apache.cassandra.config.Config$RequestSchedulerId
2518:             1             24  org.apache.cassandra.config.RequestSchedulerOptions
2519:             1             24  org.apache.cassandra.cql3.Attributes$Raw
2520:             1             24  org.apache.cassandra.cql3.ColumnConditions
2521:             1             24  org.apache.cassandra.cql3.CqlParser
2522:             1             24  org.apache.cassandra.cql3.ErrorCollector
2523:             1             24  org.apache.cassandra.cql3.Lists$Marker
2524:             1             24  org.apache.cassandra.cql3.Maps$DiscarderByKey
2525:             1             24  org.apache.cassandra.cql3.Maps$Marker
2526:             1             24  org.apache.cassandra.cql3.Maps$Setter
2527:             1             24  org.apache.cassandra.cql3.Operator$1
2528:             1             24  org.apache.cassandra.cql3.Operator$10
2529:             1             24  org.apache.cassandra.cql3.Operator$11
2530:             1             24  org.apache.cassandra.cql3.Operator$12
2531:             1             24  org.apache.cassandra.cql3.Operator$13
2532:             1             24  org.apache.cassandra.cql3.Operator$14
2533:             1             24  org.apache.cassandra.cql3.Operator$15
2534:             1             24  org.apache.cassandra.cql3.Operator$2
2535:             1             24  org.apache.cassandra.cql3.Operator$3
2536:             1             24  org.apache.cassandra.cql3.Operator$4
2537:             1             24  org.apache.cassandra.cql3.Operator$5
2538:             1             24  org.apache.cassandra.cql3.Operator$6
2539:             1             24  org.apache.cassandra.cql3.Operator$7
2540:             1             24  org.apache.cassandra.cql3.Operator$8
2541:             1             24  org.apache.cassandra.cql3.Operator$9
2542:             1             24  org.apache.cassandra.cql3.QueryProcessor$InternalStateInstance
2543:             1             24  org.apache.cassandra.cql3.functions.AggregateFcts$1
2544:             1             24  org.apache.cassandra.cql3.functions.AggregateFcts$10
2545:             1             24  org.apache.cassandra.cql3.functions.AggregateFcts$11
2546:             1             24  org.apache.cassandra.cql3.functions.AggregateFcts$12
2547:             1             24  org.apache.cassandra.cql3.functions.AggregateFcts$13
2548:             1             24  org.apache.cassandra.cql3.functions.AggregateFcts$14
2549:             1             24  org.apache.cassandra.cql3.functions.AggregateFcts$15
2550:             1             24  org.apache.cassandra.cql3.functions.AggregateFcts$16
2551:             1             24  org.apache.cassandra.cql3.functions.AggregateFcts$17
2552:             1             24  org.apache.cassandra.cql3.functions.AggregateFcts$18
2553:             1             24  org.apache.cassandra.cql3.functions.AggregateFcts$19
2554:             1             24  org.apache.cassandra.cql3.functions.AggregateFcts$2
2555:             1             24  org.apache.cassandra.cql3.functions.AggregateFcts$20
2556:             1             24  org.apache.cassandra.cql3.functions.AggregateFcts$21
2557:             1             24  org.apache.cassandra.cql3.functions.AggregateFcts$3
2558:             1             24  org.apache.cassandra.cql3.functions.AggregateFcts$4
2559:             1             24  org.apache.cassandra.cql3.functions.AggregateFcts$5
2560:             1             24  org.apache.cassandra.cql3.functions.AggregateFcts$6
2561:             1             24  org.apache.cassandra.cql3.functions.AggregateFcts$7
2562:             1             24  org.apache.cassandra.cql3.functions.AggregateFcts$8
2563:             1             24  org.apache.cassandra.cql3.functions.AggregateFcts$9
2564:             1             24  org.apache.cassandra.cql3.functions.BytesConversionFcts$3
2565:             1             24  org.apache.cassandra.cql3.functions.BytesConversionFcts$4
2566:             1             24  org.apache.cassandra.cql3.functions.TimeFcts$1
2567:             1             24  org.apache.cassandra.cql3.functions.TimeFcts$10
2568:             1             24  org.apache.cassandra.cql3.functions.TimeFcts$11
2569:             1             24  org.apache.cassandra.cql3.functions.TimeFcts$12
2570:             1             24  org.apache.cassandra.cql3.functions.TimeFcts$2
2571:             1             24  org.apache.cassandra.cql3.functions.TimeFcts$3
2572:             1             24  org.apache.cassandra.cql3.functions.TimeFcts$6
2573:             1             24  org.apache.cassandra.cql3.functions.TimeFcts$7
2574:             1             24  org.apache.cassandra.cql3.functions.TimeFcts$8
2575:             1             24  org.apache.cassandra.cql3.functions.TimeFcts$9
2576:             1             24  org.apache.cassandra.cql3.functions.UuidFcts$1
2577:             1             24  org.apache.cassandra.cql3.restrictions.SingleColumnRestriction$InRestrictionWithMarker
2578:             1             24  org.apache.cassandra.cql3.restrictions.TermSlice
2579:             1             24  org.apache.cassandra.cql3.restrictions.TokenRestriction$SliceRestriction
2580:             1             24  org.apache.cassandra.cql3.statements.StatementType$1
2581:             1             24  org.apache.cassandra.cql3.statements.StatementType$2
2582:             1             24  org.apache.cassandra.cql3.statements.StatementType$3
2583:             1             24  org.apache.cassandra.cql3.statements.StatementType$4
2584:             1             24  org.apache.cassandra.db.BlacklistedDirectories
2585:             1             24  org.apache.cassandra.db.Clustering$1
2586:             1             24  org.apache.cassandra.db.Clustering$2
2587:             1             24  org.apache.cassandra.db.Slice$1
2588:             1             24  org.apache.cassandra.db.commitlog.CommitLog$Configuration
2589:             1             24  org.apache.cassandra.db.compaction.CompactionLogger$CompactionLogSerializer
2590:             1             24  org.apache.cassandra.db.filter.DataLimits$1
2591:             1             24  org.apache.cassandra.db.filter.DataLimits$CQLLimits
2592:             1             24  org.apache.cassandra.db.marshal.AsciiType$1
2593:             1             24  org.apache.cassandra.db.marshal.BooleanType
2594:             1             24  org.apache.cassandra.db.marshal.ByteType
2595:             1             24  org.apache.cassandra.db.marshal.BytesType
2596:             1             24  org.apache.cassandra.db.marshal.CollectionType$Kind$1
2597:             1             24  org.apache.cassandra.db.marshal.CollectionType$Kind$2
2598:             1             24  org.apache.cassandra.db.marshal.CollectionType$Kind$3
2599:             1             24  org.apache.cassandra.db.marshal.CounterColumnType
2600:             1             24  org.apache.cassandra.db.marshal.DecimalType
2601:             1             24  org.apache.cassandra.db.marshal.DoubleType
2602:             1             24  org.apache.cassandra.db.marshal.DurationType
2603:             1             24  org.apache.cassandra.db.marshal.EmptyType
2604:             1             24  org.apache.cassandra.db.marshal.FloatType
2605:             1             24  org.apache.cassandra.db.marshal.InetAddressType
2606:             1             24  org.apache.cassandra.db.marshal.Int32Type
2607:             1             24  org.apache.cassandra.db.marshal.IntegerType
2608:             1             24  org.apache.cassandra.db.marshal.LongType
2609:             1             24  org.apache.cassandra.db.marshal.ShortType
2610:             1             24  org.apache.cassandra.db.marshal.SimpleDateType
2611:             1             24  org.apache.cassandra.db.marshal.TimeType
2612:             1             24  org.apache.cassandra.db.marshal.TimeUUIDType
2613:             1             24  org.apache.cassandra.db.marshal.TimestampType
2614:             1             24  org.apache.cassandra.db.marshal.TypeParser
2615:             1             24  org.apache.cassandra.db.marshal.UTF8Type
2616:             1             24  org.apache.cassandra.db.marshal.UUIDType
2617:             1             24  org.apache.cassandra.db.transform.Stack
2618:             1             24  org.apache.cassandra.dht.Murmur3Partitioner
2619:             1             24  org.apache.cassandra.dht.Murmur3Partitioner$1
2620:             1             24  org.apache.cassandra.hints.HintsCatalog
2621:             1             24  org.apache.cassandra.hints.HintsWriteExecutor
2622:             1             24  org.apache.cassandra.io.compress.BufferType$1
2623:             1             24  org.apache.cassandra.io.compress.BufferType$2
2624:             1             24  org.apache.cassandra.io.util.ChecksumWriter
2625:             1             24  org.apache.cassandra.io.util.SequentialWriter$TransactionalProxy
2626:             1             24  org.apache.cassandra.io.util.SsdDiskOptimizationStrategy
2627:             1             24  org.apache.cassandra.locator.ReconnectableSnitchHelper
2628:             1             24  org.apache.cassandra.metrics.AuthMetrics
2629:             1             24  org.apache.cassandra.metrics.BufferPoolMetrics
2630:             1             24  org.apache.cassandra.metrics.CassandraMetricsRegistry
2631:             1             24  org.apache.cassandra.metrics.CommitLogMetrics$1
2632:             1             24  org.apache.cassandra.metrics.CommitLogMetrics$2
2633:             1             24  org.apache.cassandra.metrics.CommitLogMetrics$3
2634:             1             24  org.apache.cassandra.metrics.CompactionMetrics$3
2635:             1             24  org.apache.cassandra.metrics.HintedHandoffMetrics
2636:             1             24  org.apache.cassandra.metrics.MessagingMetrics
2637:             1             24  org.apache.cassandra.net.MessagingService$Verb$1
2638:             1             24  org.apache.cassandra.net.MessagingService$Verb$10
2639:             1             24  org.apache.cassandra.net.MessagingService$Verb$11
2640:             1             24  org.apache.cassandra.net.MessagingService$Verb$12
2641:             1             24  org.apache.cassandra.net.MessagingService$Verb$13
2642:             1             24  org.apache.cassandra.net.MessagingService$Verb$2
2643:             1             24  org.apache.cassandra.net.MessagingService$Verb$3
2644:             1             24  org.apache.cassandra.net.MessagingService$Verb$4
2645:             1             24  org.apache.cassandra.net.MessagingService$Verb$5
2646:             1             24  org.apache.cassandra.net.MessagingService$Verb$6
2647:             1             24  org.apache.cassandra.net.MessagingService$Verb$7
2648:             1             24  org.apache.cassandra.net.MessagingService$Verb$8
2649:             1             24  org.apache.cassandra.net.MessagingService$Verb$9
2650:             1             24  org.apache.cassandra.service.CacheService
2651:             1             24  org.apache.cassandra.service.GCInspector
2652:             1             24  org.apache.cassandra.service.PendingRangeCalculatorService
2653:             1             24  org.apache.cassandra.service.QueryState
2654:             1             24  org.apache.cassandra.service.StartupChecks
2655:             1             24  org.apache.cassandra.service.StartupChecks$8
2656:             1             24  org.apache.cassandra.streaming.StreamManager
2657:             1             24  org.apache.cassandra.thrift.Cassandra$Processor
2658:             1             24  org.apache.cassandra.tracing.TracingImpl
2659:             1             24  org.apache.cassandra.transport.ConnectionLimitHandler
2660:             1             24  org.apache.cassandra.transport.Frame$Compressor
2661:             1             24  org.apache.cassandra.transport.Frame$Decompressor
2662:             1             24  org.apache.cassandra.transport.Frame$Encoder
2663:             1             24  org.apache.cassandra.transport.Message$Dispatcher
2664:             1             24  org.apache.cassandra.transport.Message$ProtocolDecoder
2665:             1             24  org.apache.cassandra.transport.Message$ProtocolEncoder
2666:             1             24  org.apache.cassandra.transport.RequestThreadPoolExecutor
2667:             1             24  org.apache.cassandra.transport.Server$ConnectionTracker
2668:             1             24  org.apache.cassandra.transport.Server$EventNotifier
2669:             1             24  org.apache.cassandra.transport.Server$Initializer
2670:             1             24  org.apache.cassandra.triggers.TriggerExecutor
2671:             1             24  org.apache.cassandra.utils.ChecksumType$1
2672:             1             24  org.apache.cassandra.utils.ChecksumType$2
2673:             1             24  org.apache.cassandra.utils.ConcurrentBiMap
2674:             1             24  org.apache.cassandra.utils.ExpiringMap$1
2675:             1             24  org.apache.cassandra.utils.HistogramBuilder
2676:             1             24  org.apache.cassandra.utils.IntervalTree
2677:             1             24  org.apache.cassandra.utils.JMXServerUtils$Registry
2678:             1             24  org.apache.cassandra.utils.concurrent.OpOrder$Barrier
2679:             1             24  org.apache.cassandra.utils.memory.BufferPool$Debug
2680:             1             24  org.apache.cassandra.utils.progress.jmx.JMXProgressSupport
2681:             1             24  org.apache.cassandra.utils.progress.jmx.LegacyJMXProgressSupport
2682:             1             24  org.codehaus.jackson.map.deser.BeanDeserializerFactory
2683:             1             24  org.codehaus.jackson.map.ser.BeanSerializerFactory
2684:             1             24  org.codehaus.jackson.map.ser.BeanSerializerFactory$ConfigImpl
2685:             1             24  org.codehaus.jackson.map.ser.impl.FailingSerializer
2686:             1             24  org.codehaus.jackson.map.ser.impl.SerializerCache
2687:             1             24  org.codehaus.jackson.map.ser.std.StdArraySerializers$BooleanArraySerializer
2688:             1             24  org.codehaus.jackson.map.ser.std.StdArraySerializers$DoubleArraySerializer
2689:             1             24  org.codehaus.jackson.map.ser.std.StdArraySerializers$FloatArraySerializer
2690:             1             24  org.codehaus.jackson.map.ser.std.StdArraySerializers$IntArraySerializer
2691:             1             24  org.codehaus.jackson.map.ser.std.StdArraySerializers$LongArraySerializer
2692:             1             24  org.codehaus.jackson.map.ser.std.StdArraySerializers$ShortArraySerializer
2693:             1             24  org.slf4j.helpers.FormattingTuple
2694:             1             24  org.slf4j.impl.StaticLoggerBinder
2695:             1             24  org.yaml.snakeyaml.external.com.google.gdata.util.common.base.PercentEscaper
2696:             1             24  sun.instrument.TransformerManager
2697:             1             24  sun.launcher.LauncherHelper
2698:             1             24  sun.management.CompilationImpl
2699:             1             24  sun.management.GarbageCollectionNotifInfoCompositeData
2700:             1             24  sun.management.MemoryImpl
2701:             1             24  sun.management.OperatingSystemImpl
2702:             1             24  sun.management.RuntimeImpl
2703:             1             24  sun.management.ThreadImpl
2704:             1             24  sun.management.VMManagementImpl
2705:             1             24  sun.misc.JarIndex
2706:             1             24  sun.net.ProgressMonitor
2707:             1             24  sun.net.sdp.SdpProvider
2708:             1             24  sun.net.www.protocol.http.Handler
2709:             1             24  sun.nio.cs.ISO_8859_1
2710:             1             24  sun.nio.cs.US_ASCII
2711:             1             24  sun.nio.cs.UTF_16
2712:             1             24  sun.nio.cs.UTF_16BE
2713:             1             24  sun.nio.cs.UTF_16LE
2714:             1             24  sun.nio.cs.UTF_8
2715:             1             24  sun.rmi.runtime.RuntimeUtil$1
2716:             1             24  sun.rmi.server.LoaderHandler$1
2717:             1             24  sun.rmi.transport.DGCImpl
2718:             1             24  sun.rmi.transport.Target$$Lambda$338/684260999
2719:             1             24  sun.security.provider.certpath.X509CertPath
2720:             1             24  sun.security.ssl.SunX509KeyManagerImpl
2721:             1             24  sun.security.validator.EndEntityChecker
2722:             1             24  sun.security.x509.AccessDescription
2723:             1             24  sun.security.x509.CertificatePolicyMap
2724:             1             24  sun.util.locale.BaseLocale$Cache
2725:             1             24  sun.util.locale.provider.CalendarDataProviderImpl
2726:             1             24  sun.util.locale.provider.CalendarProviderImpl
2727:             1             24  sun.util.locale.provider.CurrencyNameProviderImpl
2728:             1             24  sun.util.locale.provider.DateFormatSymbolsProviderImpl
2729:             1             24  sun.util.locale.provider.DecimalFormatSymbolsProviderImpl
2730:             1             24  sun.util.locale.provider.NumberFormatProviderImpl
2731:             1             24  sun.util.logging.PlatformLogger
2732:             1             24  sun.util.logging.PlatformLogger$JavaLoggerProxy
2733:             1             24  sun.util.resources.LocaleData$1
2734:             1             16  [Lch.qos.logback.classic.spi.ThrowableProxy;
2735:             1             16  [Ljava.beans.EventSetDescriptor;
2736:             1             16  [Ljava.lang.&lt;span class=&quot;code-object&quot;&gt;Double&lt;/span&gt;;
2737:             1             16  [Ljava.lang.&lt;span class=&quot;code-object&quot;&gt;Float&lt;/span&gt;;
2738:             1             16  [Ljava.lang.Throwable;
2739:             1             16  [Ljava.net.NetworkInterface;
2740:             1             16  [Ljava.net.URL;
2741:             1             16  [Ljava.nio.file.attribute.FileAttribute;
2742:             1             16  [Ljava.security.Provider;
2743:             1             16  [Ljava.text.FieldPosition;
2744:             1             16  [Ljavax.security.cert.X509Certificate;
2745:             1             16  [Lnet.jpountz.lz4.LZ4JNI;
2746:             1             16  [Lnet.jpountz.lz4.LZ4Utils;
2747:             1             16  [Lnet.jpountz.util.ByteBufferUtils;
2748:             1             16  [Lnet.jpountz.util.Native;
2749:             1             16  [Lnet.jpountz.util.SafeUtils;
2750:             1             16  [Lnet.jpountz.xxhash.XXHashJNI;
2751:             1             16  [Lorg.apache.cassandra.db.rows.Cell;
2752:             1             16  [Lorg.apache.cassandra.db.transform.Stack$MoreContentsHolder;
2753:             1             16  [Lorg.codehaus.jackson.map.AbstractTypeResolver;
2754:             1             16  [Lorg.codehaus.jackson.map.Deserializers;
2755:             1             16  [Lorg.codehaus.jackson.map.KeyDeserializers;
2756:             1             16  [Lorg.codehaus.jackson.map.Serializers;
2757:             1             16  [Lorg.codehaus.jackson.map.deser.BeanDeserializerModifier;
2758:             1             16  [Lorg.codehaus.jackson.map.deser.ValueInstantiators;
2759:             1             16  [Lorg.codehaus.jackson.map.introspect.AnnotationMap;
2760:             1             16  [Lorg.codehaus.jackson.map.ser.BeanSerializerModifier;
2761:             1             16  [Lsun.instrument.TransformerManager$TransformerInfo;
2762:             1             16  ch.qos.logback.classic.selector.DefaultContextSelector
2763:             1             16  ch.qos.logback.core.joran.spi.ConsoleTarget$1
2764:             1             16  ch.qos.logback.core.joran.spi.ConsoleTarget$2
2765:             1             16  ch.qos.logback.core.joran.spi.DefaultNestedComponentRegistry
2766:             1             16  ch.qos.logback.core.joran.util.ConfigurationWatchListUtil
2767:             1             16  com.codahale.metrics.Clock$UserTimeClock
2768:             1             16  com.codahale.metrics.MetricRegistry$MetricBuilder$1
2769:             1             16  com.codahale.metrics.MetricRegistry$MetricBuilder$2
2770:             1             16  com.codahale.metrics.MetricRegistry$MetricBuilder$3
2771:             1             16  com.codahale.metrics.MetricRegistry$MetricBuilder$4
2772:             1             16  com.codahale.metrics.Striped64$ThreadHashCode
2773:             1             16  com.codahale.metrics.ThreadLocalRandom$1
2774:             1             16  com.github.benmanes.caffeine.SingleConsumerQueue$$Lambda$80/692511295
2775:             1             16  com.github.benmanes.caffeine.cache.BoundedLocalCache$$Lambda$79/608770405
2776:             1             16  com.github.benmanes.caffeine.cache.BoundedLocalCache$BoundedLocalLoadingCache$$Lambda$81/1858886571
2777:             1             16  com.github.benmanes.caffeine.cache.BoundedLocalCache$EntrySetView
2778:             1             16  com.github.benmanes.caffeine.cache.BoundedLocalCache$KeySetView
2779:             1             16  com.github.benmanes.caffeine.cache.BoundedWeigher
2780:             1             16  com.github.benmanes.caffeine.cache.Caffeine$$Lambda$77/2064869182
2781:             1             16  com.google.common.base.Absent
2782:             1             16  com.google.common.base.CharMatcher$1
2783:             1             16  com.google.common.base.CharMatcher$15
2784:             1             16  com.google.common.base.CharMatcher$2
2785:             1             16  com.google.common.base.CharMatcher$3
2786:             1             16  com.google.common.base.CharMatcher$4
2787:             1             16  com.google.common.base.CharMatcher$5
2788:             1             16  com.google.common.base.CharMatcher$6
2789:             1             16  com.google.common.base.CharMatcher$7
2790:             1             16  com.google.common.base.CharMatcher$8
2791:             1             16  com.google.common.base.Equivalence$Equals
2792:             1             16  com.google.common.base.Equivalence$Identity
2793:             1             16  com.google.common.base.Predicates$NotPredicate
2794:             1             16  com.google.common.base.Predicates$OrPredicate
2795:             1             16  com.google.common.base.Suppliers$SupplierOfInstance
2796:             1             16  com.google.common.base.Ticker$1
2797:             1             16  com.google.common.cache.CacheBuilder$1
2798:             1             16  com.google.common.cache.CacheBuilder$2
2799:             1             16  com.google.common.cache.CacheBuilder$3
2800:             1             16  com.google.common.cache.LocalCache$1
2801:             1             16  com.google.common.cache.LocalCache$2
2802:             1             16  com.google.common.cache.LocalCache$LocalManualCache
2803:             1             16  com.google.common.collect.ComparatorOrdering
2804:             1             16  com.google.common.collect.EmptyImmutableSet
2805:             1             16  com.google.common.collect.Iterators$1
2806:             1             16  com.google.common.collect.Iterators$2
2807:             1             16  com.google.common.collect.MapMakerInternalMap$1
2808:             1             16  com.google.common.collect.MapMakerInternalMap$2
2809:             1             16  com.google.common.collect.Multisets$5
2810:             1             16  com.google.common.collect.NaturalOrdering
2811:             1             16  com.google.common.collect.ReverseOrdering
2812:             1             16  com.google.common.io.ByteStreams$1
2813:             1             16  com.google.common.util.concurrent.Futures$4
2814:             1             16  com.google.common.util.concurrent.Futures$7
2815:             1             16  com.google.common.util.concurrent.Runnables$1
2816:             1             16  com.google.common.util.concurrent.Striped$5
2817:             1             16  com.googlecode.concurrentlinkedhashmap.ConcurrentLinkedHashMap$DiscardingQueue
2818:             1             16  com.sun.jmx.interceptor.DefaultMBeanServerInterceptor$ResourceContext$1
2819:             1             16  com.sun.jmx.mbeanserver.DefaultMXBeanMappingFactory
2820:             1             16  com.sun.jmx.mbeanserver.DescriptorCache
2821:             1             16  com.sun.jmx.mbeanserver.MBeanAnalyzer$MethodOrder
2822:             1             16  com.sun.jmx.mbeanserver.MBeanInstantiator
2823:             1             16  com.sun.jmx.mbeanserver.MXBeanIntrospector
2824:             1             16  com.sun.jmx.mbeanserver.SecureClassLoaderRepository
2825:             1             16  com.sun.jmx.mbeanserver.StandardMBeanIntrospector
2826:             1             16  com.sun.jmx.remote.internal.ArrayNotificationBuffer$5
2827:             1             16  com.sun.jmx.remote.internal.ArrayNotificationBuffer$BroadcasterQuery
2828:             1             16  com.sun.jmx.remote.internal.ArrayNotificationBuffer$BufferListener
2829:             1             16  com.sun.jmx.remote.internal.ServerCommunicatorAdmin$Timeout
2830:             1             16  com.sun.jmx.remote.internal.ServerNotifForwarder$NotifForwarderBufferFilter
2831:             1             16  com.sun.jmx.remote.protocol.iiop.IIOPProxyImpl
2832:             1             16  com.sun.jmx.remote.security.SubjectDelegator
2833:             1             16  com.sun.jna.Native$1
2834:             1             16  com.sun.jna.Native$2
2835:             1             16  com.sun.jna.Native$7
2836:             1             16  com.sun.jna.Structure$1
2837:             1             16  com.sun.jna.Structure$2
2838:             1             16  com.sun.jna.VarArgsChecker$RealVarArgsChecker
2839:             1             16  com.sun.org.apache.xerces.internal.impl.dv.dtd.IDDatatypeValidator
2840:             1             16  com.sun.org.apache.xerces.internal.impl.dv.dtd.IDREFDatatypeValidator
2841:             1             16  com.sun.org.apache.xerces.internal.impl.dv.dtd.NMTOKENDatatypeValidator
2842:             1             16  com.sun.org.apache.xerces.internal.impl.dv.dtd.NOTATIONDatatypeValidator
2843:             1             16  com.sun.org.apache.xerces.internal.impl.dv.dtd.StringDatatypeValidator
2844:             1             16  com.sun.org.apache.xerces.internal.utils.SecuritySupport
2845:             1             16  com.sun.proxy.$Proxy2
2846:             1             16  com.sun.proxy.$Proxy4
2847:             1             16  com.sun.proxy.$Proxy7
2848:             1             16  io.netty.buffer.ByteBufUtil$1
2849:             1             16  io.netty.buffer.ByteBufUtil$2
2850:             1             16  io.netty.channel.ChannelFutureListener$1
2851:             1             16  io.netty.channel.ChannelFutureListener$2
2852:             1             16  io.netty.channel.ChannelFutureListener$3
2853:             1             16  io.netty.channel.ChannelMetadata
2854:             1             16  io.netty.channel.ChannelOutboundBuffer$1
2855:             1             16  io.netty.channel.DefaultChannelPipeline$1
2856:             1             16  io.netty.channel.DefaultMessageSizeEstimator
2857:             1             16  io.netty.channel.DefaultMessageSizeEstimator$HandleImpl
2858:             1             16  io.netty.channel.DefaultSelectStrategy
2859:             1             16  io.netty.channel.DefaultSelectStrategyFactory
2860:             1             16  io.netty.channel.group.ChannelMatchers$1
2861:             1             16  io.netty.channel.group.ChannelMatchers$InvertMatcher
2862:             1             16  io.netty.util.Recycler$1
2863:             1             16  io.netty.util.Recycler$3
2864:             1             16  io.netty.util.concurrent.DefaultPromise$CauseHolder
2865:             1             16  io.netty.util.concurrent.GlobalEventExecutor$1
2866:             1             16  io.netty.util.concurrent.GlobalEventExecutor$TaskRunner
2867:             1             16  io.netty.util.concurrent.MultithreadEventExecutorGroup$1
2868:             1             16  io.netty.util.concurrent.MultithreadEventExecutorGroup$PowerOfTwoEventExecutorChooser
2869:             1             16  io.netty.util.concurrent.RejectedExecutionHandlers$1
2870:             1             16  io.netty.util.concurrent.SingleThreadEventExecutor$1
2871:             1             16  io.netty.util.internal.NoOpTypeParameterMatcher
2872:             1             16  java.io.DeleteOnExitHook$1
2873:             1             16  java.io.FileDescriptor$1
2874:             1             16  java.io.ObjectInputStream$$Lambda$293/697818519
2875:             1             16  java.io.ObjectInputStream$1
2876:             1             16  java.lang.ApplicationShutdownHooks$1
2877:             1             16  java.lang.CharacterDataLatin1
2878:             1             16  java.lang.ClassValue$Identity
2879:             1             16  java.lang.ProcessBuilder$NullInputStream
2880:             1             16  java.lang.ProcessBuilder$NullOutputStream
2881:             1             16  java.lang.&lt;span class=&quot;code-object&quot;&gt;Runtime&lt;/span&gt;
2882:             1             16  java.lang.&lt;span class=&quot;code-object&quot;&gt;String&lt;/span&gt;$CaseInsensitiveComparator
2883:             1             16  java.lang.&lt;span class=&quot;code-object&quot;&gt;System&lt;/span&gt;$2
2884:             1             16  java.lang.Terminator$1
2885:             1             16  java.lang.UNIXProcess$$Lambda$13/1784131088
2886:             1             16  java.lang.UNIXProcess$$Lambda$14/2143582219
2887:             1             16  java.lang.UNIXProcess$Platform$$Lambda$10/616881582
2888:             1             16  java.lang.invoke.MemberName$Factory
2889:             1             16  java.lang.invoke.MethodHandleImpl$2
2890:             1             16  java.lang.invoke.MethodHandleImpl$3
2891:             1             16  java.lang.management.PlatformComponent$1
2892:             1             16  java.lang.management.PlatformComponent$10
2893:             1             16  java.lang.management.PlatformComponent$11
2894:             1             16  java.lang.management.PlatformComponent$12
2895:             1             16  java.lang.management.PlatformComponent$13
2896:             1             16  java.lang.management.PlatformComponent$14
2897:             1             16  java.lang.management.PlatformComponent$15
2898:             1             16  java.lang.management.PlatformComponent$2
2899:             1             16  java.lang.management.PlatformComponent$3
2900:             1             16  java.lang.management.PlatformComponent$4
2901:             1             16  java.lang.management.PlatformComponent$5
2902:             1             16  java.lang.management.PlatformComponent$6
2903:             1             16  java.lang.management.PlatformComponent$7
2904:             1             16  java.lang.management.PlatformComponent$8
2905:             1             16  java.lang.management.PlatformComponent$9
2906:             1             16  java.lang.ref.Reference$1
2907:             1             16  java.lang.ref.Reference$Lock
2908:             1             16  java.lang.reflect.Proxy$KeyFactory
2909:             1             16  java.lang.reflect.Proxy$ProxyClassFactory
2910:             1             16  java.lang.reflect.ReflectAccess
2911:             1             16  java.math.BigDecimal$1
2912:             1             16  java.net.InetAddress$2
2913:             1             16  java.net.URLClassLoader$7
2914:             1             16  java.nio.Bits$1
2915:             1             16  java.nio.Bits$1$1
2916:             1             16  java.nio.charset.CoderResult$1
2917:             1             16  java.nio.charset.CoderResult$2
2918:             1             16  java.nio.file.Files$AcceptAllFilter
2919:             1             16  java.rmi.server.RMIClassLoader$2
2920:             1             16  java.security.AllPermission
2921:             1             16  java.security.ProtectionDomain$2
2922:             1             16  java.security.ProtectionDomain$JavaSecurityAccessImpl
2923:             1             16  java.text.DontCareFieldPosition$1
2924:             1             16  java.util.Collections$EmptyEnumeration
2925:             1             16  java.util.Collections$EmptyIterator
2926:             1             16  java.util.Collections$EmptyList
2927:             1             16  java.util.Collections$EmptySet
2928:             1             16  java.util.Collections$UnmodifiableMap$UnmodifiableEntrySet
2929:             1             16  java.util.Currency$CurrencyNameGetter
2930:             1             16  java.util.EnumMap$1
2931:             1             16  java.util.ResourceBundle$Control
2932:             1             16  java.util.Spliterators$EmptySpliterator$OfDouble
2933:             1             16  java.util.Spliterators$EmptySpliterator$OfInt
2934:             1             16  java.util.Spliterators$EmptySpliterator$OfLong
2935:             1             16  java.util.Spliterators$EmptySpliterator$OfRef
2936:             1             16  java.util.TreeMap$EntrySpliterator$$Lambda$68/1819038759
2937:             1             16  java.util.WeakHashMap$KeySet
2938:             1             16  java.util.concurrent.Executors$FinalizableDelegatedExecutorService
2939:             1             16  java.util.concurrent.ThreadPoolExecutor$AbortPolicy
2940:             1             16  java.util.jar.JarVerifier$3
2941:             1             16  java.util.jar.JavaUtilJarAccessImpl
2942:             1             16  java.util.logging.LoggingProxyImpl
2943:             1             16  java.util.regex.Pattern$4
2944:             1             16  java.util.regex.Pattern$LastNode
2945:             1             16  java.util.regex.Pattern$Node
2946:             1             16  java.util.stream.Collectors$$Lambda$178/1708585783
2947:             1             16  java.util.stream.Collectors$$Lambda$179/2048467502
2948:             1             16  java.util.stream.Collectors$$Lambda$180/1269763229
2949:             1             16  java.util.stream.Collectors$$Lambda$221/1489469437
2950:             1             16  java.util.stream.Collectors$$Lambda$222/431613642
2951:             1             16  java.util.stream.Collectors$$Lambda$223/1098744211
2952:             1             16  java.util.stream.Collectors$$Lambda$247/1746129463
2953:             1             16  java.util.stream.Collectors$$Lambda$60/1724814719
2954:             1             16  java.util.stream.Collectors$$Lambda$61/1718322084
2955:             1             16  java.util.stream.Collectors$$Lambda$62/24039137
2956:             1             16  java.util.stream.Collectors$$Lambda$63/992086987
2957:             1             16  java.util.stream.LongPipeline$$Lambda$189/1888591113
2958:             1             16  java.util.stream.LongPipeline$$Lambda$325/1014276638
2959:             1             16  java.util.zip.ZipFile$1
2960:             1             16  javax.crypto.JceSecurityManager
2961:             1             16  javax.management.JMX
2962:             1             16  javax.management.MBeanServerBuilder
2963:             1             16  javax.management.NotificationBroadcasterSupport$1
2964:             1             16  javax.management.remote.JMXPrincipal
2965:             1             16  javax.management.remote.rmi.RMIConnectionImpl_Stub
2966:             1             16  javax.management.remote.rmi.RMIServerImpl_Stub
2967:             1             16  javax.xml.parsers.SecuritySupport
2968:             1             16  net.jpountz.lz4.LZ4JNICompressor
2969:             1             16  net.jpountz.lz4.LZ4JNIFastDecompressor
2970:             1             16  net.jpountz.lz4.LZ4JNISafeDecompressor
2971:             1             16  net.jpountz.xxhash.StreamingXXHash32JNI$Factory
2972:             1             16  net.jpountz.xxhash.StreamingXXHash64JNI$Factory
2973:             1             16  net.jpountz.xxhash.XXHash32JNI
2974:             1             16  net.jpountz.xxhash.XXHash64JNI
2975:             1             16  org.apache.cassandra.auth.AllowAllAuthenticator$Negotiator
2976:             1             16  org.apache.cassandra.auth.AllowAllInternodeAuthenticator
2977:             1             16  org.apache.cassandra.auth.AuthCache$1
2978:             1             16  org.apache.cassandra.auth.AuthMigrationListener
2979:             1             16  org.apache.cassandra.auth.CassandraRoleManager$$Lambda$264/195066780
2980:             1             16  org.apache.cassandra.auth.CassandraRoleManager$1
2981:             1             16  org.apache.cassandra.auth.CassandraRoleManager$2
2982:             1             16  org.apache.cassandra.auth.PasswordAuthenticator$CredentialsCache$$Lambda$265/385180766
2983:             1             16  org.apache.cassandra.auth.PasswordAuthenticator$CredentialsCache$$Lambda$266/694021194
2984:             1             16  org.apache.cassandra.auth.PasswordAuthenticator$CredentialsCache$$Lambda$267/767298601
2985:             1             16  org.apache.cassandra.auth.PasswordAuthenticator$CredentialsCache$$Lambda$268/274090580
2986:             1             16  org.apache.cassandra.auth.PasswordAuthenticator$CredentialsCache$$Lambda$269/1588510401
2987:             1             16  org.apache.cassandra.auth.PasswordAuthenticator$CredentialsCache$$Lambda$270/331234425
2988:             1             16  org.apache.cassandra.auth.PasswordAuthenticator$CredentialsCache$$Lambda$271/996989596
2989:             1             16  org.apache.cassandra.auth.PasswordAuthenticator$CredentialsCache$$Lambda$272/1507030140
2990:             1             16  org.apache.cassandra.batchlog.Batch$Serializer
2991:             1             16  org.apache.cassandra.batchlog.BatchRemoveVerbHandler
2992:             1             16  org.apache.cassandra.batchlog.BatchStoreVerbHandler
2993:             1             16  org.apache.cassandra.batchlog.BatchlogManager$$Lambda$258/2042553130
2994:             1             16  org.apache.cassandra.batchlog.BatchlogManager$$Lambda$290/1638031626
2995:             1             16  org.apache.cassandra.cache.AutoSavingCache$1
2996:             1             16  org.apache.cassandra.cache.ChunkCache$$Lambda$78/420307438
2997:             1             16  org.apache.cassandra.cache.NopCacheProvider$NopCache
2998:             1             16  org.apache.cassandra.concurrent.DebuggableScheduledThreadPoolExecutor$1
2999:             1             16  org.apache.cassandra.concurrent.DebuggableThreadPoolExecutor$1
3000:             1             16  org.apache.cassandra.concurrent.StageManager$1
3001:             1             16  org.apache.cassandra.config.CFMetaData$$Lambda$213/1328645530
3002:             1             16  org.apache.cassandra.config.CFMetaData$$Lambda$214/2107098463
3003:             1             16  org.apache.cassandra.config.CFMetaData$$Lambda$232/1529326426
3004:             1             16  org.apache.cassandra.config.CFMetaData$$Lambda$233/570714518
3005:             1             16  org.apache.cassandra.config.CFMetaData$Builder$$Lambda$30/671596011
3006:             1             16  org.apache.cassandra.config.CFMetaData$Serializer
3007:             1             16  org.apache.cassandra.config.ColumnDefinition$$Lambda$25/207471778
3008:             1             16  org.apache.cassandra.config.DatabaseDescriptor$1
3009:             1             16  org.apache.cassandra.config.Schema$$Lambda$262/956354740
3010:             1             16  org.apache.cassandra.config.Schema$$Lambda$263/2080528880
3011:             1             16  org.apache.cassandra.cql3.ColumnConditions$$Lambda$116/841977955
3012:             1             16  org.apache.cassandra.cql3.Constants$1
3013:             1             16  org.apache.cassandra.cql3.Constants$NullLiteral
3014:             1             16  org.apache.cassandra.cql3.Constants$UnsetLiteral
3015:             1             16  org.apache.cassandra.cql3.Cql_Parser$1
3016:             1             16  org.apache.cassandra.cql3.IfExistsCondition
3017:             1             16  org.apache.cassandra.cql3.IfNotExistsCondition
3018:             1             16  org.apache.cassandra.cql3.QueryOptions$Codec
3019:             1             16  org.apache.cassandra.cql3.QueryProcessor
3020:             1             16  org.apache.cassandra.cql3.QueryProcessor$$Lambda$17/951221468
3021:             1             16  org.apache.cassandra.cql3.QueryProcessor$$Lambda$18/1046545660
3022:             1             16  org.apache.cassandra.cql3.QueryProcessor$$Lambda$19/1545827753
3023:             1             16  org.apache.cassandra.cql3.QueryProcessor$$Lambda$20/1611832218
3024:             1             16  org.apache.cassandra.cql3.QueryProcessor$$Lambda$21/2027317551
3025:             1             16  org.apache.cassandra.cql3.QueryProcessor$$Lambda$22/273077527
3026:             1             16  org.apache.cassandra.cql3.QueryProcessor$MigrationSubscriber
3027:             1             16  org.apache.cassandra.cql3.ResultSet$Codec
3028:             1             16  org.apache.cassandra.cql3.ResultSet$ResultMetadata$Codec
3029:             1             16  org.apache.cassandra.cql3.functions.CastFcts$$Lambda$41/1614133563
3030:             1             16  org.apache.cassandra.cql3.functions.CastFcts$$Lambda$42/839771540
3031:             1             16  org.apache.cassandra.cql3.functions.CastFcts$$Lambda$43/1751403001
3032:             1             16  org.apache.cassandra.cql3.functions.CastFcts$$Lambda$44/1756819670
3033:             1             16  org.apache.cassandra.cql3.functions.CastFcts$$Lambda$45/178604517
3034:             1             16  org.apache.cassandra.cql3.functions.CastFcts$$Lambda$46/1543518287
3035:             1             16  org.apache.cassandra.cql3.functions.CastFcts$$Lambda$47/464872674
3036:             1             16  org.apache.cassandra.cql3.functions.CastFcts$$Lambda$48/1659286984
3037:             1             16  org.apache.cassandra.cql3.functions.CastFcts$$Lambda$49/1793899405
3038:             1             16  org.apache.cassandra.cql3.functions.ThreadAwareSecurityManager
3039:             1             16  org.apache.cassandra.cql3.functions.ThreadAwareSecurityManager$1
3040:             1             16  org.apache.cassandra.cql3.functions.ThreadAwareSecurityManager$2
3041:             1             16  org.apache.cassandra.cql3.restrictions.RestrictionSet$1
3042:             1             16  org.apache.cassandra.cql3.selection.Selection$1
3043:             1             16  org.apache.cassandra.cql3.statements.CreateTableStatement$$Lambda$23/1470868839
3044:             1             16  org.apache.cassandra.db.CBuilder$1
3045:             1             16  org.apache.cassandra.db.Clustering$Serializer
3046:             1             16  org.apache.cassandra.db.ClusteringBoundOrBoundary$Serializer
3047:             1             16  org.apache.cassandra.db.ClusteringPrefix$Serializer
3048:             1             16  org.apache.cassandra.db.ColumnFamilyStore$$Lambda$190/1269783694
3049:             1             16  org.apache.cassandra.db.ColumnFamilyStore$2
3050:             1             16  org.apache.cassandra.db.ColumnFamilyStore$FlushLargestColumnFamily
3051:             1             16  org.apache.cassandra.db.Columns$$Lambda$205/2092785251
3052:             1             16  org.apache.cassandra.db.Columns$Serializer
3053:             1             16  org.apache.cassandra.db.CounterMutation$CounterMutationSerializer
3054:             1             16  org.apache.cassandra.db.CounterMutationVerbHandler
3055:             1             16  org.apache.cassandra.db.DataRange$Serializer
3056:             1             16  org.apache.cassandra.db.DecoratedKey$1
3057:             1             16  org.apache.cassandra.db.DefinitionsUpdateVerbHandler
3058:             1             16  org.apache.cassandra.db.DeletionPurger$$Lambda$105/2116697030
3059:             1             16  org.apache.cassandra.db.DeletionTime$Serializer
3060:             1             16  org.apache.cassandra.db.Directories$3
3061:             1             16  org.apache.cassandra.db.Directories$DataDirectory
3062:             1             16  org.apache.cassandra.db.EmptyIterators$EmptyPartitionIterator
3063:             1             16  org.apache.cassandra.db.HintedHandOffManager
3064:             1             16  org.apache.cassandra.db.Keyspace$1
3065:             1             16  org.apache.cassandra.db.MigrationRequestVerbHandler
3066:             1             16  org.apache.cassandra.db.Mutation$MutationSerializer
3067:             1             16  org.apache.cassandra.db.MutationVerbHandler
3068:             1             16  org.apache.cassandra.db.PartitionPosition$RowPositionSerializer
3069:             1             16  org.apache.cassandra.db.PartitionRangeReadCommand$Deserializer
3070:             1             16  org.apache.cassandra.db.ReadCommand$1
3071:             1             16  org.apache.cassandra.db.ReadCommand$1WithoutPurgeableTombstones$$Lambda$110/208106294
3072:             1             16  org.apache.cassandra.db.ReadCommand$2
3073:             1             16  org.apache.cassandra.db.ReadCommand$3
3074:             1             16  org.apache.cassandra.db.ReadCommand$LegacyPagedRangeCommandSerializer
3075:             1             16  org.apache.cassandra.db.ReadCommand$LegacyRangeSliceCommandSerializer
3076:             1             16  org.apache.cassandra.db.ReadCommand$LegacyReadCommandSerializer
3077:             1             16  org.apache.cassandra.db.ReadCommand$Serializer
3078:             1             16  org.apache.cassandra.db.ReadCommandVerbHandler
3079:             1             16  org.apache.cassandra.db.ReadQuery$1
3080:             1             16  org.apache.cassandra.db.ReadRepairVerbHandler
3081:             1             16  org.apache.cassandra.db.ReadResponse$1
3082:             1             16  org.apache.cassandra.db.ReadResponse$LegacyRangeSliceReplySerializer
3083:             1             16  org.apache.cassandra.db.ReadResponse$Serializer
3084:             1             16  org.apache.cassandra.db.SchemaCheckVerbHandler
3085:             1             16  org.apache.cassandra.db.SerializationHeader$Serializer
3086:             1             16  org.apache.cassandra.db.SinglePartitionReadCommand$Deserializer
3087:             1             16  org.apache.cassandra.db.SinglePartitionReadCommand$Group$$Lambda$106/1952605049
3088:             1             16  org.apache.cassandra.db.SizeEstimatesRecorder
3089:             1             16  org.apache.cassandra.db.Slice$Serializer
3090:             1             16  org.apache.cassandra.db.Slices$SelectAllSlices
3091:             1             16  org.apache.cassandra.db.Slices$SelectAllSlices$1
3092:             1             16  org.apache.cassandra.db.Slices$SelectNoSlices
3093:             1             16  org.apache.cassandra.db.Slices$SelectNoSlices$1
3094:             1             16  org.apache.cassandra.db.Slices$Serializer
3095:             1             16  org.apache.cassandra.db.SnapshotCommandSerializer
3096:             1             16  org.apache.cassandra.db.StorageHook$1
3097:             1             16  org.apache.cassandra.db.SystemKeyspace$$Lambda$186/1473888912
3098:             1             16  org.apache.cassandra.db.TruncateResponse$TruncateResponseSerializer
3099:             1             16  org.apache.cassandra.db.TruncateVerbHandler
3100:             1             16  org.apache.cassandra.db.TruncationSerializer
3101:             1             16  org.apache.cassandra.db.WriteResponse
3102:             1             16  org.apache.cassandra.db.WriteResponse$Serializer
3103:             1             16  org.apache.cassandra.db.aggregation.AggregationSpecification$1
3104:             1             16  org.apache.cassandra.db.aggregation.AggregationSpecification$Serializer
3105:             1             16  org.apache.cassandra.db.commitlog.AbstractCommitLogSegmentManager$$Lambda$72/500233312
3106:             1             16  org.apache.cassandra.db.commitlog.AbstractCommitLogSegmentManager$1
3107:             1             16  org.apache.cassandra.db.commitlog.AbstractCommitLogService$1
3108:             1             16  org.apache.cassandra.db.commitlog.CommitLog$$Lambda$227/2024217158
3109:             1             16  org.apache.cassandra.db.commitlog.CommitLogPosition$1
3110:             1             16  org.apache.cassandra.db.commitlog.CommitLogPosition$CommitLogPositionSerializer
3111:             1             16  org.apache.cassandra.db.commitlog.CommitLogReplayer$$Lambda$228/1186545861
3112:             1             16  org.apache.cassandra.db.commitlog.CommitLogReplayer$MutationInitiator
3113:             1             16  org.apache.cassandra.db.commitlog.CommitLogSegment$$Lambda$175/1833918497
3114:             1             16  org.apache.cassandra.db.commitlog.IntervalSet$1
3115:             1             16  org.apache.cassandra.db.commitlog.SimpleCachedBufferPool$1
3116:             1             16  org.apache.cassandra.db.compaction.CompactionController$$Lambda$184/889018651
3117:             1             16  org.apache.cassandra.db.compaction.CompactionController$$Lambda$185/638825183
3118:             1             16  org.apache.cassandra.db.compaction.CompactionController$$Lambda$242/1509719872
3119:             1             16  org.apache.cassandra.db.compaction.CompactionManager$1
3120:             1             16  org.apache.cassandra.db.compaction.CompactionManager$ValidationCompactionController$$Lambda$307/363853319
3121:             1             16  org.apache.cassandra.db.compaction.CompactionStrategyManager$$Lambda$133/1728760599
3122:             1             16  org.apache.cassandra.db.compaction.CompactionStrategyManager$$Lambda$134/703363283
3123:             1             16  org.apache.cassandra.db.compaction.CompactionStrategyManager$$Lambda$172/1546684896
3124:             1             16  org.apache.cassandra.db.compaction.CompactionStrategyManager$$Lambda$85/654029265
3125:             1             16  org.apache.cassandra.db.compaction.CompactionStrategyManager$$Lambda$86/2030162789
3126:             1             16  org.apache.cassandra.db.compaction.CompactionStrategyManager$$Lambda$87/1306548322
3127:             1             16  org.apache.cassandra.db.compaction.CompactionStrategyManager$$Lambda$88/973942848
3128:             1             16  org.apache.cassandra.db.compaction.CompactionStrategyManager$$Lambda$89/558033602
3129:             1             16  org.apache.cassandra.db.compaction.CompactionStrategyManager$$Lambda$90/1361733480
3130:             1             16  org.apache.cassandra.db.compaction.CompactionStrategyManager$$Lambda$91/999951331
3131:             1             16  org.apache.cassandra.db.compaction.CompactionStrategyManager$$Lambda$92/1918201666
3132:             1             16  org.apache.cassandra.db.compaction.CompactionStrategyManager$$Lambda$93/1181004273
3133:             1             16  org.apache.cassandra.db.compaction.CompactionStrategyManager$$Lambda$95/1423931162
3134:             1             16  org.apache.cassandra.db.compaction.CompactionStrategyManager$$Lambda$96/1090942546
3135:             1             16  org.apache.cassandra.db.compaction.LeveledManifest$1
3136:             1             16  org.apache.cassandra.db.compaction.SizeTieredCompactionStrategy$1
3137:             1             16  org.apache.cassandra.db.context.CounterContext
3138:             1             16  org.apache.cassandra.db.filter.AbstractClusteringIndexFilter$FilterSerializer
3139:             1             16  org.apache.cassandra.db.filter.ClusteringIndexNamesFilter$NamesDeserializer
3140:             1             16  org.apache.cassandra.db.filter.ClusteringIndexSliceFilter$SliceDeserializer
3141:             1             16  org.apache.cassandra.db.filter.ColumnFilter$Serializer
3142:             1             16  org.apache.cassandra.db.filter.DataLimits$Serializer
3143:             1             16  org.apache.cassandra.db.filter.RowFilter$CQLFilter
3144:             1             16  org.apache.cassandra.db.filter.RowFilter$Serializer
3145:             1             16  org.apache.cassandra.db.lifecycle.LogAwareFileLister$$Lambda$58/435914790
3146:             1             16  org.apache.cassandra.db.lifecycle.LogAwareFileLister$$Lambda$59/1273958371
3147:             1             16  org.apache.cassandra.db.lifecycle.LogAwareFileLister$$Lambda$64/731243659
3148:             1             16  org.apache.cassandra.db.lifecycle.LogAwareFileLister$$Lambda$66/1037955032
3149:             1             16  org.apache.cassandra.db.lifecycle.LogAwareFileLister$$Lambda$70/331596257
3150:             1             16  org.apache.cassandra.db.lifecycle.LogFile$$Lambda$165/1814072734
3151:             1             16  org.apache.cassandra.db.lifecycle.LogFile$$Lambda$203/2022031193
3152:             1             16  org.apache.cassandra.db.lifecycle.LogFile$$Lambda$204/1336053009
3153:             1             16  org.apache.cassandra.db.lifecycle.LogRecord$$Lambda$140/1142908098
3154:             1             16  org.apache.cassandra.db.lifecycle.LogRecord$$Lambda$141/423008343
3155:             1             16  org.apache.cassandra.db.lifecycle.LogRecord$$Lambda$142/88843440
3156:             1             16  org.apache.cassandra.db.lifecycle.LogRecord$$Lambda$177/1035048662
3157:             1             16  org.apache.cassandra.db.lifecycle.LogReplicaSet$$Lambda$162/1676168006
3158:             1             16  org.apache.cassandra.db.lifecycle.LogReplicaSet$$Lambda$166/1882192501
3159:             1             16  org.apache.cassandra.db.lifecycle.LogReplicaSet$$Lambda$168/700891016
3160:             1             16  org.apache.cassandra.db.lifecycle.LogTransaction$LogFilesByName$$Lambda$52/894421232
3161:             1             16  org.apache.cassandra.db.lifecycle.LogTransaction$LogFilesByName$$Lambda$54/276869158
3162:             1             16  org.apache.cassandra.db.lifecycle.Tracker$$Lambda$170/1786214274
3163:             1             16  org.apache.cassandra.db.marshal.CollectionType$CollectionPathSerializer
3164:             1             16  org.apache.cassandra.db.monitoring.ApproximateTime$$Lambda$108/2001863314
3165:             1             16  org.apache.cassandra.db.partitions.PartitionUpdate$PartitionUpdateSerializer
3166:             1             16  org.apache.cassandra.db.partitions.UnfilteredPartitionIterators$$Lambda$107/2345640
3167:             1             16  org.apache.cassandra.db.partitions.UnfilteredPartitionIterators$Serializer
3168:             1             16  org.apache.cassandra.db.rows.AbstractTypeVersionComparator
3169:             1             16  org.apache.cassandra.db.rows.BTreeRow$$Lambda$118/474868079
3170:             1             16  org.apache.cassandra.db.rows.BTreeRow$$Lambda$123/164389557
3171:             1             16  org.apache.cassandra.db.rows.Cell$$Lambda$101/1913147328
3172:             1             16  org.apache.cassandra.db.rows.Cell$Serializer
3173:             1             16  org.apache.cassandra.db.rows.ColumnData$$Lambda$28/494077446
3174:             1             16  org.apache.cassandra.db.rows.EncodingStats$Serializer
3175:             1             16  org.apache.cassandra.db.rows.UnfilteredRowIteratorSerializer
3176:             1             16  org.apache.cassandra.db.rows.UnfilteredSerializer
3177:             1             16  org.apache.cassandra.db.rows.UnfilteredSerializer$$Lambda$194/5263871
3178:             1             16  org.apache.cassandra.db.view.View$$Lambda$219/1557380482
3179:             1             16  org.apache.cassandra.dht.BootStrapper$StringSerializer
3180:             1             16  org.apache.cassandra.dht.Murmur3Partitioner$2
3181:             1             16  org.apache.cassandra.dht.StreamStateStore
3182:             1             16  org.apache.cassandra.dht.Token$TokenSerializer
3183:             1             16  org.apache.cassandra.gms.EchoMessage
3184:             1             16  org.apache.cassandra.gms.EchoMessage$EchoMessageSerializer
3185:             1             16  org.apache.cassandra.gms.EndpointStateSerializer
3186:             1             16  org.apache.cassandra.gms.GossipDigestAck2Serializer
3187:             1             16  org.apache.cassandra.gms.GossipDigestAck2VerbHandler
3188:             1             16  org.apache.cassandra.gms.GossipDigestAckSerializer
3189:             1             16  org.apache.cassandra.gms.GossipDigestAckVerbHandler
3190:             1             16  org.apache.cassandra.gms.GossipDigestSerializer
3191:             1             16  org.apache.cassandra.gms.GossipDigestSynSerializer
3192:             1             16  org.apache.cassandra.gms.GossipDigestSynVerbHandler
3193:             1             16  org.apache.cassandra.gms.GossipShutdownVerbHandler
3194:             1             16  org.apache.cassandra.gms.Gossiper$1
3195:             1             16  org.apache.cassandra.gms.Gossiper$GossipTask
3196:             1             16  org.apache.cassandra.gms.HeartBeatStateSerializer
3197:             1             16  org.apache.cassandra.gms.VersionedValue$VersionedValueFactory
3198:             1             16  org.apache.cassandra.gms.VersionedValue$VersionedValueSerializer
3199:             1             16  org.apache.cassandra.hints.EncodedHintMessage$Serializer
3200:             1             16  org.apache.cassandra.hints.Hint$Serializer
3201:             1             16  org.apache.cassandra.hints.HintMessage$Serializer
3202:             1             16  org.apache.cassandra.hints.HintResponse
3203:             1             16  org.apache.cassandra.hints.HintResponse$Serializer
3204:             1             16  org.apache.cassandra.hints.HintVerbHandler
3205:             1             16  org.apache.cassandra.hints.HintsBuffer$$Lambda$327/1070755303
3206:             1             16  org.apache.cassandra.hints.HintsCatalog$$Lambda$244/955891688
3207:             1             16  org.apache.cassandra.hints.HintsCatalog$$Lambda$245/1579667951
3208:             1             16  org.apache.cassandra.hints.HintsCatalog$$Lambda$246/2099786968
3209:             1             16  org.apache.cassandra.hints.HintsDispatchTrigger$$Lambda$282/2033605821
3210:             1             16  org.apache.cassandra.hints.HintsDispatchTrigger$$Lambda$283/1986677941
3211:             1             16  org.apache.cassandra.hints.HintsDispatchTrigger$$Lambda$284/355640298
3212:             1             16  org.apache.cassandra.hints.HintsService$$Lambda$250/1791992279
3213:             1             16  org.apache.cassandra.hints.HintsService$$Lambda$251/1557383930
3214:             1             16  org.apache.cassandra.hints.HintsService$$Lambda$252/763495689
3215:             1             16  org.apache.cassandra.hints.HintsStore$$Lambda$318/991892116
3216:             1             16  org.apache.cassandra.hints.HintsStore$$Lambda$322/1059094831
3217:             1             16  org.apache.cassandra.hints.HintsWriteExecutor$FsyncWritersTask$$Lambda$289/2053564305
3218:             1             16  org.apache.cassandra.index.Index$CollatedViewIndexBuildingSupport
3219:             1             16  org.apache.cassandra.index.SecondaryIndexManager$$Lambda$152/111521464
3220:             1             16  org.apache.cassandra.index.SecondaryIndexManager$$Lambda$153/118079547
3221:             1             16  org.apache.cassandra.index.SecondaryIndexManager$$Lambda$182/992085984
3222:             1             16  org.apache.cassandra.index.SecondaryIndexManager$$Lambda$188/887656608
3223:             1             16  org.apache.cassandra.index.SecondaryIndexManager$$Lambda$312/1070341018
3224:             1             16  org.apache.cassandra.index.internal.CassandraIndexFunctions$1
3225:             1             16  org.apache.cassandra.index.internal.CassandraIndexFunctions$2
3226:             1             16  org.apache.cassandra.index.internal.CassandraIndexFunctions$3
3227:             1             16  org.apache.cassandra.index.internal.CassandraIndexFunctions$4
3228:             1             16  org.apache.cassandra.index.internal.CassandraIndexFunctions$5
3229:             1             16  org.apache.cassandra.index.internal.CassandraIndexFunctions$6
3230:             1             16  org.apache.cassandra.index.internal.CassandraIndexFunctions$7
3231:             1             16  org.apache.cassandra.index.transactions.UpdateTransaction$1
3232:             1             16  org.apache.cassandra.io.compress.CompressionMetadata$ChunkSerializer
3233:             1             16  org.apache.cassandra.io.compress.SnappyCompressor
3234:             1             16  org.apache.cassandra.io.sstable.Descriptor$$Lambda$71/999647352
3235:             1             16  org.apache.cassandra.io.sstable.IndexSummary$IndexSummarySerializer
3236:             1             16  org.apache.cassandra.io.sstable.IndexSummaryManager$1
3237:             1             16  org.apache.cassandra.io.sstable.format.SSTableReader$$Lambda$73/1687768728
3238:             1             16  org.apache.cassandra.io.sstable.format.SSTableReader$$Lambda$74/15478307
3239:             1             16  org.apache.cassandra.io.sstable.format.SSTableReader$$Lambda$75/1394837936
3240:             1             16  org.apache.cassandra.io.sstable.format.SSTableReader$1
3241:             1             16  org.apache.cassandra.io.sstable.format.SSTableReader$Operator$Equals
3242:             1             16  org.apache.cassandra.io.sstable.format.SSTableReader$Operator$GreaterThan
3243:             1             16  org.apache.cassandra.io.sstable.format.SSTableReader$Operator$GreaterThanOrEqualTo
3244:             1             16  org.apache.cassandra.io.sstable.format.SSTableReadsListener$1
3245:             1             16  org.apache.cassandra.io.sstable.format.SSTableWriter$$Lambda$160/1520196427
3246:             1             16  org.apache.cassandra.io.sstable.format.SSTableWriter$$Lambda$311/1357900831
3247:             1             16  org.apache.cassandra.io.sstable.format.big.BigFormat
3248:             1             16  org.apache.cassandra.io.sstable.format.big.BigFormat$ReaderFactory
3249:             1             16  org.apache.cassandra.io.sstable.format.big.BigFormat$WriterFactory
3250:             1             16  org.apache.cassandra.io.sstable.format.big.BigTableWriter$IndexWriter$$Lambda$150/504911193
3251:             1             16  org.apache.cassandra.io.sstable.format.big.BigTableWriter$IndexWriter$$Lambda$151/451889382
3252:             1             16  org.apache.cassandra.io.sstable.metadata.CompactionMetadata$CompactionMetadataSerializer
3253:             1             16  org.apache.cassandra.io.sstable.metadata.StatsMetadata$StatsMetadataSerializer
3254:             1             16  org.apache.cassandra.io.sstable.metadata.ValidationMetadata$ValidationMetadataSerializer
3255:             1             16  org.apache.cassandra.io.util.DataOutputBuffer$1
3256:             1             16  org.apache.cassandra.io.util.DataOutputStreamPlus$1
3257:             1             16  org.apache.cassandra.io.util.FileHandle$$Lambda$158/795408782
3258:             1             16  org.apache.cassandra.io.util.MmappedRegions$State$$Lambda$197/1396226930
3259:             1             16  org.apache.cassandra.io.util.Rebufferer$1
3260:             1             16  org.apache.cassandra.locator.DynamicEndpointSnitch$1
3261:             1             16  org.apache.cassandra.locator.DynamicEndpointSnitch$2
3262:             1             16  org.apache.cassandra.locator.EndpointSnitchInfo
3263:             1             16  org.apache.cassandra.locator.PendingRangeMaps$1
3264:             1             16  org.apache.cassandra.locator.PendingRangeMaps$2
3265:             1             16  org.apache.cassandra.locator.PendingRangeMaps$3
3266:             1             16  org.apache.cassandra.locator.PendingRangeMaps$4
3267:             1             16  org.apache.cassandra.locator.PropertyFileSnitch
3268:             1             16  org.apache.cassandra.locator.PropertyFileSnitch$1
3269:             1             16  org.apache.cassandra.locator.SimpleSeedProvider
3270:             1             16  org.apache.cassandra.locator.TokenMetadata$1
3271:             1             16  org.apache.cassandra.metrics.BufferPoolMetrics$1
3272:             1             16  org.apache.cassandra.metrics.CQLMetrics$1
3273:             1             16  org.apache.cassandra.metrics.CQLMetrics$2
3274:             1             16  org.apache.cassandra.metrics.CacheMissMetrics$$Lambda$82/1609657810
3275:             1             16  org.apache.cassandra.metrics.CacheMissMetrics$$Lambda$83/2101898459
3276:             1             16  org.apache.cassandra.metrics.CacheMissMetrics$$Lambda$84/342161168
3277:             1             16  org.apache.cassandra.metrics.CacheMissMetrics$1
3278:             1             16  org.apache.cassandra.metrics.CacheMissMetrics$2
3279:             1             16  org.apache.cassandra.metrics.CacheMissMetrics$3
3280:             1             16  org.apache.cassandra.metrics.CacheMissMetrics$4
3281:             1             16  org.apache.cassandra.metrics.ClientMetrics
3282:             1             16  org.apache.cassandra.metrics.CompactionMetrics$1
3283:             1             16  org.apache.cassandra.metrics.CompactionMetrics$2
3284:             1             16  org.apache.cassandra.metrics.HintedHandoffMetrics$1
3285:             1             16  org.apache.cassandra.metrics.HintedHandoffMetrics$2
3286:             1             16  org.apache.cassandra.metrics.TableMetrics$1
3287:             1             16  org.apache.cassandra.metrics.TableMetrics$13
3288:             1             16  org.apache.cassandra.metrics.TableMetrics$18
3289:             1             16  org.apache.cassandra.metrics.TableMetrics$20
3290:             1             16  org.apache.cassandra.metrics.TableMetrics$22
3291:             1             16  org.apache.cassandra.metrics.TableMetrics$26
3292:             1             16  org.apache.cassandra.metrics.TableMetrics$28
3293:             1             16  org.apache.cassandra.metrics.ViewWriteMetrics$1
3294:             1             16  org.apache.cassandra.net.IAsyncCallback$1
3295:             1             16  org.apache.cassandra.net.MessagingService$4
3296:             1             16  org.apache.cassandra.net.MessagingService$5
3297:             1             16  org.apache.cassandra.net.MessagingService$CallbackDeterminedSerializer
3298:             1             16  org.apache.cassandra.notifications.SSTableDeletingNotification
3299:             1             16  org.apache.cassandra.repair.NodePair$NodePairSerializer
3300:             1             16  org.apache.cassandra.repair.RepairJobDesc$RepairJobDescSerializer
3301:             1             16  org.apache.cassandra.repair.RepairMessageVerbHandler
3302:             1             16  org.apache.cassandra.repair.messages.AnticompactionRequest$AnticompactionRequestSerializer
3303:             1             16  org.apache.cassandra.repair.messages.CleanupMessage$CleanupMessageSerializer
3304:             1             16  org.apache.cassandra.repair.messages.PrepareMessage$PrepareMessageSerializer
3305:             1             16  org.apache.cassandra.repair.messages.RepairMessage$RepairMessageSerializer
3306:             1             16  org.apache.cassandra.repair.messages.SnapshotMessage$SnapshotMessageSerializer
3307:             1             16  org.apache.cassandra.repair.messages.SyncComplete$SyncCompleteSerializer
3308:             1             16  org.apache.cassandra.repair.messages.SyncRequest$SyncRequestSerializer
3309:             1             16  org.apache.cassandra.repair.messages.ValidationComplete$ValidationCompleteSerializer
3310:             1             16  org.apache.cassandra.repair.messages.ValidationRequest$ValidationRequestSerializer
3311:             1             16  org.apache.cassandra.scheduler.NoScheduler
3312:             1             16  org.apache.cassandra.schema.CQLTypeParser$$Lambda$207/2843617
3313:             1             16  org.apache.cassandra.schema.CompressionParams$Serializer
3314:             1             16  org.apache.cassandra.schema.Functions$$Lambda$236/1017996482
3315:             1             16  org.apache.cassandra.schema.Functions$$Lambda$237/2135117754
3316:             1             16  org.apache.cassandra.schema.Functions$$Lambda$239/854637578
3317:             1             16  org.apache.cassandra.schema.Functions$$Lambda$240/305461269
3318:             1             16  org.apache.cassandra.schema.Functions$Builder$$Lambda$36/146874094
3319:             1             16  org.apache.cassandra.schema.IndexMetadata$Serializer
3320:             1             16  org.apache.cassandra.schema.LegacySchemaMigrator$$Lambda$132/399524457
3321:             1             16  org.apache.cassandra.schema.SchemaKeyspace$$Lambda$216/2137640552
3322:             1             16  org.apache.cassandra.schema.Types$RawBuilder$$Lambda$206/1399449613
3323:             1             16  org.apache.cassandra.schema.Types$RawBuilder$RawUDT$$Lambda$210/2069170964
3324:             1             16  org.apache.cassandra.schema.Views$$Lambda$50/1348115836
3325:             1             16  org.apache.cassandra.serializers.BooleanSerializer
3326:             1             16  org.apache.cassandra.serializers.ByteSerializer
3327:             1             16  org.apache.cassandra.serializers.BytesSerializer
3328:             1             16  org.apache.cassandra.serializers.DecimalSerializer
3329:             1             16  org.apache.cassandra.serializers.DoubleSerializer
3330:             1             16  org.apache.cassandra.serializers.InetAddressSerializer
3331:             1             16  org.apache.cassandra.serializers.Int32Serializer
3332:             1             16  org.apache.cassandra.serializers.LongSerializer
3333:             1             16  org.apache.cassandra.serializers.TimeUUIDSerializer
3334:             1             16  org.apache.cassandra.serializers.TimestampSerializer
3335:             1             16  org.apache.cassandra.serializers.TimestampSerializer$1
3336:             1             16  org.apache.cassandra.serializers.TimestampSerializer$2
3337:             1             16  org.apache.cassandra.serializers.TimestampSerializer$3
3338:             1             16  org.apache.cassandra.serializers.UTF8Serializer
3339:             1             16  org.apache.cassandra.serializers.UUIDSerializer
3340:             1             16  org.apache.cassandra.service.CacheService$CounterCacheSerializer
3341:             1             16  org.apache.cassandra.service.CacheService$KeyCacheSerializer
3342:             1             16  org.apache.cassandra.service.CacheService$RowCacheSerializer
3343:             1             16  org.apache.cassandra.service.CassandraDaemon$$Lambda$273/1244026033
3344:             1             16  org.apache.cassandra.service.CassandraDaemon$1
3345:             1             16  org.apache.cassandra.service.CassandraDaemon$2
3346:             1             16  org.apache.cassandra.service.CassandraDaemon$NativeAccess
3347:             1             16  org.apache.cassandra.service.ClientState$$Lambda$97/466481125
3348:             1             16  org.apache.cassandra.service.ClientWarn
3349:             1             16  org.apache.cassandra.service.DefaultFSErrorHandler
3350:             1             16  org.apache.cassandra.service.EchoVerbHandler
3351:             1             16  org.apache.cassandra.service.LoadBroadcaster
3352:             1             16  org.apache.cassandra.service.LoadBroadcaster$1
3353:             1             16  org.apache.cassandra.service.MigrationManager
3354:             1             16  org.apache.cassandra.service.MigrationManager$MigrationsSerializer
3355:             1             16  org.apache.cassandra.service.NativeTransportService$$Lambda$277/794251840
3356:             1             16  org.apache.cassandra.service.NativeTransportService$$Lambda$279/1246696592
3357:             1             16  org.apache.cassandra.service.PendingRangeCalculatorService$1
3358:             1             16  org.apache.cassandra.service.SnapshotVerbHandler
3359:             1             16  org.apache.cassandra.service.StartupChecks$$Lambda$1/1204167249
3360:             1             16  org.apache.cassandra.service.StartupChecks$$Lambda$114/1819989346
3361:             1             16  org.apache.cassandra.service.StartupChecks$$Lambda$2/1615780336
3362:             1             16  org.apache.cassandra.service.StartupChecks$1
3363:             1             16  org.apache.cassandra.service.StartupChecks$10
3364:             1             16  org.apache.cassandra.service.StartupChecks$11
3365:             1             16  org.apache.cassandra.service.StartupChecks$12
3366:             1             16  org.apache.cassandra.service.StartupChecks$2
3367:             1             16  org.apache.cassandra.service.StartupChecks$3
3368:             1             16  org.apache.cassandra.service.StartupChecks$4
3369:             1             16  org.apache.cassandra.service.StartupChecks$5
3370:             1             16  org.apache.cassandra.service.StartupChecks$6
3371:             1             16  org.apache.cassandra.service.StartupChecks$7
3372:             1             16  org.apache.cassandra.service.StartupChecks$9
3373:             1             16  org.apache.cassandra.service.StorageProxy
3374:             1             16  org.apache.cassandra.service.StorageProxy$1
3375:             1             16  org.apache.cassandra.service.StorageProxy$2
3376:             1             16  org.apache.cassandra.service.StorageProxy$3
3377:             1             16  org.apache.cassandra.service.StorageProxy$4
3378:             1             16  org.apache.cassandra.service.StorageService$$Lambda$259/1361973748
3379:             1             16  org.apache.cassandra.service.StorageService$1
3380:             1             16  org.apache.cassandra.service.paxos.Commit$CommitSerializer
3381:             1             16  org.apache.cassandra.service.paxos.CommitVerbHandler
3382:             1             16  org.apache.cassandra.service.paxos.PrepareResponse$PrepareResponseSerializer
3383:             1             16  org.apache.cassandra.service.paxos.PrepareVerbHandler
3384:             1             16  org.apache.cassandra.service.paxos.ProposeVerbHandler
3385:             1             16  org.apache.cassandra.streaming.ReplicationFinishedVerbHandler
3386:             1             16  org.apache.cassandra.streaming.StreamHook$1
3387:             1             16  org.apache.cassandra.streaming.StreamRequest$StreamRequestSerializer
3388:             1             16  org.apache.cassandra.streaming.StreamSummary$StreamSummarySerializer
3389:             1             16  org.apache.cassandra.streaming.compress.CompressionInfo$CompressionInfoSerializer
3390:             1             16  org.apache.cassandra.streaming.messages.CompleteMessage$1
3391:             1             16  org.apache.cassandra.streaming.messages.FileMessageHeader$FileMessageHeaderSerializer
3392:             1             16  org.apache.cassandra.streaming.messages.IncomingFileMessage$1
3393:             1             16  org.apache.cassandra.streaming.messages.KeepAliveMessage$1
3394:             1             16  org.apache.cassandra.streaming.messages.OutgoingFileMessage$1
3395:             1             16  org.apache.cassandra.streaming.messages.PrepareMessage$1
3396:             1             16  org.apache.cassandra.streaming.messages.ReceivedMessage$1
3397:             1             16  org.apache.cassandra.streaming.messages.RetryMessage$1
3398:             1             16  org.apache.cassandra.streaming.messages.SessionFailedMessage$1
3399:             1             16  org.apache.cassandra.streaming.messages.StreamInitMessage$StreamInitMessageSerializer
3400:             1             16  org.apache.cassandra.thrift.Cassandra$Processor$add
3401:             1             16  org.apache.cassandra.thrift.Cassandra$Processor$atomic_batch_mutate
3402:             1             16  org.apache.cassandra.thrift.Cassandra$Processor$batch_mutate
3403:             1             16  org.apache.cassandra.thrift.Cassandra$Processor$cas
3404:             1             16  org.apache.cassandra.thrift.Cassandra$Processor$describe_cluster_name
3405:             1             16  org.apache.cassandra.thrift.Cassandra$Processor$describe_keyspace
3406:             1             16  org.apache.cassandra.thrift.Cassandra$Processor$describe_keyspaces
3407:             1             16  org.apache.cassandra.thrift.Cassandra$Processor$describe_local_ring
3408:             1             16  org.apache.cassandra.thrift.Cassandra$Processor$describe_partitioner
3409:             1             16  org.apache.cassandra.thrift.Cassandra$Processor$describe_ring
3410:             1             16  org.apache.cassandra.thrift.Cassandra$Processor$describe_schema_versions
3411:             1             16  org.apache.cassandra.thrift.Cassandra$Processor$describe_snitch
3412:             1             16  org.apache.cassandra.thrift.Cassandra$Processor$describe_splits
3413:             1             16  org.apache.cassandra.thrift.Cassandra$Processor$describe_splits_ex
3414:             1             16  org.apache.cassandra.thrift.Cassandra$Processor$describe_token_map
3415:             1             16  org.apache.cassandra.thrift.Cassandra$Processor$describe_version
3416:             1             16  org.apache.cassandra.thrift.Cassandra$Processor$execute_cql3_query
3417:             1             16  org.apache.cassandra.thrift.Cassandra$Processor$execute_cql_query
3418:             1             16  org.apache.cassandra.thrift.Cassandra$Processor$execute_prepared_cql3_query
3419:             1             16  org.apache.cassandra.thrift.Cassandra$Processor$execute_prepared_cql_query
3420:             1             16  org.apache.cassandra.thrift.Cassandra$Processor$get
3421:             1             16  org.apache.cassandra.thrift.Cassandra$Processor$get_count
3422:             1             16  org.apache.cassandra.thrift.Cassandra$Processor$get_indexed_slices
3423:             1             16  org.apache.cassandra.thrift.Cassandra$Processor$get_multi_slice
3424:             1             16  org.apache.cassandra.thrift.Cassandra$Processor$get_paged_slice
3425:             1             16  org.apache.cassandra.thrift.Cassandra$Processor$get_range_slices
3426:             1             16  org.apache.cassandra.thrift.Cassandra$Processor$get_slice
3427:             1             16  org.apache.cassandra.thrift.Cassandra$Processor$insert
3428:             1             16  org.apache.cassandra.thrift.Cassandra$Processor$login
3429:             1             16  org.apache.cassandra.thrift.Cassandra$Processor$multiget_count
3430:             1             16  org.apache.cassandra.thrift.Cassandra$Processor$multiget_slice
3431:             1             16  org.apache.cassandra.thrift.Cassandra$Processor$prepare_cql3_query
3432:             1             16  org.apache.cassandra.thrift.Cassandra$Processor$prepare_cql_query
3433:             1             16  org.apache.cassandra.thrift.Cassandra$Processor$remove
3434:             1             16  org.apache.cassandra.thrift.Cassandra$Processor$remove_counter
3435:             1             16  org.apache.cassandra.thrift.Cassandra$Processor$set_cql_version
3436:             1             16  org.apache.cassandra.thrift.Cassandra$Processor$set_keyspace
3437:             1             16  org.apache.cassandra.thrift.Cassandra$Processor$system_add_column_family
3438:             1             16  org.apache.cassandra.thrift.Cassandra$Processor$system_add_keyspace
3439:             1             16  org.apache.cassandra.thrift.Cassandra$Processor$system_drop_column_family
3440:             1             16  org.apache.cassandra.thrift.Cassandra$Processor$system_drop_keyspace
3441:             1             16  org.apache.cassandra.thrift.Cassandra$Processor$system_update_column_family
3442:             1             16  org.apache.cassandra.thrift.Cassandra$Processor$system_update_keyspace
3443:             1             16  org.apache.cassandra.thrift.Cassandra$Processor$trace_next_query
3444:             1             16  org.apache.cassandra.thrift.Cassandra$Processor$truncate
3445:             1             16  org.apache.cassandra.thrift.CassandraServer
3446:             1             16  org.apache.cassandra.thrift.CassandraServer$1
3447:             1             16  org.apache.cassandra.transport.CBUtil$1
3448:             1             16  org.apache.cassandra.transport.Message$ExceptionHandler
3449:             1             16  org.apache.cassandra.transport.Server$1
3450:             1             16  org.apache.cassandra.transport.messages.AuthChallenge$1
3451:             1             16  org.apache.cassandra.transport.messages.AuthResponse$1
3452:             1             16  org.apache.cassandra.transport.messages.AuthSuccess$1
3453:             1             16  org.apache.cassandra.transport.messages.AuthenticateMessage$1
3454:             1             16  org.apache.cassandra.transport.messages.BatchMessage$1
3455:             1             16  org.apache.cassandra.transport.messages.CredentialsMessage$1
3456:             1             16  org.apache.cassandra.transport.messages.ErrorMessage$1
3457:             1             16  org.apache.cassandra.transport.messages.EventMessage$1
3458:             1             16  org.apache.cassandra.transport.messages.ExecuteMessage$1
3459:             1             16  org.apache.cassandra.transport.messages.OptionsMessage$1
3460:             1             16  org.apache.cassandra.transport.messages.PrepareMessage$1
3461:             1             16  org.apache.cassandra.transport.messages.QueryMessage$1
3462:             1             16  org.apache.cassandra.transport.messages.ReadyMessage$1
3463:             1             16  org.apache.cassandra.transport.messages.RegisterMessage$1
3464:             1             16  org.apache.cassandra.transport.messages.ResultMessage$1
3465:             1             16  org.apache.cassandra.transport.messages.ResultMessage$Prepared$1
3466:             1             16  org.apache.cassandra.transport.messages.ResultMessage$Rows$1
3467:             1             16  org.apache.cassandra.transport.messages.ResultMessage$SchemaChange$1
3468:             1             16  org.apache.cassandra.transport.messages.ResultMessage$SetKeyspace$1
3469:             1             16  org.apache.cassandra.transport.messages.ResultMessage$&lt;span class=&quot;code-object&quot;&gt;Void&lt;/span&gt;$1
3470:             1             16  org.apache.cassandra.transport.messages.StartupMessage$1
3471:             1             16  org.apache.cassandra.transport.messages.SupportedMessage$1
3472:             1             16  org.apache.cassandra.utils.AlwaysPresentFilter
3473:             1             16  org.apache.cassandra.utils.AsymmetricOrdering$Reversed
3474:             1             16  org.apache.cassandra.utils.BloomFilter$1
3475:             1             16  org.apache.cassandra.utils.BooleanSerializer
3476:             1             16  org.apache.cassandra.utils.Clock
3477:             1             16  org.apache.cassandra.utils.CoalescingStrategies$1
3478:             1             16  org.apache.cassandra.utils.CoalescingStrategies$2
3479:             1             16  org.apache.cassandra.utils.EstimatedHistogram$EstimatedHistogramSerializer
3480:             1             16  org.apache.cassandra.utils.FBUtilities$1
3481:             1             16  org.apache.cassandra.utils.FastByteOperations$UnsafeOperations
3482:             1             16  org.apache.cassandra.utils.Interval$1
3483:             1             16  org.apache.cassandra.utils.Interval$2
3484:             1             16  org.apache.cassandra.utils.JMXServerUtils$Exporter
3485:             1             16  org.apache.cassandra.utils.JMXServerUtils$JMXPluggableAuthenticatorWrapper
3486:             1             16  org.apache.cassandra.utils.JVMStabilityInspector$Killer
3487:             1             16  org.apache.cassandra.utils.MerkleTree$Hashable$HashableSerializer
3488:             1             16  org.apache.cassandra.utils.MerkleTree$Inner$InnerSerializer
3489:             1             16  org.apache.cassandra.utils.MerkleTree$Leaf$LeafSerializer
3490:             1             16  org.apache.cassandra.utils.MerkleTree$MerkleTreeSerializer
3491:             1             16  org.apache.cassandra.utils.MerkleTrees$MerkleTreesSerializer
3492:             1             16  org.apache.cassandra.utils.NanoTimeToCurrentTimeMillis$$Lambda$255/703776031
3493:             1             16  org.apache.cassandra.utils.NativeLibraryLinux
3494:             1             16  org.apache.cassandra.utils.NoSpamLogger$1
3495:             1             16  org.apache.cassandra.utils.StreamingHistogram$$Lambda$76/244613162
3496:             1             16  org.apache.cassandra.utils.StreamingHistogram$StreamingHistogramBuilder$$Lambda$136/1321552491
3497:             1             16  org.apache.cassandra.utils.StreamingHistogram$StreamingHistogramBuilder$$Lambda$137/732447846
3498:             1             16  org.apache.cassandra.utils.StreamingHistogram$StreamingHistogramSerializer
3499:             1             16  org.apache.cassandra.utils.SystemTimeSource
3500:             1             16  org.apache.cassandra.utils.UUIDGen
3501:             1             16  org.apache.cassandra.utils.UUIDSerializer
3502:             1             16  org.apache.cassandra.utils.btree.BTree$$Lambda$193/1448037571
3503:             1             16  org.apache.cassandra.utils.btree.UpdateFunction$$Lambda$29/24650043
3504:             1             16  org.apache.cassandra.utils.concurrent.Ref$ReferenceReaper
3505:             1             16  org.apache.cassandra.utils.memory.BufferPool$1
3506:             1             16  org.apache.cassandra.utils.memory.BufferPool$2
3507:             1             16  org.apache.cassandra.utils.memory.HeapAllocator
3508:             1             16  org.apache.cassandra.utils.vint.VIntCoding$1
3509:             1             16  org.apache.thrift.TProcessorFactory
3510:             1             16  org.apache.thrift.transport.TFramedTransport$Factory
3511:             1             16  org.cliffc.high_scale_lib.NonBlockingHashMap$Prime
3512:             1             16  org.cliffc.high_scale_lib.NonBlockingHashSet
3513:             1             16  org.codehaus.jackson.map.deser.std.AtomicBooleanDeserializer
3514:             1             16  org.codehaus.jackson.map.deser.std.ClassDeserializer
3515:             1             16  org.codehaus.jackson.map.deser.std.DateDeserializer
3516:             1             16  org.codehaus.jackson.map.deser.std.FromStringDeserializer$CurrencyDeserializer
3517:             1             16  org.codehaus.jackson.map.deser.std.FromStringDeserializer$InetAddressDeserializer
3518:             1             16  org.codehaus.jackson.map.deser.std.FromStringDeserializer$LocaleDeserializer
3519:             1             16  org.codehaus.jackson.map.deser.std.FromStringDeserializer$PatternDeserializer
3520:             1             16  org.codehaus.jackson.map.deser.std.FromStringDeserializer$TimeZoneDeserializer
3521:             1             16  org.codehaus.jackson.map.deser.std.FromStringDeserializer$URIDeserializer
3522:             1             16  org.codehaus.jackson.map.deser.std.FromStringDeserializer$URLDeserializer
3523:             1             16  org.codehaus.jackson.map.deser.std.FromStringDeserializer$UUIDDeserializer
3524:             1             16  org.codehaus.jackson.map.deser.std.JavaTypeDeserializer
3525:             1             16  org.codehaus.jackson.map.deser.std.PrimitiveArrayDeserializers
3526:             1             16  org.codehaus.jackson.map.deser.std.PrimitiveArrayDeserializers$BooleanDeser
3527:             1             16  org.codehaus.jackson.map.deser.std.PrimitiveArrayDeserializers$ByteDeser
3528:             1             16  org.codehaus.jackson.map.deser.std.PrimitiveArrayDeserializers$CharDeser
3529:             1             16  org.codehaus.jackson.map.deser.std.PrimitiveArrayDeserializers$DoubleDeser
3530:             1             16  org.codehaus.jackson.map.deser.std.PrimitiveArrayDeserializers$FloatDeser
3531:             1             16  org.codehaus.jackson.map.deser.std.PrimitiveArrayDeserializers$IntDeser
3532:             1             16  org.codehaus.jackson.map.deser.std.PrimitiveArrayDeserializers$LongDeser
3533:             1             16  org.codehaus.jackson.map.deser.std.PrimitiveArrayDeserializers$ShortDeser
3534:             1             16  org.codehaus.jackson.map.deser.std.PrimitiveArrayDeserializers$StringDeser
3535:             1             16  org.codehaus.jackson.map.deser.std.StdDeserializer$BigDecimalDeserializer
3536:             1             16  org.codehaus.jackson.map.deser.std.StdDeserializer$BigIntegerDeserializer
3537:             1             16  org.codehaus.jackson.map.deser.std.StdDeserializer$NumberDeserializer
3538:             1             16  org.codehaus.jackson.map.deser.std.StdDeserializer$SqlDateDeserializer
3539:             1             16  org.codehaus.jackson.map.deser.std.StdDeserializer$StackTraceElementDeserializer
3540:             1             16  org.codehaus.jackson.map.deser.std.StdKeyDeserializer$BoolKD
3541:             1             16  org.codehaus.jackson.map.deser.std.StdKeyDeserializer$ByteKD
3542:             1             16  org.codehaus.jackson.map.deser.std.StdKeyDeserializer$CharKD
3543:             1             16  org.codehaus.jackson.map.deser.std.StdKeyDeserializer$DoubleKD
3544:             1             16  org.codehaus.jackson.map.deser.std.StdKeyDeserializer$FloatKD
3545:             1             16  org.codehaus.jackson.map.deser.std.StdKeyDeserializer$IntKD
3546:             1             16  org.codehaus.jackson.map.deser.std.StdKeyDeserializer$LongKD
3547:             1             16  org.codehaus.jackson.map.deser.std.StringDeserializer
3548:             1             16  org.codehaus.jackson.map.deser.std.TimestampDeserializer
3549:             1             16  org.codehaus.jackson.map.deser.std.TokenBufferDeserializer
3550:             1             16  org.codehaus.jackson.map.deser.std.UntypedObjectDeserializer
3551:             1             16  org.codehaus.jackson.map.ext.OptionalHandlerFactory
3552:             1             16  org.codehaus.jackson.map.introspect.BasicClassIntrospector
3553:             1             16  org.codehaus.jackson.map.introspect.BasicClassIntrospector$GetterMethodFilter
3554:             1             16  org.codehaus.jackson.map.introspect.BasicClassIntrospector$MinimalMethodFilter
3555:             1             16  org.codehaus.jackson.map.introspect.BasicClassIntrospector$SetterAndGetterMethodFilter
3556:             1             16  org.codehaus.jackson.map.introspect.BasicClassIntrospector$SetterMethodFilter
3557:             1             16  org.codehaus.jackson.map.introspect.JacksonAnnotationIntrospector
3558:             1             16  org.codehaus.jackson.map.ser.StdSerializers$DoubleSerializer
3559:             1             16  org.codehaus.jackson.map.ser.StdSerializers$FloatSerializer
3560:             1             16  org.codehaus.jackson.map.ser.StdSerializers$IntLikeSerializer
3561:             1             16  org.codehaus.jackson.map.ser.StdSerializers$IntegerSerializer
3562:             1             16  org.codehaus.jackson.map.ser.StdSerializers$LongSerializer
3563:             1             16  org.codehaus.jackson.map.ser.StdSerializers$SqlDateSerializer
3564:             1             16  org.codehaus.jackson.map.ser.StdSerializers$SqlTimeSerializer
3565:             1             16  org.codehaus.jackson.map.ser.impl.UnknownSerializer
3566:             1             16  org.codehaus.jackson.map.ser.std.CalendarSerializer
3567:             1             16  org.codehaus.jackson.map.ser.std.DateSerializer
3568:             1             16  org.codehaus.jackson.map.ser.std.NullSerializer
3569:             1             16  org.codehaus.jackson.map.ser.std.StdArraySerializers$ByteArraySerializer
3570:             1             16  org.codehaus.jackson.map.ser.std.StdArraySerializers$CharArraySerializer
3571:             1             16  org.codehaus.jackson.map.ser.std.StringSerializer
3572:             1             16  org.codehaus.jackson.map.ser.std.ToStringSerializer
3573:             1             16  org.codehaus.jackson.map.type.TypeParser
3574:             1             16  org.codehaus.jackson.node.JsonNodeFactory
3575:             1             16  org.github.jamm.MemoryLayoutSpecification$2
3576:             1             16  org.github.jamm.MemoryMeter$1
3577:             1             16  org.github.jamm.NoopMemoryMeterListener
3578:             1             16  org.github.jamm.NoopMemoryMeterListener$1
3579:             1             16  org.slf4j.helpers.NOPLoggerFactory
3580:             1             16  org.slf4j.helpers.SubstituteLoggerFactory
3581:             1             16  org.slf4j.impl.StaticMDCBinder
3582:             1             16  org.xerial.snappy.SnappyNative
3583:             1             16  org.yaml.snakeyaml.constructor.SafeConstructor$ConstructUndefined
3584:             1             16  org.yaml.snakeyaml.external.com.google.gdata.util.common.base.UnicodeEscaper$2
3585:             1             16  sun.management.ClassLoadingImpl
3586:             1             16  sun.management.HotSpotDiagnostic
3587:             1             16  sun.management.ManagementFactoryHelper$PlatformLoggingImpl
3588:             1             16  sun.misc.ASCIICaseInsensitiveComparator
3589:             1             16  sun.misc.FloatingDecimal$1
3590:             1             16  sun.misc.FormattedFloatingDecimal$1
3591:             1             16  sun.misc.Launcher
3592:             1             16  sun.misc.Launcher$Factory
3593:             1             16  sun.misc.ObjectInputFilter$Config$$Lambda$294/1344368391
3594:             1             16  sun.misc.Perf
3595:             1             16  sun.misc.Unsafe
3596:             1             16  sun.net.DefaultProgressMeteringPolicy
3597:             1             16  sun.net.ExtendedOptionsImpl$$Lambda$253/1943122657
3598:             1             16  sun.net.www.protocol.file.Handler
3599:             1             16  sun.net.www.protocol.jar.JarFileFactory
3600:             1             16  sun.nio.ch.EPollSelectorProvider
3601:             1             16  sun.nio.ch.ExtendedSocketOption$1
3602:             1             16  sun.nio.ch.FileChannelImpl$1
3603:             1             16  sun.nio.ch.Net$1
3604:             1             16  sun.nio.ch.Util$1
3605:             1             16  sun.nio.fs.LinuxFileSystemProvider
3606:             1             16  sun.reflect.GeneratedConstructorAccessor12
3607:             1             16  sun.reflect.GeneratedConstructorAccessor18
3608:             1             16  sun.reflect.GeneratedMethodAccessor10
3609:             1             16  sun.reflect.GeneratedMethodAccessor11
3610:             1             16  sun.reflect.GeneratedMethodAccessor12
3611:             1             16  sun.reflect.GeneratedMethodAccessor13
3612:             1             16  sun.reflect.GeneratedMethodAccessor14
3613:             1             16  sun.reflect.GeneratedMethodAccessor15
3614:             1             16  sun.reflect.GeneratedMethodAccessor6
3615:             1             16  sun.reflect.GeneratedMethodAccessor7
3616:             1             16  sun.reflect.GeneratedSerializationConstructorAccessor36
3617:             1             16  sun.reflect.GeneratedSerializationConstructorAccessor37
3618:             1             16  sun.reflect.GeneratedSerializationConstructorAccessor38
3619:             1             16  sun.reflect.GeneratedSerializationConstructorAccessor39
3620:             1             16  sun.reflect.GeneratedSerializationConstructorAccessor40
3621:             1             16  sun.reflect.GeneratedSerializationConstructorAccessor41
3622:             1             16  sun.reflect.GeneratedSerializationConstructorAccessor42
3623:             1             16  sun.reflect.GeneratedSerializationConstructorAccessor43
3624:             1             16  sun.reflect.GeneratedSerializationConstructorAccessor44
3625:             1             16  sun.reflect.GeneratedSerializationConstructorAccessor45
3626:             1             16  sun.reflect.GeneratedSerializationConstructorAccessor46
3627:             1             16  sun.reflect.GeneratedSerializationConstructorAccessor47
3628:             1             16  sun.reflect.GeneratedSerializationConstructorAccessor49
3629:             1             16  sun.reflect.GeneratedSerializationConstructorAccessor50
3630:             1             16  sun.reflect.GeneratedSerializationConstructorAccessor51
3631:             1             16  sun.reflect.GeneratedSerializationConstructorAccessor52
3632:             1             16  sun.reflect.ReflectionFactory
3633:             1             16  sun.reflect.generics.tree.BooleanSignature
3634:             1             16  sun.reflect.generics.tree.BottomSignature
3635:             1             16  sun.reflect.generics.tree.VoidDescriptor
3636:             1             16  sun.rmi.registry.RegistryImpl$$Lambda$8/817299424
3637:             1             16  sun.rmi.registry.RegistryImpl$$Lambda$9/2031951755
3638:             1             16  sun.rmi.registry.RegistryImpl_Skel
3639:             1             16  sun.rmi.registry.RegistryImpl_Stub
3640:             1             16  sun.rmi.runtime.Log$LoggerLogFactory
3641:             1             16  sun.rmi.runtime.RuntimeUtil
3642:             1             16  sun.rmi.server.LoaderHandler$2
3643:             1             16  sun.rmi.server.UnicastServerRef$HashToMethod_Maps
3644:             1             16  sun.rmi.transport.DGCImpl$$Lambda$6/516537656
3645:             1             16  sun.rmi.transport.DGCImpl$2$$Lambda$7/1023268896
3646:             1             16  sun.rmi.transport.DGCImpl_Skel
3647:             1             16  sun.rmi.transport.DGCImpl_Stub
3648:             1             16  sun.rmi.transport.Target$$Lambda$339/2000963151
3649:             1             16  sun.rmi.transport.proxy.RMIDirectSocketFactory
3650:             1             16  sun.rmi.transport.tcp.TCPTransport$1
3651:             1             16  sun.security.rsa.RSAKeyFactory
3652:             1             16  sun.security.ssl.EphemeralKeyManager
3653:             1             16  sun.security.util.ByteArrayLexOrder
3654:             1             16  sun.security.util.ByteArrayTagOrder
3655:             1             16  sun.text.normalizer.NormalizerBase$Mode
3656:             1             16  sun.text.normalizer.NormalizerBase$NFCMode
3657:             1             16  sun.text.normalizer.NormalizerBase$NFDMode
3658:             1             16  sun.text.normalizer.NormalizerBase$NFKCMode
3659:             1             16  sun.text.normalizer.NormalizerBase$NFKDMode
3660:             1             16  sun.util.calendar.Gregorian
3661:             1             16  sun.util.locale.provider.AuxLocaleProviderAdapter$NullProvider
3662:             1             16  sun.util.locale.provider.CalendarDataUtility$CalendarWeekParameterGetter
3663:             1             16  sun.util.locale.provider.SPILocaleProviderAdapter
3664:             1             16  sun.util.resources.LocaleData
3665:             1             16  sun.util.resources.LocaleData$LocaleDataResourceBundleControl
Total     119374210     4034601936
&lt;/pre&gt;
&lt;/div&gt;&lt;/div&gt;
</description>
                <environment>&lt;p&gt;Operation System: Debian Jessie&lt;br/&gt;
Java: Oracle JDK 1.8.0_151&lt;br/&gt;
Cassandra: 3.11.1&lt;/p&gt;</environment>
        <key id="13122803">CASSANDRA-14096</key>
            <summary>Cassandra 3.11.1 Repair Causes Out of Memory</summary>
                <type id="1" iconUrl="https://issues.apache.org/jira/secure/viewavatar?size=xsmall&amp;avatarId=21133&amp;avatarType=issuetype">Bug</type>
                                            <priority id="10000" iconUrl="https://issues.apache.org/jira/images/icons/priorities/critical.svg">Urgent</priority>
                        <status id="5" iconUrl="https://issues.apache.org/jira/images/icons/statuses/resolved.png" description="A resolution has been taken, and it is awaiting verification by reporter. From here issues are either reopened, or are closed.">Resolved</status>
                    <statusCategory id="3" key="done" colorName="green"/>
                                    <resolution id="1">Fixed</resolution>
                                        <assignee username="molsson">Marcus Olsson</assignee>
                                    <reporter username="serhatd">Serhat R&#305;fat Demircan</reporter>
                        <labels>
                    </labels>
                <created>Tue, 5 Dec 2017 08:46:12 +0000</created>
                <updated>Mon, 29 Jan 2024 14:00:18 +0000</updated>
                            <resolved>Thu, 14 Feb 2019 21:29:23 +0000</resolved>
                                        <fixVersion>3.0.19</fixVersion>
                    <fixVersion>3.11.5</fixVersion>
                    <fixVersion>4.0-alpha1</fixVersion>
                    <fixVersion>4.0</fixVersion>
                                    <component>Consistency/Repair</component>
                        <due></due>
                            <votes>0</votes>
                                    <watches>28</watches>
                                                                                                                <comments>
                            <comment id="16278236" author="spodxx@gmail.com" created="Tue, 5 Dec 2017 09:06:53 +0000"  >&lt;p&gt;Can you try to repair tables one by one and see if any particular table and schema is causing the issue?&lt;br/&gt;
Did you upgrade from an older Cassandra version before?&lt;/p&gt;</comment>
                            <comment id="16278357" author="serhatd" created="Tue, 5 Dec 2017 10:30:21 +0000"  >&lt;p&gt;&lt;a href=&quot;https://issues.apache.org/jira/secure/ViewProfile.jspa?name=spodxx%40gmail.com&quot; class=&quot;user-hover&quot; rel=&quot;spodxx@gmail.com&quot;&gt;spodxx@gmail.com&lt;/a&gt; &lt;br/&gt;
I tried one by one, it seems big ones (from point of my view) causing the issue.&lt;br/&gt;
I upgraded from DDC 3.5.&lt;/p&gt;</comment>
                            <comment id="16278958" author="molsson" created="Tue, 5 Dec 2017 17:56:54 +0000"  >&lt;p&gt;Seeing as it was merkle trees using the memory I remembered &lt;a href=&quot;https://issues.apache.org/jira/browse/CASSANDRA-11390&quot; title=&quot;Too big MerkleTrees allocated during repair&quot; class=&quot;issue-link&quot; data-issue-key=&quot;CASSANDRA-11390&quot;&gt;&lt;del&gt;CASSANDRA-11390&lt;/del&gt;&lt;/a&gt; and I believe that &lt;a href=&quot;https://github.com/apache/cassandra/blob/trunk/src/java/org/apache/cassandra/db/compaction/CompactionManager.java#L1421&quot; class=&quot;external-link&quot; target=&quot;_blank&quot; rel=&quot;nofollow noopener&quot;&gt;this&lt;/a&gt; line could be the cause of this:&lt;/p&gt;

&lt;div class=&quot;code panel&quot; style=&quot;border-width: 1px;&quot;&gt;&lt;div class=&quot;codeContent panelContent&quot;&gt;
&lt;pre class=&quot;code-java&quot;&gt;
&lt;span class=&quot;code-object&quot;&gt;int&lt;/span&gt; maxDepth = rangeOwningRatio &amp;gt; 0 ? (&lt;span class=&quot;code-object&quot;&gt;int&lt;/span&gt;) &lt;span class=&quot;code-object&quot;&gt;Math&lt;/span&gt;.floor(20 - &lt;span class=&quot;code-object&quot;&gt;Math&lt;/span&gt;.log(1 / rangeOwningRatio) / &lt;span class=&quot;code-object&quot;&gt;Math&lt;/span&gt;.log(2)) : 0;
&lt;/pre&gt;
&lt;/div&gt;&lt;/div&gt;

&lt;p&gt;I believe the &apos;-&apos; sign in the middle should actually be a &apos;+&apos; since log(1 / rangeOwningRatio) will produce a negative result. As it is, this could create merkle trees with a depth larger than 20 instead of lower which was the intended behavior and that could explain the higher memory usage. Do you have the possibility to patch this and verify if this indeed was the cause?&lt;/p&gt;</comment>
                            <comment id="16279783" author="serhatd" created="Wed, 6 Dec 2017 07:26:21 +0000"  >&lt;p&gt;OK, I will patch and test.&lt;/p&gt;</comment>
                            <comment id="16285980" author="krummas" created="Mon, 11 Dec 2017 14:29:35 +0000"  >&lt;p&gt;yeah looks like I missed changing that to a + during the process of &lt;a href=&quot;https://issues.apache.org/jira/browse/CASSANDRA-11390&quot; title=&quot;Too big MerkleTrees allocated during repair&quot; class=&quot;issue-link&quot; data-issue-key=&quot;CASSANDRA-11390&quot;&gt;&lt;del&gt;CASSANDRA-11390&lt;/del&gt;&lt;/a&gt;, want to create a patch &lt;a href=&quot;https://issues.apache.org/jira/secure/ViewProfile.jspa?name=molsson&quot; class=&quot;user-hover&quot; rel=&quot;molsson&quot;&gt;molsson&lt;/a&gt;?&lt;/p&gt;

&lt;p&gt;edit: never mind, since we do &lt;tt&gt;Math.log(1 / rangeOwningRatio)&lt;/tt&gt; it should still be positive right?&lt;/p&gt;</comment>
                            <comment id="16285990" author="serhatd" created="Mon, 11 Dec 2017 14:39:16 +0000"  >&lt;p&gt;Changed the &quot;-&quot; sign to &quot;+&quot;, still repairing a node causes high memory usage &lt;/p&gt;</comment>
                            <comment id="16287952" author="molsson" created="Tue, 12 Dec 2017 17:32:07 +0000"  >&lt;p&gt;&lt;a href=&quot;https://issues.apache.org/jira/secure/ViewProfile.jspa?name=krummas&quot; class=&quot;user-hover&quot; rel=&quot;krummas&quot;&gt;krummas&lt;/a&gt; Yes, that should be the case, I was a bit hasty in my judgement of the log-function unfortunately.&lt;/p&gt;

&lt;p&gt;As far as I can tell there has been one other ticket changing merkle tree size calculations, &lt;a href=&quot;https://issues.apache.org/jira/browse/CASSANDRA-12580&quot; title=&quot;Fix merkle tree size calculation&quot; class=&quot;issue-link&quot; data-issue-key=&quot;CASSANDRA-12580&quot;&gt;&lt;del&gt;CASSANDRA-12580&lt;/del&gt;&lt;/a&gt;. But it does not seem like it should affect the total maximum size of the trees?&lt;/p&gt;

&lt;p&gt;Assuming that the tree size limitations apply as before &lt;a href=&quot;https://issues.apache.org/jira/browse/CASSANDRA-5220&quot; title=&quot;Repair improvements when using vnodes&quot; class=&quot;issue-link&quot; data-issue-key=&quot;CASSANDRA-5220&quot;&gt;&lt;del&gt;CASSANDRA-5220&lt;/del&gt;&lt;/a&gt; (max 2^20 for a single repair session) and with a replication factor of 3 the total amount of merkle tree nodes in memory should not be more than (2^20) * 3, if I&apos;m not mistaken. The assumption builds on that the three merkle trees accumulate in the repair coordinator. In the heap dump both the number of inner and leaf nodes are roughly 10 times that number. It&apos;s also roughly the same number of LongTokens in memory which seems odd.&lt;/p&gt;

&lt;p&gt;&lt;a href=&quot;https://issues.apache.org/jira/secure/ViewProfile.jspa?name=serhatd&quot; class=&quot;user-hover&quot; rel=&quot;serhatd&quot;&gt;serhatd&lt;/a&gt; How many partitions are there in the table if you run nodetool tablestats?&lt;/p&gt;</comment>
                            <comment id="16317122" author="syegournov" created="Mon, 8 Jan 2018 21:38:45 +0000"  >&lt;p&gt;I have similar issue on 3.11.1. IMHO &lt;a href=&quot;https://issues.apache.org/jira/browse/CASSANDRA-11390&quot; class=&quot;external-link&quot; rel=&quot;nofollow&quot;&gt;https://issues.apache.org/jira/browse/CASSANDRA-11390&lt;/a&gt; works well - I verified the depth of trees created with respect to rangeOwningRatio  (I added some extra logging to log each instance of MerkleTree being created):&lt;/p&gt;

&lt;div class=&quot;code panel&quot; style=&quot;border-width: 1px;&quot;&gt;&lt;div class=&quot;codeContent panelContent&quot;&gt;
&lt;pre class=&quot;code-java&quot;&gt;

DEBUG [ValidationExecutor:256] 2018-01-08 15:56:07,574 CompactionManager.java:1427 - Created single merkle tree with size 65536 and maxDepth determined to be 16, numPartitions 587271, allPartitions 8774183
DEBUG [ValidationExecutor:256] 2018-01-08 15:56:07,574 CompactionManager.java:1427 - Created single merkle tree with size 16384 and maxDepth determined to be 14, numPartitions 219402, allPartitions 8774183
DEBUG [ValidationExecutor:256] 2018-01-08 15:56:07,574 CompactionManager.java:1427 - Created single merkle tree with size 8192 and maxDepth determined to be 13, numPartitions 122506, allPartitions 8774183
DEBUG [ValidationExecutor:256] 2018-01-08 15:56:07,575 CompactionManager.java:1427 - Created single merkle tree with size 32768 and maxDepth determined to be 15, numPartitions 476682, allPartitions 8774183
DEBUG [ValidationExecutor:256] 2018-01-08 15:56:07,575 CompactionManager.java:1427 - Created single merkle tree with size 65536 and maxDepth determined to be 16, numPartitions 648328, allPartitions 8774183
DEBUG [ValidationExecutor:256] 2018-01-08 15:56:07,575 CompactionManager.java:1427 - Created single merkle tree with size 32768 and maxDepth determined to be 15, numPartitions 435338, allPartitions 8774183
DEBUG [ValidationExecutor:257] 2018-01-08 15:56:07,619 CompactionManager.java:1427 - Created single merkle tree with size 16384 and maxDepth determined to be 14, numPartitions 70665, allPartitions 3773014
DEBUG [ValidationExecutor:257] 2018-01-08 15:56:07,619 CompactionManager.java:1427 - Created single merkle tree with size 65536 and maxDepth determined to be 16, numPartitions 280970, allPartitions 3773014
DEBUG [ValidationExecutor:257] 2018-01-08 15:56:07,620 CompactionManager.java:1427 - Created single merkle tree with size 65536 and maxDepth determined to be 16, numPartitions 301579, allPartitions 3773014
DEBUG [ValidationExecutor:257] 2018-01-08 15:56:07,620 CompactionManager.java:1427 - Created single merkle tree with size 32768 and maxDepth determined to be 15, numPartitions 153994, allPartitions 3773014
DEBUG [ValidationExecutor:257] 2018-01-08 15:56:07,620 CompactionManager.java:1427 - Created single merkle tree with size 131072 and maxDepth determined to be 17, numPartitions 690696, allPartitions 3773014
DEBUG [ValidationExecutor:257] 2018-01-08 15:56:07,620 CompactionManager.java:1427 - Created single merkle tree with size 131072 and maxDepth determined to be 17, numPartitions 836873, allPartitions 3773014
DEBUG [ValidationExecutor:257] 2018-01-08 15:56:07,621 CompactionManager.java:1427 - Created single merkle tree with size 262144 and maxDepth determined to be 18, numPartitions 1437704, allPartitions 3773014
&lt;/pre&gt;
&lt;/div&gt;&lt;/div&gt;

&lt;p&gt;Here is tablestats (RF=3 in each of the two datacenters, 256 vnodes each node) and first live histogram from repair coordinator (running full repair). The first histogram was taken on coordinator when not a single Merkle Tree was yet received (i.e. no &quot;Received merkle tree for %s from %s&quot; logged yet).&lt;/p&gt;

&lt;div class=&quot;code panel&quot; style=&quot;border-width: 1px;&quot;&gt;&lt;div class=&quot;codeContent panelContent&quot;&gt;
&lt;pre class=&quot;code-java&quot;&gt;

Read Count: 509888
	Read Latency: 0.18279529229948538 ms.
	Write Count: 748705
	Write Latency: 0.018887297400177642 ms.
	Pending Flushes: 0
		Table: document_signature
		SSTable count: 12
		Space used (live): 71321036931
		Space used (total): 71321036931
		Space used by snapshots (total): 0
		Off heap memory used (total): 860944484
		SSTable Compression Ratio: 0.7950665041038063
		&lt;span class=&quot;code-object&quot;&gt;Number&lt;/span&gt; of partitions (estimate): 418442461
		Memtable cell count: 8847
		Memtable data size: 537349
		Memtable off heap memory used: 634552
		Memtable &lt;span class=&quot;code-keyword&quot;&gt;switch&lt;/span&gt; count: 1
		Local read count: 3542
		Local read latency: 0.426 ms
		Local write count: 16916
		Local write latency: 0.020 ms
		Pending flushes: 0
		Percent repaired: 97.79
		Bloom filter &lt;span class=&quot;code-keyword&quot;&gt;false&lt;/span&gt; positives: 0
		Bloom filter &lt;span class=&quot;code-keyword&quot;&gt;false&lt;/span&gt; ratio: 0.00000
		Bloom filter space used: 586304912
		Bloom filter off heap memory used: 586304816
		Index summary off heap memory used: 268176412
		Compression metadata off heap memory used: 5828704
		Compacted partition minimum bytes: 87
		Compacted partition maximum bytes: 124
		Compacted partition mean bytes: 123
		Average live cells per slice (last five minutes): 1.0
		Maximum live cells per slice (last five minutes): 1
		Average tombstones per slice (last five minutes): 1.0
		Maximum tombstones per slice (last five minutes): 1
		Dropped Mutations: 0

&lt;/pre&gt;
&lt;/div&gt;&lt;/div&gt;

&lt;div class=&quot;code panel&quot; style=&quot;border-width: 1px;&quot;&gt;&lt;div class=&quot;codeContent panelContent&quot;&gt;
&lt;pre class=&quot;code-java&quot;&gt;
  #      Instances          Bytes  Type
   1:      45135165     2166487920  org.apache.cassandra.utils.MerkleTree$Inner
   2:      45215104     1808604160  java.math.BigInteger
   3:      45218792     1447964176  [I
   4:      45136673     1444373536  org.apache.cassandra.utils.MerkleTree$Leaf
   5:      45213909      723422544  org.apache.cassandra.dht.RandomPartitioner$BigIntegerToken
   6:       3293590      171240328  [B
   7:        239596       15581200  [Ljava.lang.&lt;span class=&quot;code-object&quot;&gt;Object&lt;/span&gt;;
   8:        201671       12906944  java.nio.DirectByteBuffer
   9:        105623        9402016  [C
  10:        136213        4358816  com.googlecode.concurrentlinkedhashmap.ConcurrentHashMapV8$Node
  11:        136213        4358816  com.googlecode.concurrentlinkedhashmap.ConcurrentLinkedHashMap$Node
  12:         12312        3890512  [J
  13:         88490        3539600  org.apache.cassandra.db.rows.BufferCell
  14:        137639        3303336  org.apache.cassandra.db.RowIndexEntry
  15:        136278        3270672  org.apache.cassandra.cache.KeyCacheKey
  16:        136213        3269112  com.googlecode.concurrentlinkedhashmap.ConcurrentLinkedHashMap$WeightedValue
  17:        104492        2507808  java.lang.&lt;span class=&quot;code-object&quot;&gt;String&lt;/span&gt;
  18:         77919        2493408  org.apache.cassandra.db.rows.BTreeRow
...
 83:          1508          72384  org.apache.cassandra.utils.MerkleTree

&lt;/pre&gt;
&lt;/div&gt;&lt;/div&gt;

&lt;p&gt;To me it looks like validation tasks on the coordinating node itself already take quite some by memory for MerkleTrees - and then when MerkleTrees start to accumulate from other nodes things get worse and worse till JVM crash:&lt;/p&gt;

&lt;div class=&quot;code panel&quot; style=&quot;border-width: 1px;&quot;&gt;&lt;div class=&quot;codeContent panelContent&quot;&gt;
&lt;pre class=&quot;code-java&quot;&gt;
   #      Instances          Bytes  Type
   1:      50976925     2446892400  org.apache.cassandra.utils.MerkleTree$Inner
   2:      51092256     2043690240  java.math.BigInteger
   3:      51096217     1636064888  [I
   4:      50978516     1631312512  org.apache.cassandra.utils.MerkleTree$Leaf
   5:      51091061      817456976  org.apache.cassandra.dht.RandomPartitioner$BigIntegerToken
   6:      12850540      598727368  [B
   7:        346308       18478816  [Ljava.lang.&lt;span class=&quot;code-object&quot;&gt;Object&lt;/span&gt;;
   8:        274678       17579392  java.nio.DirectByteBuffer
   9:        106347        9386112  [C
  10:        123749        4949960  org.apache.cassandra.db.rows.BufferCell
  11:        153443        4910176  com.googlecode.concurrentlinkedhashmap.ConcurrentHashMapV8$Node
  12:        153443        4910176  com.googlecode.concurrentlinkedhashmap.ConcurrentLinkedHashMap$Node
  13:         12693        4000864  [J
  14:        154841        3716184  org.apache.cassandra.db.RowIndexEntry
  15:        153508        3684192  org.apache.cassandra.cache.KeyCacheKey
  16:        153443        3682632  com.googlecode.concurrentlinkedhashmap.ConcurrentLinkedHashMap$WeightedValue
  17:        113042        3617344  org.apache.cassandra.db.rows.BTreeRow
  18:        106816        3418112  org.apache.cassandra.db.rows.EncodingStats

&lt;/pre&gt;
&lt;/div&gt;&lt;/div&gt;

&lt;p&gt;And another one, few seconds before JVM became unresponsive:&lt;/p&gt;

&lt;div class=&quot;code panel&quot; style=&quot;border-width: 1px;&quot;&gt;&lt;div class=&quot;codeContent panelContent&quot;&gt;
&lt;pre class=&quot;code-java&quot;&gt;
   #      Instances          Bytes  Type
   1:      86668240     4160075520  org.apache.cassandra.utils.MerkleTree$Inner
   2:      86866263     3474650520  java.math.BigInteger
   3:      86870454     2780862192  [I
   4:      86670565     2773458080  org.apache.cassandra.utils.MerkleTree$Leaf
   5:      56604877     2664969056  [B
   6:      86865068     1389841088  org.apache.cassandra.dht.RandomPartitioner$BigIntegerToken
   7:        443148       28361472  java.nio.DirectByteBuffer
   8:        592525       24834288  [Ljava.lang.&lt;span class=&quot;code-object&quot;&gt;Object&lt;/span&gt;;
   9:        107122        9437936  [C
  10:        205317        8212680  org.apache.cassandra.db.rows.BufferCell
  11:        197149        6308768  com.googlecode.concurrentlinkedhashmap.ConcurrentHashMapV8$Node
  12:        197149        6308768  com.googlecode.concurrentlinkedhashmap.ConcurrentLinkedHashMap$Node
  13:        194391        6220512  org.apache.cassandra.db.rows.BTreeRow
  14:        188155        6020960  org.apache.cassandra.db.rows.EncodingStats
  15:        187964        6014848  org.apache.cassandra.db.partitions.AbstractBTreePartition$Holder
  16:        187960        6014720  org.apache.cassandra.db.partitions.AtomicBTreePartition
  17:        187518        6000576  org.apache.cassandra.db.LivenessInfo$ExpiringLivenessInfo
  18:        198500        4764000  org.apache.cassandra.db.RowIndexEntry
  19:        197215        4733160  org.apache.cassandra.cache.KeyCacheKey
  20:        197149        4731576  com.googlecode.concurrentlinkedhashmap.ConcurrentLinkedHashMap$WeightedValue
  21:        194451        4666824  org.apache.cassandra.db.BufferClustering
  22:        189176        4540224  java.util.concurrent.ConcurrentSkipListMap$Node
  23:        188127        4515048  org.apache.cassandra.db.PartitionColumns
  24:        188017        4512408  org.apache.cassandra.db.Columns
...
  83:          2325         111600  org.apache.cassandra.utils.MerkleTree
&lt;/pre&gt;
&lt;/div&gt;&lt;/div&gt;

&lt;p&gt;The only way I was able to run repairs was incremental repair with in sequential mode (obviously I had to mark all sstables as repaired and maintain high repaired %). But this does not work all the time because there is another bug with a race condition causing assertion error (that&apos;s a separate bug so I won&apos;t cover the details here)&lt;/p&gt;

&lt;p&gt;IMHO the main problem is that all repair sessions run in parallel - and with high RF and multiple DCs it&apos;s very easy to fill up JVM even with the way depth of the MerkleTree is calculated using ratio of owned partitions for the range. Coordinating node in turn suffers even more - because it has MerkleTrees allocated as a part of doValidationCompaction() and also accumulates MerkleTrees from the cluster in ValidationTask as part of its coordinating activity.&lt;/p&gt;</comment>
                            <comment id="16317166" author="jjirsa" created="Mon, 8 Jan 2018 21:55:59 +0000"  >&lt;p&gt;Number of elements in a binary tree of depth h should be &lt;tt&gt;2^(h+1) - 1&lt;/tt&gt;, so if we build trees with h=20, then we&apos;re looking at about half a 2M &lt;tt&gt;Inner&lt;/tt&gt; nodes at 48 bytes per for each table (for each replica). Your histogram shows ~86M, which would be ~43 tables, which seems like it&apos;d be on the order of &quot;expected&quot; in terms of schemas - 4G of Inner nodes for that does indeed seem painful.&lt;/p&gt;

&lt;p&gt;I suspect we may be able to do better here (not sure yet, havent really thought about it), but from a practical standpoint, subrange repair may be a bit easier on your heap, too.&lt;/p&gt;</comment>
                            <comment id="16338891" author="syegournov" created="Thu, 25 Jan 2018 08:04:25 +0000"  >&lt;p&gt;&lt;a href=&quot;https://issues.apache.org/jira/secure/ViewProfile.jspa?name=jjirsa&quot; class=&quot;user-hover&quot; rel=&quot;jjirsa&quot;&gt;jjirsa&lt;/a&gt; Yes, I know that depth of trees&#160;is on the expected level - just wanted to make a point that the change to dynamically calculate the depth of tree with&#160;rangeOwningRatio in mind seems to work quite well.&lt;/p&gt;

&lt;p&gt;Indeed from practical standpoint I cannot see how full/incremental repairs can be used at all in production because even if the column family repair does not put such a big pressure on GC - it still hurts higher percentile read latencies badly. Not to mention that during long repairs there is high risk of a repair failure&#160;due to gossip detecting node down - and restarting from scratch is a pain. IMHO subrange repair with persisted repair state (e.g. with Cassandra Reaper) is the only real life option.&lt;/p&gt;

&lt;p&gt;Because basically both full/incremental repairs can hurt cluster badly in a matter of minutes - not to mention incremental repair having its own bugs. Considering the impact of full/incremental repairs maybe it&apos;s worth to warn a user that things might go really bad.&lt;/p&gt;</comment>
                            <comment id="16533703" author="molsson" created="Thu, 5 Jul 2018 14:06:47 +0000"  >&lt;p&gt;&lt;b&gt;TL;DR&lt;/b&gt;&lt;br/&gt;
I believe the original JIRA has two problems, &lt;a href=&quot;https://issues.apache.org/jira/browse/CASSANDRA-14332&quot; title=&quot;Fix unbounded validation compactions on repair&quot; class=&quot;issue-link&quot; data-issue-key=&quot;CASSANDRA-14332&quot;&gt;&lt;del&gt;CASSANDRA-14332&lt;/del&gt;&lt;/a&gt; as well as my findings below.&lt;/p&gt;

&lt;p&gt;We store MerkleTrees in the repair session until a full keyspace has been repaired. So it seems this problem gets worse the more tables you have in a single keyspace.&lt;br/&gt;
&lt;b&gt;TL;DR&lt;/b&gt;&lt;/p&gt;


&lt;p&gt;When I noticed &lt;a href=&quot;https://issues.apache.org/jira/browse/CASSANDRA-14332&quot; title=&quot;Fix unbounded validation compactions on repair&quot; class=&quot;issue-link&quot; data-issue-key=&quot;CASSANDRA-14332&quot;&gt;&lt;del&gt;CASSANDRA-14332&lt;/del&gt;&lt;/a&gt; I thought it might be related to this ticket as simultaneous validation compactions would result in multiple MerkleTrees. Even for repairing a single table we could perform multiple validation compactions if we have both vnodes and &lt;b&gt;nodes &amp;gt; replication factor&lt;/b&gt;.&lt;/p&gt;

&lt;p&gt;So I decided to set up a three-node cluster with RF=3 and check the difference with and without &lt;a href=&quot;https://issues.apache.org/jira/browse/CASSANDRA-14332&quot; title=&quot;Fix unbounded validation compactions on repair&quot; class=&quot;issue-link&quot; data-issue-key=&quot;CASSANDRA-14332&quot;&gt;&lt;del&gt;CASSANDRA-14332&lt;/del&gt;&lt;/a&gt;. In my setup I had ten tables in a single keyspace with 20 million partitions in each of the tables to make sure the repairs were long running as well as using the max MerkleTree size. All tests were performed on version 3.0.15, but I believe they would apply for more recent versions as well (3.0.x, 3.11.x and maybe even 4.x).&lt;/p&gt;

&lt;p&gt;Without &lt;a href=&quot;https://issues.apache.org/jira/browse/CASSANDRA-14332&quot; title=&quot;Fix unbounded validation compactions on repair&quot; class=&quot;issue-link&quot; data-issue-key=&quot;CASSANDRA-14332&quot;&gt;&lt;del&gt;CASSANDRA-14332&lt;/del&gt;&lt;/a&gt; you could see multiple validation compactions starting at the same time (as expected) and the top memory consumers were:&lt;/p&gt;
&lt;div class=&quot;code panel&quot; style=&quot;border-width: 1px;&quot;&gt;&lt;div class=&quot;codeContent panelContent&quot;&gt;
&lt;pre class=&quot;code-java&quot;&gt;
 num     #instances         #bytes  &lt;span class=&quot;code-keyword&quot;&gt;class &lt;/span&gt;name
----------------------------------------------
   1:      22412689     1075809072  org.apache.cassandra.utils.MerkleTree$Inner
   2:      21801471     1060797400  [B
   3:      22438801      718041632  org.apache.cassandra.utils.MerkleTree$Leaf
   4:      22466069      539185656  org.apache.cassandra.dht.Murmur3Partitioner$LongToken
   5:        105245        8449496  [C
   6:         37102        4554912  [Ljava.lang.&lt;span class=&quot;code-object&quot;&gt;Object&lt;/span&gt;;
   7:        110463        4418520  java.util.TreeMap$Entry
&lt;/pre&gt;
&lt;/div&gt;&lt;/div&gt;
&lt;p&gt;~3GB MerkleTrees/byte arrays/long tokens.&lt;/p&gt;

&lt;p&gt;With &lt;a href=&quot;https://issues.apache.org/jira/browse/CASSANDRA-14332&quot; title=&quot;Fix unbounded validation compactions on repair&quot; class=&quot;issue-link&quot; data-issue-key=&quot;CASSANDRA-14332&quot;&gt;&lt;del&gt;CASSANDRA-14332&lt;/del&gt;&lt;/a&gt; the validation compactions started one by one (as expected) and the heap started out with:&lt;/p&gt;
&lt;div class=&quot;code panel&quot; style=&quot;border-width: 1px;&quot;&gt;&lt;div class=&quot;codeContent panelContent&quot;&gt;
&lt;pre class=&quot;code-java&quot;&gt;
 num     #instances         #bytes  &lt;span class=&quot;code-keyword&quot;&gt;class &lt;/span&gt;name
----------------------------------------------
   1:        660043       47091600  [B
   2:        747730       35891040  org.apache.cassandra.utils.MerkleTree$Inner
   3:        748498       23951936  org.apache.cassandra.utils.MerkleTree$Leaf
   4:        750376       18009024  org.apache.cassandra.dht.Murmur3Partitioner$LongToken
   5:        103072        8418992  [C
   6:         21823        3787144  [Ljava.lang.&lt;span class=&quot;code-object&quot;&gt;Object&lt;/span&gt;;
   7:          4496        3528432  [J
&lt;/pre&gt;
&lt;/div&gt;&lt;/div&gt;
&lt;p&gt;But after a while you could see the following build-up:&lt;/p&gt;
&lt;div class=&quot;code panel&quot; style=&quot;border-width: 1px;&quot;&gt;&lt;div class=&quot;codeContent panelContent&quot;&gt;
&lt;pre class=&quot;code-java&quot;&gt;
 num     #instances         #bytes  &lt;span class=&quot;code-keyword&quot;&gt;class &lt;/span&gt;name
----------------------------------------------
   1:      24055994     1171217840  [B
   2:      12702738      609731424  org.apache.cassandra.utils.MerkleTree$Inner
   3:      12717330      406954560  org.apache.cassandra.utils.MerkleTree$Leaf
   4:      12733033      305592792  org.apache.cassandra.dht.Murmur3Partitioner$LongToken
   5:        102947        8382984  [C
   6:         23384        3826696  [Ljava.lang.&lt;span class=&quot;code-object&quot;&gt;Object&lt;/span&gt;;
   7:          4793        3552624  [J
&lt;/pre&gt;
&lt;/div&gt;&lt;/div&gt;
&lt;p&gt;~2GB MerkleTrees/byte arrays/long tokens.&lt;/p&gt;

&lt;p&gt;After creating a heap dump I could see that the MerkleTrees were being kept in the map &lt;a href=&quot;https://github.com/apache/cassandra/blob/cassandra-3.0/src/java/org/apache/cassandra/repair/RepairSession.java#L99&quot; class=&quot;external-link&quot; target=&quot;_blank&quot; rel=&quot;nofollow noopener&quot;&gt;&lt;b&gt;RepairSession#syncingTasks&lt;/b&gt;&lt;/a&gt;. This map isn&apos;t cleared until all tables in the keyspace has been repaired so it seems like this problem gets worse the more tables you have in a single keyspace.&lt;/p&gt;

&lt;p&gt;&lt;ins&gt;Background&lt;/ins&gt;&lt;br/&gt;
After validations complete the trees are sent to the repair coordinator which collects and compares them to see what needs to be streamed. The actual work of checking the MerkleTree difference and synchronizing the data is handed off to a separate task (LocalSyncTask or RemoteSyncTask). In the case of RemoteSyncTasks they are stored in &lt;b&gt;RepairSession#syncingTasks&lt;/b&gt; and waits for the remote replica to notify it that it has synchronized the data with the other replica. The problem is that the SyncTasks keeps the MerkleTrees and since they are stored in the map they can&apos;t be GC:d until they are removed from the map. This doesn&apos;t happen until the full session is completed.&lt;/p&gt;

&lt;p&gt;&lt;ins&gt;Potential solutions&lt;/ins&gt;&lt;br/&gt;
&lt;b&gt;1. Calculate MerkleTrees difference before handing it off to RemoteSyncTask&lt;/b&gt;&lt;br/&gt;
Avoid storing the MerkleTrees in the SyncTasks by calculating the difference before creating the task.&lt;br/&gt;
This could still cause some build-up of memory (as we still store them all in the map) but can probably be neglected.&lt;/p&gt;

&lt;p&gt;This approach could potentially affect the performance of the repairs as the calculations will be performed in a single thread. A similar approach seems to be taken in 4.0 though for the &lt;a href=&quot;https://github.com/apache/cassandra/blob/trunk/src/java/org/apache/cassandra/repair/RepairJob.java#L205&quot; class=&quot;external-link&quot; target=&quot;_blank&quot; rel=&quot;nofollow noopener&quot;&gt;optimized stream path&lt;/a&gt;.&lt;/p&gt;

&lt;p&gt;&lt;b&gt;2. Remove MerkleTrees as sync requests completes&lt;/b&gt; (patch attached)&lt;br/&gt;
When we get a response from the remote replica that the sync was completed (&lt;b&gt;RepairSession#syncComplete&lt;/b&gt;) we can remove the RemoteSyncTask from the map instead of &lt;a href=&quot;https://github.com/apache/cassandra/blob/cassandra-3.0/src/java/org/apache/cassandra/repair/RepairSession.java#L190&quot; class=&quot;external-link&quot; target=&quot;_blank&quot; rel=&quot;nofollow noopener&quot;&gt;retrieving it&lt;/a&gt;.&lt;br/&gt;
But then we still have the scenario when there are no differences in the MerkleTrees as that would not send a sync request and in turn not trigger the removal.&lt;br/&gt;
In that case we could make sure to remove the left-overs when all nodes have been synchronized for the table.&lt;/p&gt;

&lt;p&gt;I believe this is a rather non-invasive approach although it feels kind of hackish.&lt;/p&gt;

&lt;p&gt;With the patch applied the maximum memory usage I observed was:&lt;/p&gt;
&lt;div class=&quot;code panel&quot; style=&quot;border-width: 1px;&quot;&gt;&lt;div class=&quot;codeContent panelContent&quot;&gt;
&lt;pre class=&quot;code-java&quot;&gt;
 num     #instances         #bytes  &lt;span class=&quot;code-keyword&quot;&gt;class &lt;/span&gt;name
----------------------------------------------
   1:       2238987      125061864  [B
   2:       2241647      107599056  org.apache.cassandra.utils.MerkleTree$Inner
   3:       2243951       71806432  org.apache.cassandra.utils.MerkleTree$Leaf
   4:       2247405       53937720  org.apache.cassandra.dht.Murmur3Partitioner$LongToken
   5:        102724        8344368  [C
   6:         22298        3855408  [Ljava.lang.&lt;span class=&quot;code-object&quot;&gt;Object&lt;/span&gt;;
   7:          4700        3558992  [J
&lt;/pre&gt;
&lt;/div&gt;&lt;/div&gt;
&lt;p&gt;This was from when the repair coordinator had not finished the validation compaction for a table while the two replicas had.&lt;/p&gt;

&lt;p&gt;After the coordinator was finished and started on the next table it went down to the expected single MerkleTree:&lt;/p&gt;
&lt;div class=&quot;code panel&quot; style=&quot;border-width: 1px;&quot;&gt;&lt;div class=&quot;codeContent panelContent&quot;&gt;
&lt;pre class=&quot;code-java&quot;&gt;
 num     #instances         #bytes  &lt;span class=&quot;code-keyword&quot;&gt;class &lt;/span&gt;name
----------------------------------------------
   1:        745967       35806416  org.apache.cassandra.utils.MerkleTree$Inner
   2:        746735       23895520  org.apache.cassandra.utils.MerkleTree$Leaf
   3:         28892       19281632  [B
   4:        748653       17967672  org.apache.cassandra.dht.Murmur3Partitioner$LongToken
   5:        102882        8371456  [C
   6:         22386        3858952  [Ljava.lang.&lt;span class=&quot;code-object&quot;&gt;Object&lt;/span&gt;;
   7:          4712        3559952  [J
&lt;/pre&gt;
&lt;/div&gt;&lt;/div&gt;

&lt;p&gt;Feel free to try out the patch in combination with &lt;a href=&quot;https://issues.apache.org/jira/browse/CASSANDRA-14332&quot; title=&quot;Fix unbounded validation compactions on repair&quot; class=&quot;issue-link&quot; data-issue-key=&quot;CASSANDRA-14332&quot;&gt;&lt;del&gt;CASSANDRA-14332&lt;/del&gt;&lt;/a&gt;. It should apply cleanly to 3.11.x but trunk has changed somewhat so I wouldn&apos;t feel confident in supplying a patch without more verification.&lt;/p&gt;


&lt;p&gt;Sorry for the long comment but I won&apos;t be able to stay updated on this JIRA ticket in the coming weeks so I tried to get as much information as possible in.&lt;/p&gt;</comment>
                            <comment id="16591093" author="madega" created="Fri, 24 Aug 2018 03:09:43 +0000"  >&lt;p&gt;Checking if&#160;there is a patch fix/release for this?&#160; It appears the issue is also on 3.11.2&lt;/p&gt;</comment>
                            <comment id="16591305" author="molsson" created="Fri, 24 Aug 2018 08:08:04 +0000"  >&lt;p&gt;&lt;a href=&quot;https://issues.apache.org/jira/secure/ViewProfile.jspa?name=madega&quot; class=&quot;user-hover&quot; rel=&quot;madega&quot;&gt;madega&lt;/a&gt;, do you also get OOM while running repair on 3.11.2?&lt;/p&gt;

&lt;p&gt;If that&apos;s the case, how is your schema? Do you have a large number of tables? That could be related to either &lt;a href=&quot;https://issues.apache.org/jira/browse/CASSANDRA-14332&quot; title=&quot;Fix unbounded validation compactions on repair&quot; class=&quot;issue-link&quot; data-issue-key=&quot;CASSANDRA-14332&quot;&gt;&lt;del&gt;CASSANDRA-14332&lt;/del&gt;&lt;/a&gt; which was fixed in 3.11.3 or to the issue I mentioned above. A patch for the above issue is available on this ticket if you want to try it out, but it&apos;s probably not that useful without &lt;a href=&quot;https://issues.apache.org/jira/browse/CASSANDRA-14332&quot; title=&quot;Fix unbounded validation compactions on repair&quot; class=&quot;issue-link&quot; data-issue-key=&quot;CASSANDRA-14332&quot;&gt;&lt;del&gt;CASSANDRA-14332&lt;/del&gt;&lt;/a&gt; as well.&lt;/p&gt;</comment>
                            <comment id="16675586" author="jjirsa" created="Mon, 5 Nov 2018 18:49:25 +0000"  >&lt;p&gt;Removing ready-to-commit. Anonymous visitors, please don&apos;t change the status. &lt;/p&gt;</comment>
                            <comment id="16720694" author="bdeggleston" created="Thu, 13 Dec 2018 23:27:31 +0000"  >&lt;p&gt;I think it would be better to just go with option #1 and compute the differences as soon as possible. I wouldn&#8217;t consider changing the SyncTask ctor args from &lt;tt&gt;TreeResponse r1, TreeResponse r2&lt;/tt&gt; to &lt;tt&gt;InetAddress ep1, InetAddress ep2, List&amp;lt;Range&amp;lt;Token&amp;gt;&amp;gt; differences&lt;/tt&gt; as an invasive change. It also means we don&#8217;t keep the trees in memory any longer than they&#8217;re useful, and not holding onto them during streaming is a plus.&lt;/p&gt;</comment>
                            <comment id="16720703" author="bdeggleston" created="Thu, 13 Dec 2018 23:32:11 +0000"  >&lt;p&gt;removing the&#160;&lt;a href=&quot;https://issues.apache.org/jira/issues/?jql=labels+%3D+4.0-feature-freeze-review-requested&quot; class=&quot;external-link&quot; rel=&quot;nofollow&quot;&gt;4.0-feature-freeze-review-requested&lt;/a&gt;&#160;tag, since &lt;a href=&quot;https://issues.apache.org/jira/browse/CASSANDRA-3200&quot; title=&quot;Repair: compare all trees together (for a given range/cf) instead of by pair in isolation&quot; class=&quot;issue-link&quot; data-issue-key=&quot;CASSANDRA-3200&quot;&gt;&lt;del&gt;CASSANDRA-3200&lt;/del&gt;&lt;/a&gt; fixes this issue in trunk&lt;/p&gt;</comment>
                            <comment id="16721967" author="jolynch" created="Sat, 15 Dec 2018 02:43:11 +0000"  >&lt;p&gt;&lt;a href=&quot;https://issues.apache.org/jira/secure/ViewProfile.jspa?name=bdeggleston&quot; class=&quot;user-hover&quot; rel=&quot;bdeggleston&quot;&gt;bdeggleston&lt;/a&gt; we just got hit by this in a 3.0.17 single token per node production cluster while running parallel subrange repair on a single table at a time. I think it&apos;s because when&#160;&lt;a href=&quot;https://issues.apache.org/jira/browse/CASSANDRA-5263&quot; title=&quot;Increase merkle tree depth as needed&quot; class=&quot;issue-link&quot; data-issue-key=&quot;CASSANDRA-5263&quot;&gt;&lt;del&gt;CASSANDRA-5263&lt;/del&gt;&lt;/a&gt; expanded Merkle max tree depth to 20&#160;(&lt;a href=&quot;https://github.com/apache/cassandra/blob/1816520d6c59cece5ef8346c95e4f12e7c285751/src/java/org/apache/cassandra/db/compaction/CompactionManager.java#L1220&quot; class=&quot;external-link&quot; target=&quot;_blank&quot; rel=&quot;nofollow noopener&quot;&gt;source&lt;/a&gt;) it looks like we can allocate close to ~190 MiB&#160;&lt;em&gt;per tree&lt;/em&gt; since Cassandra 2.1 (the estimation logic changed a bunch but the max of 20 is still there). With a RF&#160;of e.g. 3*3 = 9&#160;we allocate gigabytes of memory per &lt;tt&gt;RepairSession&lt;/tt&gt;&#160;and then with this bug we hold it on heap for the duration of the repair. Then when we do parallel&#160;subranges to speed up full repair, e.g. 5 of them, we can easily run out of memory. I agree with the rest of this report that we shouldn&apos;t be holding them on heap for the duration of the repair,&#160;but I also think we shouldn&apos;t allocating that much heap in the first place.&lt;/p&gt;

&lt;p&gt;According to my heap dumps of the node each Merkle tree has &lt;tt&gt;2^20&lt;/tt&gt; leaves (and ~&lt;tt&gt;2^20&lt;/tt&gt; inner nodes) which are retaining 191&#160;MiB of heap memory resident per tree, and we have RF of them (so in our case 3 * 3 = 9). This leads to 191&#160;MiB * 9 = 1.7&#160;GiB per repair session of memory that is held on the heap and due to the bug talked about&#160;in this ticket&#160;we hold that for the entire repair session. If we then do 4 or 5 parallel subranges we quickly allocate 8+&#160;GiB of memory and can OOM the node. What do you think about the following changes I could make:&lt;/p&gt;
&lt;ol&gt;
	&lt;li&gt;Per your recommendation above,&#160;don&apos;t hold onto the trees for the entire repair&lt;/li&gt;
	&lt;li&gt;Provide a yaml configuration option called &lt;tt&gt;repair_session_heap_space_in_mb&lt;/tt&gt;&#160;which defaults to something like 1% of the heap (so 80MB in the 8GB use case). Then we use this information and the RF information of the keyspace to decide the maximum depth of a single merkle tree instead of arbitrarily picking &lt;tt&gt;2^15&lt;/tt&gt; or &lt;tt&gt;2^20&lt;/tt&gt;.&lt;/li&gt;
&lt;/ol&gt;


&lt;p&gt;I think we can work backwards&#160;to acceptable max tree size with&#160;something like the following formula (someone please check my math):&lt;/p&gt;
&lt;div class=&quot;preformatted panel&quot; style=&quot;border-width: 1px;&quot;&gt;&lt;div class=&quot;preformattedContent panelContent&quot;&gt;
&lt;pre&gt;sizeof(leaf) = sizeof(hash) + rowsInRange + sizeOfRange + object_overhead
             = 48           + 8           + 8           + 16 
             = 80 bytes
sizeof(inner) = sizeof(leaf) + 2 * sizeof(pointer) + sizeof(token)
              = 80           + 8                   + 24           
              = 112 bytes

In a merkle tree of depth (n)

#leafs = 2^n
#inner = 2^n - 1 ~= 2^n

So for a tree of depth n:
sizeof(tree_n) ~= #leafs  * sizeof(leaf) + #inner  * sizeof(leaf)
sizeof(tree_n) ~= 2^n     * 80           + 2^n     * 112
sizeof(tree_n) ~= 2^n     * (192 bytes)

So to solve for n given sizeof(tree_n):

n = floor(log_2(sizeof(tree_n) / 192))&lt;/pre&gt;
&lt;/div&gt;&lt;/div&gt;
&lt;p&gt;I&apos;ve attached screenshots showing evidence of the &lt;span class=&quot;nobr&quot;&gt;&lt;a href=&quot;https://issues.apache.org/jira/secure/attachment/12951908/12951908_Merkle_On_Heap_Sizes.png&quot; title=&quot;Merkle_On_Heap_Sizes.png attached to CASSANDRA-14096&quot;&gt;Merkle_On_Heap_Sizes.png&lt;sup&gt;&lt;img class=&quot;rendericon&quot; src=&quot;https://issues.apache.org/jira/images/icons/link_attachment_7.gif&quot; height=&quot;7&quot; width=&quot;7&quot; align=&quot;absmiddle&quot; alt=&quot;&quot; border=&quot;0&quot;/&gt;&lt;/sup&gt;&lt;/a&gt;&lt;/span&gt;&#160;that I based my calculations on. The heap dump was taken on a 3.0.17 node that was coordinating 5 subrange repairs on a large table. As we can see when we drill into the heap dump we are not retaining 48 bytes per leaf node, we are retaining about ~80 bytes per leaf node and then ~120&#160;bytes per inner node (object overhead is ... tricky to calculate) and we have like &lt;tt&gt;2^n&lt;/tt&gt; of both.&lt;/p&gt;</comment>
                            <comment id="16722346" author="bdeggleston" created="Sun, 16 Dec 2018 01:38:12 +0000"  >&lt;p&gt;I&#8217;m a little worried about limiting tree depth like that. As I understand it (and I&#8217;m not super familiar with this area of repair), merkle tree depth is correlated to data density, so limiting the depth is going to inflate the streaming done when there are differences, causing other problems.&lt;/p&gt;

&lt;p&gt;It seems like the simplest solution might be to just repair smaller subranges if you&#8217;re ooming on huge merkle trees during repair? That should limit tree size, right? There is an anti-compaction cost associated with that, but that seems more predictable/controllable than the other options.&lt;/p&gt;

&lt;p&gt;I realize that&#8217;s not a super great solution, but I&#8217;d like to avoid making any significant behavioral changes here for 3.x and 4.0. That said, I think repairing dense nodes and large partitions is an area that should get some attention for 4.next. WDYT?&lt;/p&gt;</comment>
                            <comment id="16722352" author="jolynch" created="Sun, 16 Dec 2018 02:06:34 +0000"  >&lt;blockquote&gt;&lt;p&gt;I&#8217;m a little worried about limiting tree depth like that. As I understand it (and I&#8217;m not super familiar with this area of repair), merkle tree depth is correlated to data density, so limiting the depth is going to inflate the streaming done when there are differences, causing other problems.&lt;/p&gt;&lt;/blockquote&gt;
&lt;p&gt;I think that the choice to increase the max resolution to &lt;tt&gt;2^20&lt;/tt&gt; from &lt;tt&gt;2^15&lt;/tt&gt;&#160;was very dangerous given the flawed estimation math in that ticket and from the production data we can see a small subrange repair can allocate gigabytes of memory. For example, in the case above we were doing splits of&#160;1048576 partition keys in the first place and still ended up with trees that had&#160;1048576 leaf nodes, I don&apos;t recall ever seeing that in our 2.1 clusters where we run the same adaptive subrange algorithm. It&apos;s possible that the range estimation logic in 2.1 was less likely to create large trees as the 3.0 partition estimation does, but I also think that the most reasonable thing we can do is have the highest resolution tree we can have for a given amount of memory, which is what my proposal would do. If you&apos;re particularly worried I could default it to something like 25% of the heap to preserve the current behavior of allocating close to 2&#160;GiB for an RF=3*3 cluster?&#160;&#160;&lt;/p&gt;
&lt;blockquote&gt;&lt;p&gt;It seems like the simplest solution might be to just repair smaller subranges if you&#8217;re ooming on huge merkle trees during repair? That should limit tree size, right? There is an anti-compaction cost associated with that, but that seems more predictable/controllable than the other options.&lt;/p&gt;&lt;/blockquote&gt;
&lt;p&gt;I completely agree but the above OOM happened when we were repairing &lt;em&gt;very&lt;/em&gt; small ranges (1048576 partitions per split). I would be hesitant to go much smaller as small ranges create too many small sstables that create other issues. I do agree more smaller ranges are better, but we are already repairing tiny subranges as it is and this bug is&#160;such&#160;a big stability regression in 3.0 that it would block us from moving many clusters until it is fixed. Not being able to do&#160;parallel subrange means that we can&apos;t repair the large clusters fast enough.&lt;/p&gt;
&lt;blockquote&gt;&lt;p&gt;I realize that&#8217;s not a super great solution, but I&#8217;d like to avoid making any significant behavioral changes here for 3.x and 4.0. That said, I think repairing dense nodes and large partitions is an area that should get some attention for 4.next. WDYT?&lt;/p&gt;&lt;/blockquote&gt;
&lt;p&gt;Our repair algorithm already does the proposed solution (small subranges, on single token nodes, repairing a single table at a time), and even with that we still cause OOMs on any reasonably sized dataset. I think introducing a (potentially optional) cap on heap allocation by a single &lt;tt&gt;RepairSession&lt;/tt&gt; is the least invasive way to ensure that users of the database can run full/subrange repair on 3.0 without fear of OOMing.&#160;Of course this limit would be in addition to your suggestion to not hold all the trees on memory during streaming as well.&lt;/p&gt;</comment>
                            <comment id="16722354" author="jolynch" created="Sun, 16 Dec 2018 02:30:26 +0000"  >&lt;p&gt;Ah, so it looks like a bug was fixed in &lt;a href=&quot;https://github.com/apache/cassandra/commit/1d1bfae580d44d3b8a4678c5af5767ff17102128&quot; class=&quot;external-link&quot; target=&quot;_blank&quot; rel=&quot;nofollow noopener&quot;&gt;CASSANDRA-11390&lt;/a&gt;&#160;where in 2.1 we calculated the size of the tree from the partition count based on the &lt;a href=&quot;https://github.com/apache/cassandra/blob/34a1d5da58fb8edcad39633084541bb4162f5ede/src/java/org/apache/cassandra/db/compaction/CompactionManager.java#L1059&quot; class=&quot;external-link&quot; target=&quot;_blank&quot; rel=&quot;nofollow noopener&quot;&gt;natural log&lt;/a&gt; instead of in the &lt;a href=&quot;https://github.com/apache/cassandra/blob/1816520d6c59cece5ef8346c95e4f12e7c285751/src/java/org/apache/cassandra/db/compaction/CompactionManager.java#L1220&quot; class=&quot;external-link&quot; target=&quot;_blank&quot; rel=&quot;nofollow noopener&quot;&gt;log base 2&lt;/a&gt;&#160;as we do in 3.0. So in 2.1 if we did a spit range of 1048576 partitions we&apos;d end up with a tree that was limited to size &lt;tt&gt;floor(log(1048576)) = 13&lt;/tt&gt; and in 3.0 we end up with a tree that is limited to &lt;tt&gt;floor(log_2(1048576)) = 20&lt;/tt&gt;. So even though 2.1 added the possibility for the trees to expand to &lt;tt&gt;2^20&lt;/tt&gt;, the use of natural log protected us from OOMing when we did split ranges since a tree with depth 13 allocates 1.5 MiB vs a tree with depth 20 which allocates 192 MiB,&#160;128x&#160;more memory to repair the same tiny range of data in 3.0+ as 2.1.&lt;/p&gt;

&lt;p&gt;I still think that limiting the amount of memory that can be used by a single &lt;tt&gt;RepairSession&lt;/tt&gt;&#160;is the most reasonable thing we can do in the 3.0/3.11 releases to make them stable again. I think that&apos;s more understandable to the user than arbitrarily picking &lt;tt&gt;2^15&lt;/tt&gt; or &lt;tt&gt;2^20&lt;/tt&gt; as our maximum tree size, just say &quot;we will get the maximum resolution we can given the memory you gave us&quot;.&lt;/p&gt;</comment>
                            <comment id="16722364" author="jjirsa" created="Sun, 16 Dec 2018 03:02:34 +0000"  >&lt;p&gt;&#8220;Repair smaller sub ranges to work around the fact that the default behavior is untenable&#8221; is a bad place for us to put users&lt;/p&gt;
</comment>
                            <comment id="16722388" author="bdeggleston" created="Sun, 16 Dec 2018 05:01:15 +0000"  >&lt;blockquote&gt;&lt;p&gt;&#8220;Repair smaller sub ranges to work around the fact that the default behavior is untenable&#8221; is a bad place for us to put users&lt;/p&gt;&lt;/blockquote&gt;

&lt;p&gt;You&#8217;re not wrong. Though the users this puts in a bad place seem to 1) be few and far between, and 2) seasoned C* operators. Inconveniencing them seems less bad than changing the default behavior of repair for everyone else (no offense). That said, I didn&#8217;t realize this was happening on small subranges. &lt;a href=&quot;https://issues.apache.org/jira/secure/ViewProfile.jspa?name=jolynch&quot; class=&quot;user-hover&quot; rel=&quot;jolynch&quot;&gt;jolynch&lt;/a&gt;, &lt;a href=&quot;https://issues.apache.org/jira/secure/ViewProfile.jspa?name=serhatd&quot; class=&quot;user-hover&quot; rel=&quot;serhatd&quot;&gt;serhatd&lt;/a&gt;, is this something you&apos;re seeing a lot of?&lt;/p&gt;

&lt;p&gt;I think my main concern is that adding logic to fit merkle trees into a max memory size seems overly fancy, especially for 3.x. Would adding a configurable max merkle tree depth be good enough?&lt;/p&gt;</comment>
                            <comment id="16722397" author="jolynch" created="Sun, 16 Dec 2018 05:44:08 +0000"  >&lt;blockquote&gt;&lt;p&gt;I think my main concern is that adding logic to fit merkle trees into a max memory size seems overly fancy, especially for 3.x. Would adding a configurable max merkle tree depth be good enough?&lt;/p&gt;&lt;/blockquote&gt;
&lt;p&gt;Sure that could&#160;fix it too, but I think users may not understand the implication of having a tree of depth 15 vs one of depth 20 (from what I can tell even experienced developers/operators don&apos;t understand the implications of having such a large tree resident in memory). If my math above is correct, wouldn&apos;t it be as easy as a function that we could thoroughly test, e.g.:&lt;/p&gt;
&lt;div class=&quot;preformatted panel&quot; style=&quot;border-width: 1px;&quot;&gt;&lt;div class=&quot;preformattedContent panelContent&quot;&gt;
&lt;pre&gt;static int estimatedMaxSizeForBytes(long numBytes)
{
    long adjustedBytes = Math.max(1, numBytes / 192);
    return Math.max(1, (int) Math.floor(Math.log(adjustedBytes) / Math.log(2)
}
&lt;/pre&gt;
&lt;/div&gt;&lt;/div&gt;
&lt;p&gt;Then when we allocate the trees we just take the memory budget given by the user, divide by the RF of the keyspace, and plug it into this formula. Then the advice we give to users who want very precise trees is &quot;give it more memory&quot;, which is a tradeoff I think&#160;users can actually make easily.&lt;/p&gt;
&lt;blockquote&gt;&lt;p&gt;That said, I didn&#8217;t realize this was happening on small subranges. Joseph Lynch, Serhat R&#305;fat Demircan, is this something you&apos;re seeing a lot of?&lt;/p&gt;&lt;/blockquote&gt;
&lt;p&gt;At least for us we only recently started moving clusters to 3.0 from 2.1 in production, and we are seeing&#160;OOMs&#160;on &lt;em&gt;all&lt;/em&gt; of the large dataset clusters that have to do parallel subranges to meet gc_grace. As a result we have had to disable parallel subrange and extend gc_grace as a workaround due to these very large Merkle trees (note these workloads worked fine on 2.1). Full range or single worker subrange isn&apos;t OOMing but still allocates 2GiB of heap and it is much slower naturally than our parallel subrange. To be frank, many of our large clusters simply can&apos;t repair on 3.0 fast enough whereas on 2.1 we could repair about 4-8x faster due to being able to do ranges in parallel. Since we have single tokens we can re-factor our algorithm to drift across the ring instead of doing one range faster, but that won&apos;t really work for vnode clusters and tbh is way more complex then just fixing this bug.&lt;/p&gt;

&lt;p&gt;We were just going to roll back the 3.0 sizing change internally, but I was hoping that I could do slightly more work and fix it for the community as well with an option&#160;users can easily configure. I&apos;m happy to do that if you have time to review.&lt;/p&gt;</comment>
                            <comment id="16722659" author="bdeggleston" created="Mon, 17 Dec 2018 03:41:27 +0000"  >&lt;p&gt;Specifying max depth is less elegant than specifying a max tree size, but I have a lot fewer concerns about it being implemented correctly, and the risk involved in putting it into 3.x. &lt;a href=&quot;https://issues.apache.org/jira/secure/ViewProfile.jspa?name=krummas&quot; class=&quot;user-hover&quot; rel=&quot;krummas&quot;&gt;krummas&lt;/a&gt;, what do you think?&lt;/p&gt;</comment>
                            <comment id="16722844" author="krummas" created="Mon, 17 Dec 2018 10:20:38 +0000"  >&lt;p&gt;&lt;a href=&quot;https://issues.apache.org/jira/secure/ViewProfile.jspa?name=bdeggleston&quot; class=&quot;user-hover&quot; rel=&quot;bdeggleston&quot;&gt;bdeggleston&lt;/a&gt; agreed, but taking RF in to account also makes sense;&lt;/p&gt;

&lt;p&gt;How about something like this for 3.0+3.11? And then do what &lt;a href=&quot;https://issues.apache.org/jira/secure/ViewProfile.jspa?name=jolynch&quot; class=&quot;user-hover&quot; rel=&quot;jolynch&quot;&gt;jolynch&lt;/a&gt; suggests in 4.0&lt;br/&gt;
1. make max depth configurable, default at 20&lt;br/&gt;
2. add a flag to factor in RF when calculating the depth, default off&lt;/p&gt;</comment>
                            <comment id="16723287" author="bdeggleston" created="Mon, 17 Dec 2018 19:26:25 +0000"  >&lt;p&gt;Seems reasonable. &lt;a href=&quot;https://issues.apache.org/jira/secure/ViewProfile.jspa?name=molsson&quot; class=&quot;user-hover&quot; rel=&quot;molsson&quot;&gt;molsson&lt;/a&gt;, we just expanded the scope and complexity of this ticket, do you still want to do it? If not, I (or &lt;a href=&quot;https://issues.apache.org/jira/secure/ViewProfile.jspa?name=jolynch&quot; class=&quot;user-hover&quot; rel=&quot;jolynch&quot;&gt;jolynch&lt;/a&gt; if he&apos;s interested) can take it.&lt;/p&gt;</comment>
                            <comment id="16724743" author="jolynch" created="Wed, 19 Dec 2018 07:24:03 +0000"  >&lt;p&gt;&lt;a href=&quot;https://issues.apache.org/jira/secure/ViewProfile.jspa?name=krummas&quot; class=&quot;user-hover&quot; rel=&quot;krummas&quot;&gt;krummas&lt;/a&gt; &lt;a href=&quot;https://issues.apache.org/jira/secure/ViewProfile.jspa?name=bdeggleston&quot; class=&quot;user-hover&quot; rel=&quot;bdeggleston&quot;&gt;bdeggleston&lt;/a&gt;&lt;/p&gt;

&lt;p&gt;I took a whack at Marcus&apos; suggestion to make max depth configurable (also a hot property) for 3.0+3.11 and then have a patch for trunk which limits the total memory used taking into account RF and the partitioner etc... Let me know what you guys think. I&apos;ll give it the 3.0 patch a spin in our clusters with max depth set to 16 to see if it alleviates the OOM issues.&lt;/p&gt;

&lt;p&gt;&#160;&lt;/p&gt;
&lt;div class=&apos;table-wrap&apos;&gt;
&lt;table class=&apos;confluenceTable&apos;&gt;&lt;tbody&gt;
&lt;tr&gt;
&lt;th class=&apos;confluenceTh&apos;&gt;3.0&lt;/th&gt;
&lt;th class=&apos;confluenceTh&apos;&gt;3.11&lt;/th&gt;
&lt;th class=&apos;confluenceTh&apos;&gt;trunk&lt;/th&gt;
&lt;/tr&gt;
&lt;tr&gt;
&lt;td class=&apos;confluenceTd&apos;&gt;&lt;a href=&quot;https://github.com/apache/cassandra/compare/cassandra-3.0...jolynch:CASSANDRA-14096-3.0&quot; class=&quot;external-link&quot; target=&quot;_blank&quot; rel=&quot;nofollow noopener&quot;&gt;patch&lt;/a&gt;&lt;/td&gt;
&lt;td class=&apos;confluenceTd&apos;&gt;&lt;a href=&quot;https://github.com/apache/cassandra/compare/cassandra-3.11...jolynch:CASSANDRA-14096-3.11&quot; class=&quot;external-link&quot; target=&quot;_blank&quot; rel=&quot;nofollow noopener&quot;&gt;patch&lt;/a&gt;&lt;/td&gt;
&lt;td class=&apos;confluenceTd&apos;&gt;&lt;a href=&quot;https://github.com/apache/cassandra/compare/trunk...jolynch:CASSANDRA-14096-trunk&quot; class=&quot;external-link&quot; target=&quot;_blank&quot; rel=&quot;nofollow noopener&quot;&gt;patch&lt;/a&gt;&lt;/td&gt;
&lt;/tr&gt;
&lt;tr&gt;
&lt;td class=&apos;confluenceTd&apos;&gt;&lt;a href=&quot;https://circleci.com/gh/jolynch/cassandra/tree/CASSANDRA-14096-3.0&quot; class=&quot;external-link&quot; target=&quot;_blank&quot; rel=&quot;nofollow noopener&quot;&gt;&lt;span class=&quot;image-wrap&quot; style=&quot;&quot;&gt;&lt;img src=&quot;https://circleci.com/gh/jolynch/cassandra/tree/CASSANDRA-14096-3.0.png?circle-token= 1102a59698d04899ec971dd36e925928f7b521f5&quot; style=&quot;border: 0px solid black&quot; /&gt;&lt;/span&gt;&lt;/a&gt;&lt;/td&gt;
&lt;td class=&apos;confluenceTd&apos;&gt;&lt;a href=&quot;https://circleci.com/gh/jolynch/cassandra/tree/CASSANDRA-14096-3.11&quot; class=&quot;external-link&quot; target=&quot;_blank&quot; rel=&quot;nofollow noopener&quot;&gt;&lt;span class=&quot;image-wrap&quot; style=&quot;&quot;&gt;&lt;img src=&quot;https://circleci.com/gh/jolynch/cassandra/tree/CASSANDRA-14096-3.11.png?circle-token= 1102a59698d04899ec971dd36e925928f7b521f5&quot; style=&quot;border: 0px solid black&quot; /&gt;&lt;/span&gt;&lt;/a&gt;&lt;/td&gt;
&lt;td class=&apos;confluenceTd&apos;&gt;&lt;a href=&quot;https://circleci.com/gh/jolynch/cassandra/tree/CASSANDRA-14096-trunk&quot; class=&quot;external-link&quot; target=&quot;_blank&quot; rel=&quot;nofollow noopener&quot;&gt;&lt;span class=&quot;image-wrap&quot; style=&quot;&quot;&gt;&lt;img src=&quot;https://circleci.com/gh/jolynch/cassandra/tree/CASSANDRA-14096-trunk.png?circle-token= 1102a59698d04899ec971dd36e925928f7b521f5&quot; style=&quot;border: 0px solid black&quot; /&gt;&lt;/span&gt;&lt;/a&gt;&lt;/td&gt;
&lt;/tr&gt;
&lt;/tbody&gt;&lt;/table&gt;
&lt;/div&gt;


&lt;p&gt;I&apos;ll run the single failed 3.11 unit test locally, and the trunk unit test that&apos;s failing is&#160;&lt;a href=&quot;https://issues.apache.org/jira/browse/CASSANDRA-14922&quot; title=&quot;In JVM dtests need to clean up after instance shutdown&quot; class=&quot;issue-link&quot; data-issue-key=&quot;CASSANDRA-14922&quot;&gt;&lt;del&gt;CASSANDRA-14922&lt;/del&gt;&lt;/a&gt;.&lt;/p&gt;

&lt;p&gt;I think that the tree size estimation logic is not &lt;a href=&quot;https://github.com/apache/cassandra/compare/trunk...jolynch:CASSANDRA-14096-trunk#diff-e657fd15ed537a2bf54a672b6b84afecR1182&quot; class=&quot;external-link&quot; target=&quot;_blank&quot; rel=&quot;nofollow noopener&quot;&gt;too complicated&lt;/a&gt;. Most of the patch is tests tbh including testing the range splitting adjustment introduced in &lt;a href=&quot;https://issues.apache.org/jira/browse/CASSANDRA-11390&quot; title=&quot;Too big MerkleTrees allocated during repair&quot; class=&quot;issue-link&quot; data-issue-key=&quot;CASSANDRA-11390&quot;&gt;&lt;del&gt;CASSANDRA-11390&lt;/del&gt;&lt;/a&gt; (&lt;a href=&quot;https://github.com/apache/cassandra/compare/trunk...jolynch:CASSANDRA-14096-trunk#diff-3f1f2846fe6fbee924c09edaf34753deR238&quot; class=&quot;external-link&quot; target=&quot;_blank&quot; rel=&quot;nofollow noopener&quot;&gt;1&lt;/a&gt;, &lt;a href=&quot;https://github.com/apache/cassandra/compare/trunk...jolynch:CASSANDRA-14096-trunk#diff-ec7f7df91e07f7bac10771e53e47d5f9R572&quot; class=&quot;external-link&quot; target=&quot;_blank&quot; rel=&quot;nofollow noopener&quot;&gt;2&lt;/a&gt;).&lt;/p&gt;

&lt;p&gt;&#160;&lt;/p&gt;</comment>
                            <comment id="16725551" author="jolynch" created="Thu, 20 Dec 2018 03:17:39 +0000"  >&lt;p&gt;I added a commit to the 3.0 and 3.11 branches which I think is the minimally invasive change I can make that will make sure that the &lt;tt&gt;SyncTasks&lt;/tt&gt; do not hold the merkle trees on heap longer than they need to. It&apos;s different than the way that trunk does it, but if I understand the trunk patch properly the tree differences will now be single threaded, which isn&apos;t that big a deal in a single token case (computing differences even with RF=15 would be a few seconds even on the largest trees) but in the vnode case it may hold the trees on heap for longer than we&apos;d like (as it&apos;s no longer RF merkle trees, it&apos;s RF * number of shared ranges merkle trees). I&apos;m tinkering with the patch to see if I can more or less backport the trunk strategy but still keep the difference calculations in parallel.&lt;/p&gt;

&lt;p&gt;With regards to the trunk patch, right now the max repair session size defaults to 1/8 of the heap, but this is actually quite a lot of memory given that each repair job could allocate up to this amount which would mean&#160;1/2 the heap could be used if someone used 4 job threads I believe.&#160;&lt;a href=&quot;https://issues.apache.org/jira/secure/ViewProfile.jspa?name=krummas&quot; class=&quot;user-hover&quot; rel=&quot;krummas&quot;&gt;krummas&lt;/a&gt; made a nice suggestion offline to somehow communicate the budget from the coordinator to the nodes running the validation, so I&apos;m seeing how hard that would be. If that&apos;s too tricky we could probably just lower the memory limit to 1/16 the heap and be happy knowing that even if you repair with 4 jobs you&apos;ll only allocate ~1/8 of the heap max.&lt;/p&gt;</comment>
                            <comment id="16725890" author="molsson" created="Thu, 20 Dec 2018 14:30:01 +0000"  >&lt;p&gt;&lt;a href=&quot;https://issues.apache.org/jira/secure/ViewProfile.jspa?name=bdeggleston&quot; class=&quot;user-hover&quot; rel=&quot;bdeggleston&quot;&gt;bdeggleston&lt;/a&gt; I was going to say that I think I&apos;ll have limited time for it in the coming weeks for it so it&apos;s good that &lt;a href=&quot;https://issues.apache.org/jira/secure/ViewProfile.jspa?name=jolynch&quot; class=&quot;user-hover&quot; rel=&quot;jolynch&quot;&gt;jolynch&lt;/a&gt; has already uploaded patches. I can try and take some time to do some review/testing on it.&lt;/p&gt;

&lt;p&gt;A few initial comments on the patches:&lt;/p&gt;
&lt;ul&gt;
	&lt;li&gt;I like the 3.0/3.11 approach of keeping the list and clearing it. It seems like the solution that would change behavior the least (except for the upside of not keeping the trees of course).&lt;/li&gt;
	&lt;li&gt;The flag for factoring in RF does not seem to be in the 3.x branches (should it?).&lt;/li&gt;
	&lt;li&gt;&lt;a href=&quot;https://github.com/apache/cassandra/compare/trunk...jolynch:CASSANDRA-14096-trunk#diff-b6397657542c94b41574354981a11843R69&quot; class=&quot;external-link&quot; target=&quot;_blank&quot; rel=&quot;nofollow noopener&quot;&gt;In 4.0&lt;/a&gt; the definition of &lt;em&gt;repair_session_max_tree_depth&lt;/em&gt; has effectively changed. Before the total size was divided over different trees based on &lt;b&gt;rangeOwningRatio&lt;/b&gt;. Now each tree can be up to &lt;em&gt;repair_session_max_tree_depth&lt;/em&gt;. Since we have the memory cap as well this is probably not a huge problem but was this an intended change?&lt;/li&gt;
&lt;/ul&gt;


&lt;p&gt;For &lt;em&gt;repair_session_space_in_mb&lt;/em&gt;: With &lt;b&gt;1/8&lt;/b&gt; and a heap of 8GB and rf = 3 the cap should effectively be defined by the max tree depth. The limit would kick in for heaps below ~4.8GB. With &lt;b&gt;1/16&lt;/b&gt; it would kick in on heaps below ~9GB, so 8GB heaps will have a minor change in behavior for rf = 3. I&apos;m not sure which heap size/rf is the most common but it would probably change the default tree depth on clusters with &lt;b&gt;rf &amp;gt; 3&lt;/b&gt;.&lt;/p&gt;
&lt;div class=&quot;code panel&quot; style=&quot;border-width: 1px;&quot;&gt;&lt;div class=&quot;codeContent panelContent&quot;&gt;
&lt;pre class=&quot;code-java&quot;&gt;
# rf = 3 and max tree depth of 20, 1/8 of heap &lt;span class=&quot;code-keyword&quot;&gt;for&lt;/span&gt; merkle trees
3 * 200MB = ~600MB # Coordinator tree sizes, holds &lt;span class=&quot;code-keyword&quot;&gt;true&lt;/span&gt; &lt;span class=&quot;code-keyword&quot;&gt;for&lt;/span&gt; both cases
600MB * 8 = ~4.8GB # Total heap size when the 1/8 memory limit would cap at 600MB

# rf = 3 and max tree depth of 20, 1/16 of heap &lt;span class=&quot;code-keyword&quot;&gt;for&lt;/span&gt; merkle trees
600MB * 16 = ~9.6GB # Total heap size when the 1/16 memory limit would cap at 600MB
&lt;/pre&gt;
&lt;/div&gt;&lt;/div&gt;

&lt;p&gt;While I&apos;m on the side of wanting to lower the default tree size caps (and effectively change the default behavior of repair) I get the feeling that the risks with over streaming is causing people to be cautious here. (Almost) regardless of what we choose as default here it might change behavior for someone, so unless I misunderstood the concern (i.e. if the concern is only for 3.x) we might have to make a decision:&lt;/p&gt;
&lt;ol&gt;
	&lt;li&gt;Set the default to total heap space (should be capped at the default max tree size, as it is today)&lt;/li&gt;
	&lt;li&gt;Set the default to x% of available heap (would change default behavior)&lt;/li&gt;
	&lt;li&gt;Other suggestions&lt;/li&gt;
&lt;/ol&gt;


&lt;p&gt;I would argue that the default tree depth should be a bit more on the safe side for new users. But then there is of course the other side with over streaming, so what is safe and not is a hard question to get an answer to. In general I get the feeling that the changes done to the merkle trees (cap at 20, correctly calculate the necessary depth) have made repair more unstable performance wise, which would suggest that lowering the default cap would be safer. But I might of course be missing the over streaming issues. So I&apos;m not going to push too much here to get lower defaults but I think that it might be good to take that into consideration at least for 4.0+, especially if we leave it configurable for the experienced users (with NEWS/upgrade entries).&lt;/p&gt;</comment>
                            <comment id="16726230" author="jolynch" created="Thu, 20 Dec 2018 21:26:08 +0000"  >&lt;p&gt;Thanks &lt;a href=&quot;https://issues.apache.org/jira/secure/ViewProfile.jspa?name=molsson&quot; class=&quot;user-hover&quot; rel=&quot;molsson&quot;&gt;molsson&lt;/a&gt; for the feedback! Let&apos;s see what Blake and the other Marcus think about the list+clear vs the trunk approach. I do think that tree calculations shouldn&apos;t be too slow, but if we&apos;re wrong 4.0 seems like the safer place to introduce that change.&lt;/p&gt;
&lt;blockquote&gt;&lt;p&gt;The flag for factoring in RF does not seem to be in the 3.x branches (should it?).&lt;/p&gt;&lt;/blockquote&gt;
&lt;p&gt;Hm, I&apos;m not sure how to incorporate the RF information without some form of the memory estimation as well. The current 3.0/3.11 algorithm of subtracting &lt;tt&gt;log_2(1 / ratio)&lt;/tt&gt; reduces the tree size but not by a particularly predictable quantity.&#160;&lt;/p&gt;
&lt;blockquote&gt;&lt;p&gt;Before the total size was divided over different trees based on rangeOwningRatio. Now each tree can be up to repair_session_max_tree_depth&lt;/p&gt;&lt;/blockquote&gt;
&lt;p&gt;For the trunk patch I split the memory cap up &lt;a href=&quot;https://github.com/apache/cassandra/commit/3f721b7c931c0e9e9b118c491930aa390df56afe#diff-b6397657542c94b41574354981a11843R66&quot; class=&quot;external-link&quot; target=&quot;_blank&quot; rel=&quot;nofollow noopener&quot;&gt;proportional to each range&lt;/a&gt; using the &lt;tt&gt;rangeOwningRatio&lt;/tt&gt;. So if you have 330MB to work with (after taking into account RF of 3 on a 8GB heap), and you have 4 ranges with (0.25, 0.5, 0.25, 0.25) of the partitions, then the ranges get (82MB, 165MB, 82MB, 82MB) of space each yielding trees of depth (18, 19, 18, 18) compared to the status quo where we would get &lt;tt&gt;20-log_2(1 / ratio)&lt;/tt&gt; which yields (18, 19, 18, 18).&lt;/p&gt;

&lt;p&gt;I agree with your analysis concerning 1/8 and rf=3, I chose 1/8 so that the trees would be roughly the same depth as they are today with 8GB heaps for RF=3. The main goal is to keep that memory usage fixed as RF grows to 6, 9 or 15.&lt;/p&gt;

&lt;p&gt;I don&apos;t understand your&#160;analysis for 1/16 heap though. The memory budget is reduced by &lt;a href=&quot;https://github.com/apache/cassandra/commit/3f721b7c931c0e9e9b118c491930aa390df56afe#diff-b6397657542c94b41574354981a11843R57&quot; class=&quot;external-link&quot; target=&quot;_blank&quot; rel=&quot;nofollow noopener&quot;&gt;RF&lt;/a&gt;&#160;in the trunk path, so with 1/16 of 8GiB and RF=3 a given validation compaction would not exceed &lt;tt&gt;8GiB / (48) = 170 MiB&lt;/tt&gt;&#160;which yields a tree of depth 19 so the coordinator would hold &lt;tt&gt;3 * 170 = ~512MiB&lt;/tt&gt; on heap which is slightly smaller than&#160;status quo. The main difference would be when you have RF=6 or 9 where the status quo allocates 1.1GiB and 1.7GiB respectively and a 1/16 default size would allocate a fixed ~512MiB.&lt;/p&gt;
&lt;blockquote&gt;&lt;p&gt;I would argue that the default tree depth should be a bit more on the safe side for new users. But then there is of course the other side with over streaming, so what is safe and not is a hard question to get an answer to. In general I get the feeling that the changes done to the merkle trees (cap at 20, correctly calculate the necessary depth) have made repair more unstable performance wise, which would suggest that lowering the default cap would be safer. But I might of course be missing the over streaming issues.&lt;/p&gt;&lt;/blockquote&gt;
&lt;p&gt;I personally feel strongly that the change in behavior to allow trees to go to depth 2^20 represents a regression in database stability for common configurations (RF=6 and 9 in particular) and we should be revert the default max depth to something closer to 18 in the 3.0+3.11 branch and&#160;with the&#160;configuration option (which is hot swappable) if someone really wants it to be 20 they can do that. I believe the correct solution to overstreaming has been in the past, and continues to be, to do subrange repair which allows us to spend the memory in a controlled fashion over time rather than having the larger range repairs use a lot of memory all at once. This is also, practically speaking, how most teams I know of&#160;are successfully repairing large datasets.&lt;/p&gt;
&lt;blockquote&gt;&lt;p&gt;So I&apos;m not going to push too much here to get lower defaults but I think that it might be good to take that into consideration at least for 4.0+, especially if we leave it configurable for the experienced users (with NEWS/upgrade entries).&lt;/p&gt;&lt;/blockquote&gt;
&lt;p&gt;If we do the memory budget in 4.0 I&apos;m less concerned about the max depth being 20, since the memory budget will protect high RF users. I do think though that at the point someone is hitting depths of 20 and encounter overstreaming they &lt;em&gt;really&lt;/em&gt; need to start doing subrange.&lt;/p&gt;</comment>
                            <comment id="16726404" author="jolynch" created="Fri, 21 Dec 2018 03:05:28 +0000"  >&lt;p&gt;Just put up an alternative 3.0 &lt;a href=&quot;https://github.com/apache/cassandra/compare/cassandra-3.0...jolynch:CASSANDRA-14096-3.0-trunk-backport&quot; class=&quot;external-link&quot; target=&quot;_blank&quot; rel=&quot;nofollow noopener&quot;&gt;patch&lt;/a&gt;&#160;which just backports the strategy used in trunk and still keeps the computation parallel by &lt;a href=&quot;https://github.com/apache/cassandra/compare/cassandra-3.0...jolynch:CASSANDRA-14096-3.0-trunk-backport#diff-1ec1e6dd403ead5e9e44a57a0702f79eR106&quot; class=&quot;external-link&quot; target=&quot;_blank&quot; rel=&quot;nofollow noopener&quot;&gt;transforming&lt;/a&gt; all of the &lt;tt&gt;TreeResponse&lt;/tt&gt; s into an intermediate &lt;tt&gt;TreeDifference&lt;/tt&gt; which then get&apos;s transformed into &lt;tt&gt;SyncStats&lt;/tt&gt;. This option is closer to what trunk does but also keeps the computation of trees parallel. I can of course just rip out the parallel part and just compute the differences on the single thread as well and it&apos;ll probably be fine.&lt;/p&gt;</comment>
                            <comment id="16726703" author="molsson" created="Fri, 21 Dec 2018 12:49:47 +0000"  >&lt;p&gt;No problem, thanks for driving this issue further.&lt;/p&gt;

&lt;blockquote&gt;&lt;p&gt;Hm, I&apos;m not sure how to incorporate the RF information without some form of the memory estimation as well. The current 3.0/3.11 algorithm of subtracting log_2(1 / ratio) reduces the tree size but not by a particularly predictable quantity.&lt;/p&gt;&lt;/blockquote&gt;

&lt;p&gt;I think it could be done by creating an adjusted range owning ratio.&lt;/p&gt;
&lt;div class=&quot;code panel&quot; style=&quot;border-width: 1px;&quot;&gt;&lt;div class=&quot;codeContent panelContent&quot;&gt;
&lt;pre class=&quot;code-java&quot;&gt;
&lt;span class=&quot;code-object&quot;&gt;double&lt;/span&gt; adjustedRangeOwningRatio = rangeOwningRatio / rf;
&lt;span class=&quot;code-object&quot;&gt;int&lt;/span&gt; maxDepth = adjustedRangeOwningRatio &amp;gt; 0 ? (&lt;span class=&quot;code-object&quot;&gt;int&lt;/span&gt;) &lt;span class=&quot;code-object&quot;&gt;Math&lt;/span&gt;.floor(DatabaseDescriptor.getRepairSessionMaxTreeDepth() - &lt;span class=&quot;code-object&quot;&gt;Math&lt;/span&gt;.log(1 / adjustedRangeOwningRatio) / &lt;span class=&quot;code-object&quot;&gt;Math&lt;/span&gt;.log(2)) : 0;
&lt;/pre&gt;
&lt;/div&gt;&lt;/div&gt;
&lt;p&gt;IIRC the max depth prior to this makes sure that locally allocated trees don&apos;t contain more nodes than a single tree of size 20. If we add the division by the replication factor here it should make each replica create merkle trees that when combined would not exceed one tree of size 20. So if we have a range which consists of 30% of the data and a replication factor of 3 it would say that locally we should not create a tree which exceeds 10% of the max tree. Even if we have a variance in data density per range between nodes it should even out between the different ranges as one node should not create merkle trees that combined exceeds 33% of the max tree. Basically I think this would extend the current limitation that is local node only to the whole cluster so that we don&apos;t allocate more than ~190MB for the coordinator.&lt;/p&gt;

&lt;blockquote&gt;&lt;p&gt;For the trunk patch I split the memory cap up proportional to each range using the rangeOwningRatio. So if you have 330MB to work with (after taking into account RF of 3 on a 8GB heap), and you have 4 ranges with (0.25, 0.5, 0.25, 0.25) of the partitions, then the ranges get (82MB, 165MB, 82MB, 82MB) of space each yielding trees of depth (18, 19, 18, 18) compared to the status quo where we would get 20-log_2(1 / ratio) which yields (18, 19, 18, 18).&lt;/p&gt;&lt;/blockquote&gt;

&lt;p&gt;That is true for the default settings but if memory limits are increased you could get a result of (20, 20, 20, 20) as the calculation for  &lt;em&gt;20-log_2(1 / ratio)&lt;/em&gt; &lt;a href=&quot;https://github.com/apache/cassandra/compare/trunk...jolynch:CASSANDRA-14096-trunk#diff-b6397657542c94b41574354981a11843R69&quot; class=&quot;external-link&quot; target=&quot;_blank&quot; rel=&quot;nofollow noopener&quot;&gt;was removed in the patch&lt;/a&gt;. Now the max tree depth is used as a static max depth for a single tree rather than a limit for all trees together.&lt;/p&gt;

&lt;blockquote&gt;&lt;p&gt;I don&apos;t understand your analysis for 1/16 heap though. The memory budget is reduced by RF in the trunk path, so with 1/16 of 8GiB and RF=3 a given validation compaction would not exceed 8GiB / (48) = 170 MiB which yields a tree of depth 19 so the coordinator would hold 3 * 170 = ~512MiB on heap which is slightly smaller than status quo. The main difference would be when you have RF=6 or 9 where the status quo allocates 1.1GiB and 1.7GiB respectively and a 1/16 default size would allocate a fixed ~512MiB.&lt;/p&gt;&lt;/blockquote&gt;

&lt;p&gt;I agree that it would change mostly for rf=6/9 and my main point was that the patch would change default repair behavior. I got the feeling that there was some caution regarding this from others in the community so I wanted to point out where we could expect the default behavior to change.&lt;/p&gt;</comment>
                            <comment id="16734661" author="jolynch" created="Fri, 4 Jan 2019 23:08:28 +0000"  >&lt;blockquote&gt;&lt;p&gt;I think it could be done by creating an adjusted range owning ratio.&lt;/p&gt;
&lt;div class=&quot;preformatted panel&quot; style=&quot;border-width: 1px;&quot;&gt;&lt;div class=&quot;preformattedContent panelContent&quot;&gt;
&lt;pre&gt;double adjustedRangeOwningRatio = rangeOwningRatio / rf;
int maxDepth = adjustedRangeOwningRatio &amp;gt; 0 ? (int) Math.floor(DatabaseDescriptor.getRepairSessionMaxTreeDepth() - Math.log(1 / adjustedRangeOwningRatio) / Math.log(2)) : 0;
&lt;/pre&gt;
&lt;/div&gt;&lt;/div&gt;&lt;/blockquote&gt;
&lt;p&gt;I think I&#160;see what you&apos;re saying, and I think that&apos;s a pretty safe optional change (we&apos;d default to off) for the 3.x series. Ok I added another commit on the &lt;a href=&quot;https://github.com/apache/cassandra/commit/20a9b32f620168657dcfa2e98b92db20e90deb52&quot; class=&quot;external-link&quot; target=&quot;_blank&quot; rel=&quot;nofollow noopener&quot;&gt;3.0&lt;/a&gt; and &lt;a href=&quot;https://github.com/apache/cassandra/commit/09a164b60cfb41cd3ae8c3d68fbe8169069a4cb8&quot; class=&quot;external-link&quot; target=&quot;_blank&quot; rel=&quot;nofollow noopener&quot;&gt;3.11&lt;/a&gt; branch which does this.&lt;/p&gt;
&lt;blockquote&gt;&lt;p&gt;That is true for the default settings but if memory limits are increased you could get a result of (20, 20, 20, 20) as the calculation for 20-log_2(1 / ratio) was removed in the patch. Now the max tree depth is used as a static max depth for a single tree rather than a limit for all trees together.&lt;/p&gt;&lt;/blockquote&gt;
&lt;p&gt;I&apos;m curious if we should even have the maximum depth option anymore in trunk once we have size limit as the memory usage is really the only thing that matters. If a user gives us 2GB of memory, we should (imo) calculate the most precise trees we can with 2GB. In the trunk patch, if my understanding is correct, the &lt;tt&gt;repair_session_space_in_mb&lt;/tt&gt; limit is the limit for all trees together across all replicas and all ranges participating in the repair session.&lt;/p&gt;</comment>
                            <comment id="16736520" author="jolynch" created="Tue, 8 Jan 2019 00:24:57 +0000"  >&lt;p&gt;I believe the remaining decision points are as follows:&lt;/p&gt;

&lt;p&gt;&lt;b&gt;3.0/3.11&lt;/b&gt;:&lt;/p&gt;
&lt;ol&gt;
	&lt;li&gt;Do we want to use the list+clear &lt;a href=&quot;https://github.com/apache/cassandra/commit/342921c54e463180171a4d64944acd54b5d97727&quot; class=&quot;external-link&quot; target=&quot;_blank&quot; rel=&quot;nofollow noopener&quot;&gt;approach&lt;/a&gt; or the trunk approach for clearing merkel tree differences. If we go with the trunk approach should we refactor to keep the calculation &lt;a href=&quot;https://github.com/apache/cassandra/commit/7c61e843a32c5e9b94ab9269432bd3b1f84cddd9&quot; class=&quot;external-link&quot; target=&quot;_blank&quot; rel=&quot;nofollow noopener&quot;&gt;parallel&lt;/a&gt;?&lt;/li&gt;
	&lt;li&gt;Do we introduce &lt;tt&gt;repair_session_account_for_rf&lt;/tt&gt; option that defaults to false?&lt;/li&gt;
	&lt;li&gt;Should we reduce the default max from 20 to something like 18?&lt;/li&gt;
&lt;/ol&gt;


&lt;p&gt;I think we should opt for the choices in 3.x that provide maximal stability (so list+clear, introduce the option and default to false, reduce to 18 as a compromise between the old 2^15 and new 2^20 depths). I think the reduction in max depth is a move towards stability because it seems to me from this ticket and discussion on irc [&lt;a href=&quot;https://wilderness.apache.org/channels/?f=cassandra-dev/2018-12-17&quot; class=&quot;external-link&quot; target=&quot;_blank&quot; rel=&quot;nofollow noopener&quot;&gt;1&lt;/a&gt;,&#160;&lt;a href=&quot;https://wilderness.apache.org/channels/?f=cassandra-dev/2018-12-18&quot; class=&quot;external-link&quot; target=&quot;_blank&quot; rel=&quot;nofollow noopener&quot;&gt;2&lt;/a&gt;]&#160;that as most users are upgrading to 3.0 they are having issues running repair and so I feel it is prudent to&#160;roll back slightly to the older, safer, defaults.&lt;/p&gt;

&lt;p&gt;&lt;b&gt;trunk&lt;/b&gt;:&lt;/p&gt;
&lt;ol&gt;
	&lt;li&gt;What should the default memory budget be. Currently it is 1/8 of the heap in the patch but 1/16 might be more reasonable.&lt;/li&gt;
	&lt;li&gt;Should trunk only have the &lt;tt&gt;repair_session_space_in_mb&lt;/tt&gt; or also support overriding the maximum tree depth to 20.&lt;/li&gt;
&lt;/ol&gt;


&lt;p&gt;I think we should default to a memory budget of 1/16 of the heap by default so that we have a &lt;em&gt;safe&lt;/em&gt; default that doesn&apos;t cause OOM when a user runs with the maximum &lt;tt&gt;&lt;a href=&quot;https://github.com/apache/cassandra/blob/06209037ea56b5a2a49615a99f1542d6ea1b2947/src/java/org/apache/cassandra/tools/nodetool/Repair.java#L86&quot; class=&quot;external-link&quot; target=&quot;_blank&quot; rel=&quot;nofollow noopener&quot;&gt;job_threads&lt;/a&gt;&lt;/tt&gt; of 4 (which would allocate 1/8 of the heap). We would very minorly reduce resolution for the most common setups (8GB heaps with RF=3 would get 2^19 instead of 2^20). For users that want higher resolution they can use subrange repair (correct but harder) or allocate more memory (incorrect but easier). Personally I think just having the memory option should be sufficient but having the max depth option present (commented out) and explaining clearly that if you want to give the trees more memory you may need to raise that max depth as well isn&apos;t that bad (and perhaps prevents really bad mistakes like allocating GiB of memory by accident).&lt;/p&gt;

&lt;p&gt;&lt;a href=&quot;https://issues.apache.org/jira/secure/ViewProfile.jspa?name=molsson&quot; class=&quot;user-hover&quot; rel=&quot;molsson&quot;&gt;molsson&lt;/a&gt;, &lt;a href=&quot;https://issues.apache.org/jira/secure/ViewProfile.jspa?name=krummas&quot; class=&quot;user-hover&quot; rel=&quot;krummas&quot;&gt;krummas&lt;/a&gt;, &lt;a href=&quot;https://issues.apache.org/jira/secure/ViewProfile.jspa?name=bdeggleston&quot; class=&quot;user-hover&quot; rel=&quot;bdeggleston&quot;&gt;bdeggleston&lt;/a&gt;. What do you think? If there is rough consensus I&apos;d like to commit to those choices and squash down the patches to move this forward.&lt;/p&gt;</comment>
                            <comment id="16737583" author="bdeggleston" created="Tue, 8 Jan 2019 22:07:04 +0000"  >&lt;p&gt;My 2 cents:&lt;/p&gt;

&lt;p&gt;&lt;b&gt;3.0/3.11&lt;/b&gt;&lt;/p&gt;
&lt;blockquote&gt;&lt;p&gt;Do we want to use the list+clear approach or the trunk approach for clearing merkel tree differences. If we go with the trunk approach should we refactor to keep the calculation parallel?&lt;/p&gt;&lt;/blockquote&gt;
&lt;p&gt;I&#8217;d prefer the trunk approach. Releasing the memory in the task adds mutable state to the task, and doing the calculations in the RepairJob didn&#8217;t seem terrible based on our offline back of the envelope calculations.&lt;/p&gt;
&lt;blockquote&gt;&lt;p&gt;Do we introduce repair_session_account_for_rf option that defaults to false?&lt;/p&gt;&lt;/blockquote&gt;
&lt;p&gt;I&#8217;m -0 on accounting for rf. I don&#8217;t think it adds a lot of value without a memory based calculation, but I don&#8217;t have a strong opinion here.&lt;/p&gt;
&lt;blockquote&gt;&lt;p&gt;Should we reduce the default max from 20 to something like 18?&lt;/p&gt;&lt;/blockquote&gt;
&lt;p&gt;I think so, yes.&lt;/p&gt;

&lt;p&gt;&lt;b&gt;trunk&lt;/b&gt;&lt;/p&gt;
&lt;blockquote&gt;&lt;p&gt;What should the default memory budget be. Currently it is 1/8 of the heap in the patch but 1/16 might be more reasonable.&lt;/p&gt;&lt;/blockquote&gt;
&lt;p&gt;Maybe 1/16, but not to exceed something like 80-100MB? This would&#160;prevent&#160;huge trees on nodes with large heaps, without&#160;consuming too much memory on nodes with small heaps&lt;/p&gt;
&lt;blockquote&gt;&lt;p&gt;Should trunk only have the repair_session_space_in_mb or also support overriding the maximum tree depth to 20.&lt;/p&gt;&lt;/blockquote&gt;
&lt;p&gt;If the max_depth option is in 3.x, we need to put it in trunk as well.&lt;/p&gt;</comment>
                            <comment id="16745269" author="molsson" created="Thu, 17 Jan 2019 16:32:23 +0000"  >&lt;p&gt;&lt;b&gt;3.0/3.11&lt;/b&gt;&lt;br/&gt;
1. I would prefer the trunk approach as well (non-parallel) as long as there is no dramatic performance regression.&lt;br/&gt;
2. I think this feature could be useful to avoid having to change the max tree depth when adding data centers (and extend current replication to it). But if we set the default values reasonably low it shouldn&apos;t be necessary. +0&lt;br/&gt;
3. +1 from me.&lt;/p&gt;

&lt;p&gt;&lt;b&gt;trunk&lt;/b&gt;&lt;br/&gt;
1. 1/16 sounds reasonable to me.&lt;br/&gt;
2. I think we should keep the option and align it with the default we choose for 3.x.&lt;/p&gt;</comment>
                            <comment id="16748596" author="jolynch" created="Tue, 22 Jan 2019 10:38:27 +0000"  >&lt;p&gt;Alright, it sounds like we have rough consensus that we should backport the trunk approach to handling the trees staying in memory, reduce the maximum depth to 18 by default, and we will not include the account for rf logic in the 3.x patchset (trunk does). For trunk it sounds like we keep the max depth option (default of 18) and default the max size to 1/16 the heap, whichever is smaller.&lt;/p&gt;

&lt;p&gt;I&apos;ve put up patches that I believe implement this consensus as well as cleaning up the syncing tasks at the end per the suggestion far up in the comments by Marcus Olsson so that we don&apos;t accumulate RF of them per table (even now that they&apos;re just holding the differences we probably shouldn&apos;t be holding onto them). I&apos;ve tried to add some basic unit tests of the RepairJob but it is somewhat hard to do without more refactoring of the RepairJob code since it&apos;s all so tightly coupled; I tried to walk the right line of refactoring for testability (sort of like Alex did in trunk) but not introduce too many changes ... but I can either remove the changes to make the diffs easier to check or I can try refactoring more to make unit testing more possible.&lt;/p&gt;

&lt;p&gt;Unit tests are running at:&lt;/p&gt;
&lt;div class=&apos;table-wrap&apos;&gt;
&lt;table class=&apos;confluenceTable&apos;&gt;&lt;tbody&gt;
&lt;tr&gt;
&lt;th class=&apos;confluenceTh&apos;&gt;3.0&lt;/th&gt;
&lt;th class=&apos;confluenceTh&apos;&gt;3.11&lt;/th&gt;
&lt;th class=&apos;confluenceTh&apos;&gt;trunk&lt;/th&gt;
&lt;/tr&gt;
&lt;tr&gt;
&lt;td class=&apos;confluenceTd&apos;&gt;&lt;a href=&quot;https://github.com/apache/cassandra/compare/cassandra-3.0...jolynch:CASSANDRA-14096-3.0-final&quot; class=&quot;external-link&quot; target=&quot;_blank&quot; rel=&quot;nofollow noopener&quot;&gt;patch&lt;/a&gt;&lt;/td&gt;
&lt;td class=&apos;confluenceTd&apos;&gt;&lt;a href=&quot;https://github.com/apache/cassandra/compare/cassandra-3.11...jolynch:CASSANDRA-14096-3.11-final&quot; class=&quot;external-link&quot; target=&quot;_blank&quot; rel=&quot;nofollow noopener&quot;&gt;patch&lt;/a&gt;&lt;/td&gt;
&lt;td class=&apos;confluenceTd&apos;&gt;&lt;a href=&quot;https://github.com/apache/cassandra/compare/trunk...jolynch:CASSANDRA-14096-trunk&quot; class=&quot;external-link&quot; target=&quot;_blank&quot; rel=&quot;nofollow noopener&quot;&gt;patch&lt;/a&gt;&lt;/td&gt;
&lt;/tr&gt;
&lt;tr&gt;
&lt;td class=&apos;confluenceTd&apos;&gt;&lt;a href=&quot;https://circleci.com/gh/jolynch/cassandra/tree/CASSANDRA-14096-3.0-final&quot; class=&quot;external-link&quot; target=&quot;_blank&quot; rel=&quot;nofollow noopener&quot;&gt;&lt;span class=&quot;image-wrap&quot; style=&quot;&quot;&gt;&lt;img src=&quot;https://circleci.com/gh/jolynch/cassandra/tree/CASSANDRA-14096-3.0-final.png?circle-token= 1102a59698d04899ec971dd36e925928f7b521f5&quot; style=&quot;border: 0px solid black&quot; /&gt;&lt;/span&gt;&lt;/a&gt;&lt;/td&gt;
&lt;td class=&apos;confluenceTd&apos;&gt;&lt;a href=&quot;https://circleci.com/gh/jolynch/cassandra/tree/CASSANDRA-14096-3.11-final&quot; class=&quot;external-link&quot; target=&quot;_blank&quot; rel=&quot;nofollow noopener&quot;&gt;&lt;span class=&quot;image-wrap&quot; style=&quot;&quot;&gt;&lt;img src=&quot;https://circleci.com/gh/jolynch/cassandra/tree/CASSANDRA-14096-3.11-final.png?circle-token= 1102a59698d04899ec971dd36e925928f7b521f5&quot; style=&quot;border: 0px solid black&quot; /&gt;&lt;/span&gt;&lt;/a&gt;&lt;/td&gt;
&lt;td class=&apos;confluenceTd&apos;&gt;&lt;a href=&quot;https://circleci.com/gh/jolynch/cassandra/tree/CASSANDRA-14096-trunk&quot; class=&quot;external-link&quot; target=&quot;_blank&quot; rel=&quot;nofollow noopener&quot;&gt;&lt;span class=&quot;image-wrap&quot; style=&quot;&quot;&gt;&lt;img src=&quot;https://circleci.com/gh/jolynch/cassandra/tree/CASSANDRA-14096-trunk.png?circle-token= 1102a59698d04899ec971dd36e925928f7b521f5&quot; style=&quot;border: 0px solid black&quot; /&gt;&lt;/span&gt;&lt;/a&gt;&lt;/td&gt;
&lt;/tr&gt;
&lt;/tbody&gt;&lt;/table&gt;
&lt;/div&gt;


&lt;p&gt;&lt;a href=&quot;https://issues.apache.org/jira/secure/ViewProfile.jspa?name=bdeggleston&quot; class=&quot;user-hover&quot; rel=&quot;bdeggleston&quot;&gt;bdeggleston&lt;/a&gt; let me know what you think, if you would like changes please let me know. If you are happy I&apos;ll squash them down to one commit for merging/testing. Once we&apos;re ready to squash I can give the&#160;3.0 change a test in my repro environment to see if it alleviates our sub-range stability issues.&lt;/p&gt;

&lt;p&gt;&#160;&lt;/p&gt;

&lt;p&gt;&#160;&lt;/p&gt;</comment>
                            <comment id="16755315" author="bdeggleston" created="Tue, 29 Jan 2019 19:22:12 +0000"  >&lt;p&gt;First round of feedback. Most of the 3.x stuff applies to the trunk patch as well.&lt;/p&gt;

&lt;p&gt;3.x patch:&lt;/p&gt;

&lt;p&gt;cassandra.yaml&lt;/p&gt;
&lt;ul&gt;
	&lt;li&gt;The comment here is pretty verbose. Something more concise like &quot;Limits the max merkle tree depth to avoid consuming too much memory during repair. The default is 18, set as low as 15 if you&apos;re running out of memory during repairs&quot; would be more easily digestable.&lt;/li&gt;
&lt;/ul&gt;


&lt;p&gt;DatabaseDescriptor&lt;/p&gt;
&lt;ul&gt;
	&lt;li&gt;validate that the max depth is something sensible (like at least &amp;gt; 10), and log a warning if it&apos;s too high (&amp;gt;20?).&lt;/li&gt;
	&lt;li&gt;regarding ConfigurationException message. &#8220;must be &amp;gt; 0&#8221; is more easily understood than &#8220;must be strictly positive&#8221;&lt;/li&gt;
&lt;/ul&gt;


&lt;p&gt;CompactionManager&lt;/p&gt;
&lt;ul&gt;
	&lt;li&gt;should add some additional min/maxing to prevent negative/zero max depths in extreme cases if the max depth is set really low&lt;/li&gt;
&lt;/ul&gt;


&lt;p&gt;RepairJob&lt;/p&gt;
&lt;ul&gt;
	&lt;li&gt;since the trees don&#8217;t escape &lt;tt&gt;createSyncTasks&lt;/tt&gt;, I don&#8217;t think we need to call &lt;tt&gt;removeSyncingTask&lt;/tt&gt; here (or have a comment in &lt;tt&gt;onFailure&lt;/tt&gt;)&lt;/li&gt;
&lt;/ul&gt;


&lt;p&gt;RepairSession&lt;/p&gt;
&lt;ul&gt;
	&lt;li&gt;class internals are overexposed for testing. Instead of making members package private, you could support your tests with some accessor methods &lt;tt&gt;getNumSyncTasks&lt;/tt&gt; / overridable protected methods &lt;tt&gt;createExecutor()&lt;/tt&gt;, etc.&lt;/li&gt;
&lt;/ul&gt;


&lt;p&gt;trunk:&lt;/p&gt;

&lt;p&gt;cassandra.yaml&lt;/p&gt;
&lt;ul&gt;
	&lt;li&gt;Let&#8217;s remove &lt;tt&gt;repair_session_max_tree_depth&lt;/tt&gt; as a commented out param in cassandra.yaml. Sorry my previous comment on this was vague. We do need to support yaml files with this param in them for back compat, but we should treat it as a deprecated config value. We should log a warning mentioning it&#8217;s deprecated on startup if the yaml file has it. Having 2 config params that achieve the same thing in different ways is confusing. This will also simplify the comment blurb.&lt;/li&gt;
&lt;/ul&gt;


&lt;p&gt;DatabaseDescriptor&lt;/p&gt;
&lt;ul&gt;
	&lt;li&gt;should log warning if max tree depth is configured.&lt;/li&gt;
&lt;/ul&gt;


&lt;p&gt;StorageService.&lt;/p&gt;
&lt;ul&gt;
	&lt;li&gt;I think the new jmx endpoints would make more sense be better on ActiveRepairServiceMBean?&lt;/li&gt;
&lt;/ul&gt;
</comment>
                            <comment id="16756541" author="jolynch" created="Wed, 30 Jan 2019 20:40:31 +0000"  >&lt;p&gt;Thanks for the feedback! I&apos;m working on implementing this but just a quick question:&lt;/p&gt;

&lt;blockquote&gt;
&lt;p&gt;RepairJob&lt;/p&gt;
&lt;ul&gt;
	&lt;li&gt;since the trees don&#8217;t escape&#160;&lt;tt&gt;createSyncTasks&lt;/tt&gt;, I don&#8217;t think we need to call&#160;&lt;tt&gt;removeSyncingTask&lt;/tt&gt;&#160;here (or have a comment in&#160;&lt;tt&gt;onFailure&lt;/tt&gt;)&lt;/li&gt;
&lt;/ul&gt;
&lt;/blockquote&gt;
&lt;p&gt;I agree that we don&apos;t need to remove them since the remote sync tasks are much smaller now (as they just hold the tree differences), and the ones that get removed here are only the empty ones that didn&apos;t have any differences, but isn&apos;t it good practice to remove them once they&apos;re done either way? I&apos;m&#160;thinking it might be a problem for keyspaces with many tables that are all fully consistent as we will have RF sync tasks held in that map per table. I suppose it&apos;s reasonable to just leave the empty ones since they&apos;re so small but I figured it would be better to be thorough. Trunk doesn&apos;t have this problem because we don&apos;t generate any sync task at all if there are no differences in trunk (I am hesitant to backport that change since I&apos;m not sure of the full context of that change).&lt;/p&gt;</comment>
                            <comment id="16756692" author="bdeggleston" created="Wed, 30 Jan 2019 23:51:35 +0000"  >&lt;p&gt;It&#8217;s just best to minimize changes when dealing with bug fix branches. This is a small change in behavior with a negligible benefit. Would this change actually cause any real problems? Probably not, but it takes longer to verify that than it does to just not change it.&lt;/p&gt;</comment>
                            <comment id="16756969" author="jolynch" created="Thu, 31 Jan 2019 07:35:56 +0000"  >&lt;p&gt;Ok, that makes sense. I&apos;ve pushed a commit to each branch that I believe takes into account your feedback:&lt;/p&gt;

&lt;div class=&apos;table-wrap&apos;&gt;
&lt;table class=&apos;confluenceTable&apos;&gt;&lt;tbody&gt;
&lt;tr&gt;
&lt;th class=&apos;confluenceTh&apos;&gt;3.0&lt;/th&gt;
&lt;th class=&apos;confluenceTh&apos;&gt;3.11&lt;/th&gt;
&lt;th class=&apos;confluenceTh&apos;&gt;trunk&lt;/th&gt;
&lt;/tr&gt;
&lt;tr&gt;
&lt;td class=&apos;confluenceTd&apos;&gt;&lt;a href=&quot;https://github.com/apache/cassandra/commit/26e5b2e68810e724c9f14321fd0f6ca43b66d08e&quot; class=&quot;external-link&quot; target=&quot;_blank&quot; rel=&quot;nofollow noopener&quot;&gt;26e5b2e6&lt;/a&gt;&lt;/td&gt;
&lt;td class=&apos;confluenceTd&apos;&gt;&lt;a href=&quot;https://github.com/apache/cassandra/commit/e139f5366f62ba17ac00794258270a82dc395345&quot; class=&quot;external-link&quot; target=&quot;_blank&quot; rel=&quot;nofollow noopener&quot;&gt;e139f536&lt;/a&gt;&lt;/td&gt;
&lt;td class=&apos;confluenceTd&apos;&gt;&lt;a href=&quot;https://github.com/apache/cassandra/commit/a1ab1f6a28c2e6ea98cc2c43a8cd5fa42edf2c06&quot; class=&quot;external-link&quot; target=&quot;_blank&quot; rel=&quot;nofollow noopener&quot;&gt;a1ab1f6a&lt;/a&gt;&lt;/td&gt;
&lt;/tr&gt;
&lt;/tbody&gt;&lt;/table&gt;
&lt;/div&gt;


&lt;p&gt;If the branches look good let me know and I will squash them down and add the NEWS/CHANGES entries.&lt;/p&gt;</comment>
                            <comment id="16757658" author="bdeggleston" created="Thu, 31 Jan 2019 19:29:41 +0000"  >&lt;p&gt;ok nearly there. Could you make the following changes and rebase each branch? I&apos;ll squash on commit.&lt;/p&gt;

&lt;p&gt;all branches:&lt;/p&gt;
&lt;ul&gt;
	&lt;li&gt;make jmx configurable Config members volatile&lt;/li&gt;
	&lt;li&gt;jmx methods should throw exceptions if they get invalid input (not just log warnings)&lt;br/&gt;
&#160;&lt;br/&gt;
3.x:&lt;/li&gt;
	&lt;li&gt;in RepairSession: syncingTasks.remove should be syncingTasks.get&lt;/li&gt;
	&lt;li&gt;there are extra parentheses in the ConfigurationException thrown in DatabaseDescriptor&lt;/li&gt;
&lt;/ul&gt;


&lt;p&gt;trunk:&lt;/p&gt;
&lt;ul&gt;
	&lt;li&gt;max depth code shouldn&#8217;t be removed (the only change should be the yaml changes, the Config changes, and warning that it&#8217;s deprecated on startup)&lt;/li&gt;
&lt;/ul&gt;
</comment>
                            <comment id="16758081" author="jolynch" created="Fri, 1 Feb 2019 08:20:12 +0000"  >&lt;p&gt;Awesome, I&apos;ve made the changes and pushed to all three branches. I can&apos;t edit this JIRA title so I didn&apos;t add the CHANGES entries (my understanding is that the Jira title, CHANGE entry, and commit title should all match) but I was thinking something like &quot;Reduce memory held by merkle trees during repair to prevent OOM (&lt;a href=&quot;https://issues.apache.org/jira/browse/CASSANDRA-14096&quot; title=&quot;Cassandra 3.11.1 Repair Causes Out of Memory&quot; class=&quot;issue-link&quot; data-issue-key=&quot;CASSANDRA-14096&quot;&gt;&lt;del&gt;CASSANDRA-14096&lt;/del&gt;&lt;/a&gt;)&quot; for the CHANGES entry?&lt;/p&gt;

&lt;p&gt;If you want to do the squash I&apos;ve left the original branches as is but rebased on top of latest:&lt;/p&gt;
&lt;div class=&apos;table-wrap&apos;&gt;
&lt;table class=&apos;confluenceTable&apos;&gt;&lt;tbody&gt;
&lt;tr&gt;
&lt;th class=&apos;confluenceTh&apos;&gt;3.0&lt;/th&gt;
&lt;th class=&apos;confluenceTh&apos;&gt;3.11&lt;/th&gt;
&lt;th class=&apos;confluenceTh&apos;&gt;trunk&lt;/th&gt;
&lt;/tr&gt;
&lt;tr&gt;
&lt;td class=&apos;confluenceTd&apos;&gt;&lt;a href=&quot;https://github.com/apache/cassandra/compare/cassandra-3.0...jolynch:CASSANDRA-14096-3.0-final&quot; class=&quot;external-link&quot; target=&quot;_blank&quot; rel=&quot;nofollow noopener&quot;&gt;patch&lt;/a&gt;&lt;/td&gt;
&lt;td class=&apos;confluenceTd&apos;&gt;&lt;a href=&quot;https://github.com/apache/cassandra/compare/cassandra-3.11...jolynch:CASSANDRA-14096-3.11-final&quot; class=&quot;external-link&quot; target=&quot;_blank&quot; rel=&quot;nofollow noopener&quot;&gt;patch&lt;/a&gt;&lt;/td&gt;
&lt;td class=&apos;confluenceTd&apos;&gt;&lt;a href=&quot;https://github.com/apache/cassandra/compare/trunk...jolynch:CASSANDRA-14096-trunk&quot; class=&quot;external-link&quot; target=&quot;_blank&quot; rel=&quot;nofollow noopener&quot;&gt;patch&lt;/a&gt;&lt;/td&gt;
&lt;/tr&gt;
&lt;tr&gt;
&lt;td class=&apos;confluenceTd&apos;&gt;&lt;a href=&quot;https://circleci.com/gh/jolynch/cassandra/tree/CASSANDRA-14096-3.0-final&quot; class=&quot;external-link&quot; target=&quot;_blank&quot; rel=&quot;nofollow noopener&quot;&gt;&lt;span class=&quot;image-wrap&quot; style=&quot;&quot;&gt;&lt;img src=&quot;https://circleci.com/gh/jolynch/cassandra/tree/CASSANDRA-14096-3.0-final.png?circle-token= 1102a59698d04899ec971dd36e925928f7b521f5&quot; style=&quot;border: 0px solid black&quot; /&gt;&lt;/span&gt;&lt;/a&gt;&lt;/td&gt;
&lt;td class=&apos;confluenceTd&apos;&gt;&lt;a href=&quot;https://circleci.com/gh/jolynch/cassandra/tree/CASSANDRA-14096-3.11-final&quot; class=&quot;external-link&quot; target=&quot;_blank&quot; rel=&quot;nofollow noopener&quot;&gt;&lt;span class=&quot;image-wrap&quot; style=&quot;&quot;&gt;&lt;img src=&quot;https://circleci.com/gh/jolynch/cassandra/tree/CASSANDRA-14096-3.11-final.png?circle-token= 1102a59698d04899ec971dd36e925928f7b521f5&quot; style=&quot;border: 0px solid black&quot; /&gt;&lt;/span&gt;&lt;/a&gt;&lt;/td&gt;
&lt;td class=&apos;confluenceTd&apos;&gt;&lt;a href=&quot;https://circleci.com/gh/jolynch/cassandra/tree/CASSANDRA-14096-trunk&quot; class=&quot;external-link&quot; target=&quot;_blank&quot; rel=&quot;nofollow noopener&quot;&gt;&lt;span class=&quot;image-wrap&quot; style=&quot;&quot;&gt;&lt;img src=&quot;https://circleci.com/gh/jolynch/cassandra/tree/CASSANDRA-14096-trunk.png?circle-token= 1102a59698d04899ec971dd36e925928f7b521f5&quot; style=&quot;border: 0px solid black&quot; /&gt;&lt;/span&gt;&lt;/a&gt;&lt;/td&gt;
&lt;/tr&gt;
&lt;/tbody&gt;&lt;/table&gt;
&lt;/div&gt;


&lt;p&gt;I&apos;ve also created rebase/squashed&#160;commits for running the dtests you could cherry-pick if you prefer:&lt;/p&gt;
&lt;div class=&apos;table-wrap&apos;&gt;
&lt;table class=&apos;confluenceTable&apos;&gt;&lt;tbody&gt;
&lt;tr&gt;
&lt;th class=&apos;confluenceTh&apos;&gt;3.0&lt;/th&gt;
&lt;th class=&apos;confluenceTh&apos;&gt;3.11&lt;/th&gt;
&lt;th class=&apos;confluenceTh&apos;&gt;trunk&lt;/th&gt;
&lt;/tr&gt;
&lt;tr&gt;
&lt;td class=&apos;confluenceTd&apos;&gt;&lt;a href=&quot;https://github.com/apache/cassandra/commit/e633d6bc9dca621ea7ac7a8a5d7675c93baee66d&quot; class=&quot;external-link&quot; target=&quot;_blank&quot; rel=&quot;nofollow noopener&quot;&gt;e633d6bc&lt;/a&gt;&lt;/td&gt;
&lt;td class=&apos;confluenceTd&apos;&gt;&lt;a href=&quot;https://github.com/apache/cassandra/commit/9c227ac251536339c080897aabbdcd7c650ae526&quot; class=&quot;external-link&quot; target=&quot;_blank&quot; rel=&quot;nofollow noopener&quot;&gt;9c227ac2&lt;/a&gt;&lt;/td&gt;
&lt;td class=&apos;confluenceTd&apos;&gt;&lt;a href=&quot;https://github.com/apache/cassandra/commit/bd58a4c062d0adb97bb3afac75687959bf103d4d&quot; class=&quot;external-link&quot; target=&quot;_blank&quot; rel=&quot;nofollow noopener&quot;&gt;bd58a4c0&lt;/a&gt;&lt;/td&gt;
&lt;/tr&gt;
&lt;tr&gt;
&lt;td class=&apos;confluenceTd&apos;&gt;&lt;a href=&quot;https://github.com/apache/cassandra/compare/cassandra-3.0...jolynch:CASSANDRA-14096-3.0-squash&quot; class=&quot;external-link&quot; target=&quot;_blank&quot; rel=&quot;nofollow noopener&quot;&gt;branch&lt;/a&gt;&lt;/td&gt;
&lt;td class=&apos;confluenceTd&apos;&gt;&lt;a href=&quot;https://github.com/apache/cassandra/compare/cassandra-3.11...jolynch:CASSANDRA-14096-3.11-squash&quot; class=&quot;external-link&quot; target=&quot;_blank&quot; rel=&quot;nofollow noopener&quot;&gt;branch&lt;/a&gt;&lt;/td&gt;
&lt;td class=&apos;confluenceTd&apos;&gt;&lt;a href=&quot;https://github.com/apache/cassandra/compare/trunk...jolynch:CASSANDRA-14096-trunk-squash&quot; class=&quot;external-link&quot; target=&quot;_blank&quot; rel=&quot;nofollow noopener&quot;&gt;branch&lt;/a&gt;&lt;/td&gt;
&lt;/tr&gt;
&lt;tr&gt;
&lt;td class=&apos;confluenceTd&apos;&gt;dtests:&#160;&lt;a href=&quot;https://circleci.com/gh/jolynch/cassandra/tree/CASSANDRA-14096-3.0-squash&quot; class=&quot;external-link&quot; target=&quot;_blank&quot; rel=&quot;nofollow noopener&quot;&gt;&lt;span class=&quot;image-wrap&quot; style=&quot;&quot;&gt;&lt;img src=&quot;https://circleci.com/gh/jolynch/cassandra/tree/CASSANDRA-14096-3.0-squash.png?circle-token= 1102a59698d04899ec971dd36e925928f7b521f5&quot; style=&quot;border: 0px solid black&quot; /&gt;&lt;/span&gt;&lt;/a&gt;&lt;/td&gt;
&lt;td class=&apos;confluenceTd&apos;&gt;dtests:&#160;&lt;a href=&quot;https://circleci.com/gh/jolynch/cassandra/tree/CASSANDRA-14096-3.11-squash&quot; class=&quot;external-link&quot; target=&quot;_blank&quot; rel=&quot;nofollow noopener&quot;&gt;&lt;span class=&quot;image-wrap&quot; style=&quot;&quot;&gt;&lt;img src=&quot;https://circleci.com/gh/jolynch/cassandra/tree/CASSANDRA-14096-3.11-squash.png?circle-token= 1102a59698d04899ec971dd36e925928f7b521f5&quot; style=&quot;border: 0px solid black&quot; /&gt;&lt;/span&gt;&lt;/a&gt;&lt;/td&gt;
&lt;td class=&apos;confluenceTd&apos;&gt;dtest:&#160;&lt;a href=&quot;https://circleci.com/gh/jolynch/cassandra/tree/CASSANDRA-14096-trunk-squash&quot; class=&quot;external-link&quot; target=&quot;_blank&quot; rel=&quot;nofollow noopener&quot;&gt;&lt;span class=&quot;image-wrap&quot; style=&quot;&quot;&gt;&lt;img src=&quot;https://circleci.com/gh/jolynch/cassandra/tree/CASSANDRA-14096-trunk-squash.png?circle-token= 1102a59698d04899ec971dd36e925928f7b521f5&quot; style=&quot;border: 0px solid black&quot; /&gt;&lt;/span&gt;&lt;/a&gt;&lt;/td&gt;
&lt;/tr&gt;
&lt;/tbody&gt;&lt;/table&gt;
&lt;/div&gt;


&lt;p&gt;&lt;b&gt;Test Failures:&lt;/b&gt;&lt;/p&gt;

&lt;p&gt;trunk unit tests:&lt;/p&gt;
&lt;ul&gt;
	&lt;li&gt;&lt;tt&gt;PagingTest&lt;/tt&gt;: Unrelated, I posted a patch that fixes this on &lt;a href=&quot;https://issues.apache.org/jira/browse/CASSANDRA-14956&quot; title=&quot;Paged Range Slice queries with DISTINCT can drop rows from results&quot; class=&quot;issue-link&quot; data-issue-key=&quot;CASSANDRA-14956&quot;&gt;&lt;del&gt;CASSANDRA-14956&lt;/del&gt;&lt;/a&gt;&lt;/li&gt;
	&lt;li&gt;&lt;tt&gt;PendingAntiCompactionBytemanTest#testExceptionAnticompaction&lt;/tt&gt;: Pretty sure this is a flake, and the dtest+unit test run is fully green.&lt;/li&gt;
	&lt;li&gt;&lt;tt&gt;DistributedReadWritePathTest#readRepairTest&lt;/tt&gt;: I believe this is &lt;a href=&quot;https://issues.apache.org/jira/browse/CASSANDRA-14922&quot; title=&quot;In JVM dtests need to clean up after instance shutdown&quot; class=&quot;issue-link&quot; data-issue-key=&quot;CASSANDRA-14922&quot;&gt;&lt;del&gt;CASSANDRA-14922&lt;/del&gt;&lt;/a&gt;, debugging that separately&lt;/li&gt;
&lt;/ul&gt;


&lt;p&gt;3.x dtests:&lt;/p&gt;
&lt;ul&gt;
	&lt;li&gt;&lt;tt&gt;thrift_hsha_test.TestThriftHSHA#test_closing_connections&lt;/tt&gt;: Doesn&apos;t appear related&lt;/li&gt;
	&lt;li&gt;&lt;tt&gt;materialized_views_test.TestMaterializedViews#test_interrupt_build_process&lt;/tt&gt;: Doesn&apos;t appear related&lt;br/&gt;
 &#160;&lt;/li&gt;
&lt;/ul&gt;
</comment>
                            <comment id="16768726" author="bdeggleston" created="Thu, 14 Feb 2019 21:29:23 +0000"  >&lt;p&gt;commited to 3.0 as &lt;a href=&quot;https://github.com/apache/cassandra/commit/b30c8c98a594a5682f6ea1f0b5511463b700b6e8&quot; class=&quot;external-link&quot; target=&quot;_blank&quot; rel=&quot;nofollow noopener&quot;&gt;b30c8c98a594a5682f6ea1f0b5511463b700b6e8&lt;/a&gt; and merged up to trunk. Thanks &lt;a href=&quot;https://issues.apache.org/jira/secure/ViewProfile.jspa?name=jolynch&quot; class=&quot;user-hover&quot; rel=&quot;jolynch&quot;&gt;jolynch&lt;/a&gt;&lt;/p&gt;</comment>
                            <comment id="16794613" author="jjirsa" created="Sun, 17 Mar 2019 23:29:54 +0000"  >&lt;p&gt;&lt;a href=&quot;https://issues.apache.org/jira/secure/ViewProfile.jspa?name=bdeggleston&quot; class=&quot;user-hover&quot; rel=&quot;bdeggleston&quot;&gt;bdeggleston&lt;/a&gt; / &lt;a href=&quot;https://issues.apache.org/jira/secure/ViewProfile.jspa?name=jolynch&quot; class=&quot;user-hover&quot; rel=&quot;jolynch&quot;&gt;jolynch&lt;/a&gt; - can one of you set fix versions?&lt;/p&gt;</comment>
                    </comments>
                <issuelinks>
                            <issuelinktype id="10030">
                    <name>Reference</name>
                                            <outwardlinks description="relates to">
                                        <issuelink>
            <issuekey id="13566522">CASSANDRA-19336</issuekey>
        </issuelink>
                            </outwardlinks>
                                                        </issuelinktype>
                    </issuelinks>
                <attachments>
                            <attachment id="12930399" name="CASSANDRA-14096-3.0.patch" size="3316" author="molsson" created="Thu, 5 Jul 2018 14:07:29 +0000"/>
                            <attachment id="12951908" name="Merkle_On_Heap_Sizes.png" size="179354" author="jolynch" created="Sat, 15 Dec 2018 20:08:08 +0000"/>
                            <attachment id="12951877" name="Repair_Retaining_Merkel_Trees.png" size="123080" author="jolynch" created="Sat, 15 Dec 2018 02:43:37 +0000"/>
                            <attachment id="12951875" name="Trees_Retained_SyncingTasks.png" size="121951" author="jolynch" created="Sat, 15 Dec 2018 02:43:36 +0000"/>
                    </attachments>
                <subtasks>
                    </subtasks>
                <customfields>
                                                                            <customfield id="customfield_12310310" key="com.atlassian.jira.toolkit:attachments">
                        <customfieldname>Attachment count</customfieldname>
                        <customfieldvalues>
                            <customfieldvalue>4.0</customfieldvalue>
                        </customfieldvalues>
                    </customfield>
                                                                <customfield id="customfield_12313920" key="com.atlassian.jira.plugin.system.customfieldtypes:multiuserpicker">
                        <customfieldname>Authors</customfieldname>
                        <customfieldvalues>
                                    <customfieldvalue><![CDATA[molsson]]></customfieldvalue>
    
                        </customfieldvalues>
                    </customfield>
                                                                                                                                                                                                                                                                                                                                                                                                                                                                                                                                                                                                                                                                            <customfield id="customfield_12314020" key="com.atlassian.jira.plugins.jira-development-integration-plugin:devsummary">
                        <customfieldname>Development</customfieldname>
                        <customfieldvalues>
                            
                        </customfieldvalues>
                    </customfield>
                                                                                                                        <customfield id="customfield_12313422" key="com.atlassian.jirafisheyeplugin:jobcheckbox">
                        <customfieldname>Enable Automatic Patch Review</customfieldname>
                        <customfieldvalues>
                            <customfieldvalue><![CDATA[false]]></customfieldvalue>

                        </customfieldvalues>
                    </customfield>
                                                                                                                                                                                                                                                                                                                                                                                                                                                                                                                                                                                                                                                <customfield id="customfield_12310420" key="com.pyxis.greenhopper.jira:gh-global-rank">
                        <customfieldname>Global Rank</customfieldname>
                        <customfieldvalues>
                            <customfieldvalue>9223372036854775807</customfieldvalue>
                        </customfieldvalues>
                    </customfield>
                                                                                                                                                                                                                                                                    <customfield id="customfield_12312521" key="com.atlassian.jira.toolkit:LastCommentDate">
                        <customfieldname>Last public comment date</customfieldname>
                        <customfieldvalues>
                            6 years, 35 weeks, 1 day ago
                        </customfieldvalues>
                    </customfield>
                                                                                                                                                                                                                                                                                                                            <customfield id="customfield_12311820" key="com.pyxis.greenhopper.jira:gh-lexo-rank">
                        <customfieldname>Rank</customfieldname>
                        <customfieldvalues>
                            <customfieldvalue>0|i3njdb:</customfieldvalue>

                        </customfieldvalues>
                    </customfield>
                                                                <customfield id="customfield_12310920" key="com.pyxis.greenhopper.jira:gh-global-rank">
                        <customfieldname>Rank (Obsolete)</customfieldname>
                        <customfieldvalues>
                            <customfieldvalue>9223372036854775807</customfieldvalue>
                        </customfieldvalues>
                    </customfield>
                                                                                                                                                                                                                                        <customfield id="customfield_10022" key="com.atlassian.jira.plugin.system.customfieldtypes:userpicker">
                        <customfieldname>Reviewer</customfieldname>
                        <customfieldvalues>
                            <customfieldvalue>bdeggleston</customfieldvalue>

                        </customfieldvalues>
                    </customfield>
                                                                                            <customfield id="customfield_12313420" key="com.atlassian.jira.plugin.system.customfieldtypes:multiuserpicker">
                        <customfieldname>Reviewers</customfieldname>
                        <customfieldvalues>
                                    <customfieldvalue><![CDATA[bdeggleston]]></customfieldvalue>
    
                        </customfieldvalues>
                    </customfield>
                                                                                            <customfield id="customfield_12313820" key="com.atlassian.jira.plugin.system.customfieldtypes:select">
                        <customfieldname>Severity</customfieldname>
                        <customfieldvalues>
                                <customfieldvalue key="12963"><![CDATA[Critical]]></customfieldvalue>

                        </customfieldvalues>
                    </customfield>
                                                                                                                                                                                                                                                                                                                                                                                                                                                                                                                                                                                                                    </customfields>
    </item>
</channel>
</rss>